Archive member included to satisfy reference by file (symbol)

c:/progra~1/gcc-arm-none-eabi-10.3-2021.10/bin/../lib/gcc/arm-none-eabi/10.3.1/thumb/v7e-m/nofp\libgcc.a(_arm_mulsf3.o)
                              CMakeFiles/demo_SPI_SD_Card.elf.dir/Drivers/LCD_240_280/Src/lcd.c.obj (__aeabi_fmul)
c:/progra~1/gcc-arm-none-eabi-10.3-2021.10/bin/../lib/gcc/arm-none-eabi/10.3.1/thumb/v7e-m/nofp\libgcc.a(_arm_cmpsf2.o)
                              CMakeFiles/demo_SPI_SD_Card.elf.dir/Drivers/LCD_240_280/Src/lcd.c.obj (__aeabi_fcmpge)
c:/progra~1/gcc-arm-none-eabi-10.3-2021.10/bin/../lib/gcc/arm-none-eabi/10.3.1/thumb/v7e-m/nofp\libgcc.a(_arm_fixunssfsi.o)
                              CMakeFiles/demo_SPI_SD_Card.elf.dir/Drivers/LCD_240_280/Src/lcd.c.obj (__aeabi_f2uiz)
c:/progra~1/gcc-arm-none-eabi-10.3-2021.10/bin/../lib/gcc/arm-none-eabi/10.3.1/thumb/v7e-m/nofp\libgcc.a(_aeabi_uldivmod.o)
                              CMakeFiles/demo_SPI_SD_Card.elf.dir/Drivers/STM32L4xx_HAL_Driver/Src/stm32l4xx_hal_uart.c.obj (__aeabi_uldivmod)
c:/progra~1/gcc-arm-none-eabi-10.3-2021.10/bin/../lib/gcc/arm-none-eabi/10.3.1/thumb/v7e-m/nofp\libgcc.a(_udivmoddi4.o)
                              c:/progra~1/gcc-arm-none-eabi-10.3-2021.10/bin/../lib/gcc/arm-none-eabi/10.3.1/thumb/v7e-m/nofp\libgcc.a(_aeabi_uldivmod.o) (__udivmoddi4)
c:/progra~1/gcc-arm-none-eabi-10.3-2021.10/bin/../lib/gcc/arm-none-eabi/10.3.1/thumb/v7e-m/nofp\libgcc.a(_dvmd_tls.o)
                              c:/progra~1/gcc-arm-none-eabi-10.3-2021.10/bin/../lib/gcc/arm-none-eabi/10.3.1/thumb/v7e-m/nofp\libgcc.a(_aeabi_uldivmod.o) (__aeabi_ldiv0)
c:/progra~1/gcc-arm-none-eabi-10.3-2021.10/bin/../lib/gcc/arm-none-eabi/10.3.1/../../../../arm-none-eabi/lib/thumb/v7e-m/nofp\libg.a(lib_a-errno.o)
                              CMakeFiles/demo_SPI_SD_Card.elf.dir/Core/Src/syscalls.c.obj (__errno)
c:/progra~1/gcc-arm-none-eabi-10.3-2021.10/bin/../lib/gcc/arm-none-eabi/10.3.1/../../../../arm-none-eabi/lib/thumb/v7e-m/nofp\libg.a(lib_a-exit.o)
                              c:/progra~1/gcc-arm-none-eabi-10.3-2021.10/bin/../lib/gcc/arm-none-eabi/10.3.1/../../../../arm-none-eabi/lib/thumb/v7e-m/nofp/crt0.o (exit)
c:/progra~1/gcc-arm-none-eabi-10.3-2021.10/bin/../lib/gcc/arm-none-eabi/10.3.1/../../../../arm-none-eabi/lib/thumb/v7e-m/nofp\libg.a(lib_a-impure.o)
                              c:/progra~1/gcc-arm-none-eabi-10.3-2021.10/bin/../lib/gcc/arm-none-eabi/10.3.1/../../../../arm-none-eabi/lib/thumb/v7e-m/nofp\libg.a(lib_a-exit.o) (_global_impure_ptr)
c:/progra~1/gcc-arm-none-eabi-10.3-2021.10/bin/../lib/gcc/arm-none-eabi/10.3.1/../../../../arm-none-eabi/lib/thumb/v7e-m/nofp\libg.a(lib_a-init.o)
                              c:/progra~1/gcc-arm-none-eabi-10.3-2021.10/bin/../lib/gcc/arm-none-eabi/10.3.1/../../../../arm-none-eabi/lib/thumb/v7e-m/nofp/crt0.o (__libc_init_array)
c:/progra~1/gcc-arm-none-eabi-10.3-2021.10/bin/../lib/gcc/arm-none-eabi/10.3.1/../../../../arm-none-eabi/lib/thumb/v7e-m/nofp\libg.a(lib_a-memset.o)
                              c:/progra~1/gcc-arm-none-eabi-10.3-2021.10/bin/../lib/gcc/arm-none-eabi/10.3.1/../../../../arm-none-eabi/lib/thumb/v7e-m/nofp/crt0.o (memset)
c:/progra~1/gcc-arm-none-eabi-10.3-2021.10/bin/../lib/gcc/arm-none-eabi/10.3.1/../../../../arm-none-eabi/lib/thumb/v7e-m/nofp\libg.a(lib_a-__call_atexit.o)
                              c:/progra~1/gcc-arm-none-eabi-10.3-2021.10/bin/../lib/gcc/arm-none-eabi/10.3.1/../../../../arm-none-eabi/lib/thumb/v7e-m/nofp\libg.a(lib_a-exit.o) (__call_exitprocs)
c:/progra~1/gcc-arm-none-eabi-10.3-2021.10/bin/../lib/gcc/arm-none-eabi/10.3.1/../../../../arm-none-eabi/lib/thumb/v7e-m/nofp\libg.a(lib_a-atexit.o)
                              c:/progra~1/gcc-arm-none-eabi-10.3-2021.10/bin/../lib/gcc/arm-none-eabi/10.3.1/../../../../arm-none-eabi/lib/thumb/v7e-m/nofp\libg.a(lib_a-__call_atexit.o) (atexit)
c:/progra~1/gcc-arm-none-eabi-10.3-2021.10/bin/../lib/gcc/arm-none-eabi/10.3.1/../../../../arm-none-eabi/lib/thumb/v7e-m/nofp\libg.a(lib_a-fini.o)
                              c:/progra~1/gcc-arm-none-eabi-10.3-2021.10/bin/../lib/gcc/arm-none-eabi/10.3.1/../../../../arm-none-eabi/lib/thumb/v7e-m/nofp\libg.a(lib_a-__call_atexit.o) (__libc_fini_array)
c:/progra~1/gcc-arm-none-eabi-10.3-2021.10/bin/../lib/gcc/arm-none-eabi/10.3.1/../../../../arm-none-eabi/lib/thumb/v7e-m/nofp\libg.a(lib_a-lock.o)
                              c:/progra~1/gcc-arm-none-eabi-10.3-2021.10/bin/../lib/gcc/arm-none-eabi/10.3.1/../../../../arm-none-eabi/lib/thumb/v7e-m/nofp\libg.a(lib_a-__call_atexit.o) (__retarget_lock_acquire_recursive)
c:/progra~1/gcc-arm-none-eabi-10.3-2021.10/bin/../lib/gcc/arm-none-eabi/10.3.1/../../../../arm-none-eabi/lib/thumb/v7e-m/nofp\libg.a(lib_a-__atexit.o)
                              c:/progra~1/gcc-arm-none-eabi-10.3-2021.10/bin/../lib/gcc/arm-none-eabi/10.3.1/../../../../arm-none-eabi/lib/thumb/v7e-m/nofp\libg.a(lib_a-atexit.o) (__register_exitproc)

Discarded input sections

[...]
Memory Configuration

Name             Origin             Length             Attributes
RAM              0x20000000         0x00018000         xrw
RAM2             0x10000000         0x00008000         xrw
FLASH            0x08000000         0x00100000         xr
*default*        0x00000000         0xffffffff

Linker script and memory map

LOAD c:/progra~1/gcc-arm-none-eabi-10.3-2021.10/bin/../lib/gcc/arm-none-eabi/10.3.1/thumb/v7e-m/nofp/crti.o
LOAD c:/progra~1/gcc-arm-none-eabi-10.3-2021.10/bin/../lib/gcc/arm-none-eabi/10.3.1/thumb/v7e-m/nofp/crtbegin.o
LOAD c:/progra~1/gcc-arm-none-eabi-10.3-2021.10/bin/../lib/gcc/arm-none-eabi/10.3.1/../../../../arm-none-eabi/lib/thumb/v7e-m/nofp/crt0.o
LOAD CMakeFiles/demo_SPI_SD_Card.elf.dir/Core/Src/gpio.c.obj
LOAD CMakeFiles/demo_SPI_SD_Card.elf.dir/Core/Src/main.c.obj
LOAD CMakeFiles/demo_SPI_SD_Card.elf.dir/Core/Src/spi.c.obj
LOAD CMakeFiles/demo_SPI_SD_Card.elf.dir/Core/Src/stm32l4xx_hal_msp.c.obj
LOAD CMakeFiles/demo_SPI_SD_Card.elf.dir/Core/Src/stm32l4xx_it.c.obj
LOAD CMakeFiles/demo_SPI_SD_Card.elf.dir/Core/Src/syscalls.c.obj
LOAD CMakeFiles/demo_SPI_SD_Card.elf.dir/Core/Src/sysmem.c.obj
LOAD CMakeFiles/demo_SPI_SD_Card.elf.dir/Core/Src/system_stm32l4xx.c.obj
LOAD CMakeFiles/demo_SPI_SD_Card.elf.dir/Core/Src/usart.c.obj
LOAD CMakeFiles/demo_SPI_SD_Card.elf.dir/Core/Startup/startup_stm32l476rgtx.s.obj
LOAD CMakeFiles/demo_SPI_SD_Card.elf.dir/Drivers/LCD_240_280/Src/lcd.c.obj
LOAD CMakeFiles/demo_SPI_SD_Card.elf.dir/Drivers/LCD_240_280/Src/lcd_interface.c.obj
LOAD CMakeFiles/demo_SPI_SD_Card.elf.dir/Drivers/SD_Driver/Src/sd.c.obj
LOAD CMakeFiles/demo_SPI_SD_Card.elf.dir/Drivers/SD_Driver/Src/sd_interface.c.obj
LOAD CMakeFiles/demo_SPI_SD_Card.elf.dir/Drivers/STM32L4xx_HAL_Driver/Src/stm32l4xx_hal.c.obj
LOAD CMakeFiles/demo_SPI_SD_Card.elf.dir/Drivers/STM32L4xx_HAL_Driver/Src/stm32l4xx_hal_cortex.c.obj
LOAD CMakeFiles/demo_SPI_SD_Card.elf.dir/Drivers/STM32L4xx_HAL_Driver/Src/stm32l4xx_hal_dma.c.obj
LOAD CMakeFiles/demo_SPI_SD_Card.elf.dir/Drivers/STM32L4xx_HAL_Driver/Src/stm32l4xx_hal_dma_ex.c.obj
LOAD CMakeFiles/demo_SPI_SD_Card.elf.dir/Drivers/STM32L4xx_HAL_Driver/Src/stm32l4xx_hal_exti.c.obj
LOAD CMakeFiles/demo_SPI_SD_Card.elf.dir/Drivers/STM32L4xx_HAL_Driver/Src/stm32l4xx_hal_flash.c.obj
LOAD CMakeFiles/demo_SPI_SD_Card.elf.dir/Drivers/STM32L4xx_HAL_Driver/Src/stm32l4xx_hal_flash_ex.c.obj
LOAD CMakeFiles/demo_SPI_SD_Card.elf.dir/Drivers/STM32L4xx_HAL_Driver/Src/stm32l4xx_hal_flash_ramfunc.c.obj
LOAD CMakeFiles/demo_SPI_SD_Card.elf.dir/Drivers/STM32L4xx_HAL_Driver/Src/stm32l4xx_hal_gpio.c.obj
LOAD CMakeFiles/demo_SPI_SD_Card.elf.dir/Drivers/STM32L4xx_HAL_Driver/Src/stm32l4xx_hal_pwr.c.obj
LOAD CMakeFiles/demo_SPI_SD_Card.elf.dir/Drivers/STM32L4xx_HAL_Driver/Src/stm32l4xx_hal_pwr_ex.c.obj
LOAD CMakeFiles/demo_SPI_SD_Card.elf.dir/Drivers/STM32L4xx_HAL_Driver/Src/stm32l4xx_hal_rcc.c.obj
LOAD CMakeFiles/demo_SPI_SD_Card.elf.dir/Drivers/STM32L4xx_HAL_Driver/Src/stm32l4xx_hal_rcc_ex.c.obj
LOAD CMakeFiles/demo_SPI_SD_Card.elf.dir/Drivers/STM32L4xx_HAL_Driver/Src/stm32l4xx_hal_spi.c.obj
LOAD CMakeFiles/demo_SPI_SD_Card.elf.dir/Drivers/STM32L4xx_HAL_Driver/Src/stm32l4xx_hal_spi_ex.c.obj
LOAD CMakeFiles/demo_SPI_SD_Card.elf.dir/Drivers/STM32L4xx_HAL_Driver/Src/stm32l4xx_hal_tim.c.obj
LOAD CMakeFiles/demo_SPI_SD_Card.elf.dir/Drivers/STM32L4xx_HAL_Driver/Src/stm32l4xx_hal_tim_ex.c.obj
LOAD CMakeFiles/demo_SPI_SD_Card.elf.dir/Drivers/STM32L4xx_HAL_Driver/Src/stm32l4xx_hal_uart.c.obj
LOAD CMakeFiles/demo_SPI_SD_Card.elf.dir/Drivers/STM32L4xx_HAL_Driver/Src/stm32l4xx_hal_uart_ex.c.obj
LOAD CMakeFiles/demo_SPI_SD_Card.elf.dir/FATFS/App/fatfs.c.obj
LOAD CMakeFiles/demo_SPI_SD_Card.elf.dir/FATFS/Target/user_diskio.c.obj
LOAD CMakeFiles/demo_SPI_SD_Card.elf.dir/Middlewares/Third_Party/FatFs/src/diskio.c.obj
LOAD CMakeFiles/demo_SPI_SD_Card.elf.dir/Middlewares/Third_Party/FatFs/src/ff.c.obj
LOAD CMakeFiles/demo_SPI_SD_Card.elf.dir/Middlewares/Third_Party/FatFs/src/ff_gen_drv.c.obj
LOAD CMakeFiles/demo_SPI_SD_Card.elf.dir/Middlewares/Third_Party/FatFs/src/option/cc936.c.obj
LOAD CMakeFiles/demo_SPI_SD_Card.elf.dir/Middlewares/Third_Party/FatFs/src/option/syscall.c.obj
START GROUP
LOAD c:/progra~1/gcc-arm-none-eabi-10.3-2021.10/bin/../lib/gcc/arm-none-eabi/10.3.1/thumb/v7e-m/nofp\libgcc.a
LOAD c:/progra~1/gcc-arm-none-eabi-10.3-2021.10/bin/../lib/gcc/arm-none-eabi/10.3.1/../../../../arm-none-eabi/lib/thumb/v7e-m/nofp\libg.a
LOAD c:/progra~1/gcc-arm-none-eabi-10.3-2021.10/bin/../lib/gcc/arm-none-eabi/10.3.1/../../../../arm-none-eabi/lib/thumb/v7e-m/nofp\libc.a
END GROUP
LOAD c:/progra~1/gcc-arm-none-eabi-10.3-2021.10/bin/../lib/gcc/arm-none-eabi/10.3.1/thumb/v7e-m/nofp/crtend.o
LOAD c:/progra~1/gcc-arm-none-eabi-10.3-2021.10/bin/../lib/gcc/arm-none-eabi/10.3.1/thumb/v7e-m/nofp/crtn.o
                0x20018000                _estack = (ORIGIN (RAM) + LENGTH (RAM))
                0x00000200                _Min_Heap_Size = 0x200
                0x00001000                _Min_Stack_Size = 0x1000

.isr_vector     0x08000000      0x188
                0x08000000                . = ALIGN (0x4)
 *(.isr_vector)
 .isr_vector    0x08000000      0x188 CMakeFiles/demo_SPI_SD_Card.elf.dir/Core/Startup/startup_stm32l476rgtx.s.obj
                0x08000000                g_pfnVectors
                0x08000188                . = ALIGN (0x4)

.text           0x08000188     0x3a44
                0x08000188                . = ALIGN (0x4)
 *(.text)
 .text          0x08000188       0x40 c:/progra~1/gcc-arm-none-eabi-10.3-2021.10/bin/../lib/gcc/arm-none-eabi/10.3.1/thumb/v7e-m/nofp/crtbegin.o
 .text          0x080001c8       0x30 c:/progra~1/gcc-arm-none-eabi-10.3-2021.10/bin/../lib/gcc/arm-none-eabi/10.3.1/thumb/v7e-m/nofp\libgcc.a(_aeabi_uldivmod.o)
                0x080001c8                __aeabi_uldivmod
 .text          0x080001f8      0x2d0 c:/progra~1/gcc-arm-none-eabi-10.3-2021.10/bin/../lib/gcc/arm-none-eabi/10.3.1/thumb/v7e-m/nofp\libgcc.a(_udivmoddi4.o)
                0x080001f8                __udivmoddi4
 .text          0x080004c8        0x4 c:/progra~1/gcc-arm-none-eabi-10.3-2021.10/bin/../lib/gcc/arm-none-eabi/10.3.1/thumb/v7e-m/nofp\libgcc.a(_dvmd_tls.o)
                0x080004c8                __aeabi_idiv0
                0x080004c8                __aeabi_ldiv0
 *(.text*)
 .text.MX_GPIO_Init
                0x080004cc       0x80 CMakeFiles/demo_SPI_SD_Card.elf.dir/Core/Src/gpio.c.obj
                0x080004cc                MX_GPIO_Init
 .text.Error_Handler
                0x0800054c        0x4 CMakeFiles/demo_SPI_SD_Card.elf.dir/Core/Src/main.c.obj
                0x0800054c                Error_Handler
 .text.SystemClock_Config
                0x08000550       0x7a CMakeFiles/demo_SPI_SD_Card.elf.dir/Core/Src/main.c.obj
                0x08000550                SystemClock_Config
 *fill*         0x080005ca        0x2 
 .text.main     0x080005cc      0x170 CMakeFiles/demo_SPI_SD_Card.elf.dir/Core/Src/main.c.obj
                0x080005cc                main
 .text.MX_SPI1_Init
                0x0800073c       0x4c CMakeFiles/demo_SPI_SD_Card.elf.dir/Core/Src/spi.c.obj
                0x0800073c                MX_SPI1_Init
 .text.MX_SPI3_Init
                0x08000788       0x50 CMakeFiles/demo_SPI_SD_Card.elf.dir/Core/Src/spi.c.obj
                0x08000788                MX_SPI3_Init
 .text.HAL_SPI_MspInit
                0x080007d8       0xb8 CMakeFiles/demo_SPI_SD_Card.elf.dir/Core/Src/spi.c.obj
                0x080007d8                HAL_SPI_MspInit
 .text.SD_SPI3_Init
                0x08000890       0x4c CMakeFiles/demo_SPI_SD_Card.elf.dir/Core/Src/spi.c.obj
                0x08000890                SD_SPI3_Init
 .text.HAL_MspInit
                0x080008dc       0x30 CMakeFiles/demo_SPI_SD_Card.elf.dir/Core/Src/stm32l4xx_hal_msp.c.obj
                0x080008dc                HAL_MspInit
 .text.NMI_Handler
                0x0800090c        0x2 CMakeFiles/demo_SPI_SD_Card.elf.dir/Core/Src/stm32l4xx_it.c.obj
                0x0800090c                NMI_Handler
 .text.HardFault_Handler
                0x0800090e        0x2 CMakeFiles/demo_SPI_SD_Card.elf.dir/Core/Src/stm32l4xx_it.c.obj
                0x0800090e                HardFault_Handler
 .text.MemManage_Handler
                0x08000910        0x2 CMakeFiles/demo_SPI_SD_Card.elf.dir/Core/Src/stm32l4xx_it.c.obj
                0x08000910                MemManage_Handler
 .text.BusFault_Handler
                0x08000912        0x2 CMakeFiles/demo_SPI_SD_Card.elf.dir/Core/Src/stm32l4xx_it.c.obj
                0x08000912                BusFault_Handler
 .text.UsageFault_Handler
                0x08000914        0x2 CMakeFiles/demo_SPI_SD_Card.elf.dir/Core/Src/stm32l4xx_it.c.obj
                0x08000914                UsageFault_Handler
 .text.SVC_Handler
                0x08000916        0x2 CMakeFiles/demo_SPI_SD_Card.elf.dir/Core/Src/stm32l4xx_it.c.obj
                0x08000916                SVC_Handler
 .text.DebugMon_Handler
                0x08000918        0x2 CMakeFiles/demo_SPI_SD_Card.elf.dir/Core/Src/stm32l4xx_it.c.obj
                0x08000918                DebugMon_Handler
 .text.PendSV_Handler
                0x0800091a        0x2 CMakeFiles/demo_SPI_SD_Card.elf.dir/Core/Src/stm32l4xx_it.c.obj
                0x0800091a                PendSV_Handler
 .text.SysTick_Handler
                0x0800091c        0x8 CMakeFiles/demo_SPI_SD_Card.elf.dir/Core/Src/stm32l4xx_it.c.obj
                0x0800091c                SysTick_Handler
 .text.SystemInit
                0x08000924        0x2 CMakeFiles/demo_SPI_SD_Card.elf.dir/Core/Src/system_stm32l4xx.c.obj
                0x08000924                SystemInit
 *fill*         0x08000926        0x2 
 .text.MX_USART2_UART_Init
                0x08000928       0x38 CMakeFiles/demo_SPI_SD_Card.elf.dir/Core/Src/usart.c.obj
                0x08000928                MX_USART2_UART_Init
 .text.HAL_UART_MspInit
                0x08000960       0x88 CMakeFiles/demo_SPI_SD_Card.elf.dir/Core/Src/usart.c.obj
                0x08000960                HAL_UART_MspInit
 .text.Reset_Handler
                0x080009e8       0x50 CMakeFiles/demo_SPI_SD_Card.elf.dir/Core/Startup/startup_stm32l476rgtx.s.obj
                0x080009e8                Reset_Handler
 .text.Default_Handler
                0x08000a38        0x2 CMakeFiles/demo_SPI_SD_Card.elf.dir/Core/Startup/startup_stm32l476rgtx.s.obj
                0x08000a38                RTC_Alarm_IRQHandler
                0x08000a38                EXTI2_IRQHandler
                0x08000a38                TIM8_TRG_COM_IRQHandler
                0x08000a38                TIM8_CC_IRQHandler
                0x08000a38                TIM1_CC_IRQHandler
                0x08000a38                TSC_IRQHandler
                0x08000a38                TAMP_STAMP_IRQHandler
                0x08000a38                EXTI3_IRQHandler
                0x08000a38                LPTIM2_IRQHandler
                0x08000a38                DFSDM1_FLT1_IRQHandler
                0x08000a38                I2C3_ER_IRQHandler
                0x08000a38                DFSDM1_FLT2_IRQHandler
                0x08000a38                EXTI0_IRQHandler
                0x08000a38                I2C2_EV_IRQHandler
                0x08000a38                CAN1_RX0_IRQHandler
                0x08000a38                FPU_IRQHandler
                0x08000a38                TIM1_UP_TIM16_IRQHandler
                0x08000a38                ADC1_2_IRQHandler
                0x08000a38                SPI1_IRQHandler
                0x08000a38                TIM6_DAC_IRQHandler
                0x08000a38                TIM8_UP_IRQHandler
                0x08000a38                DMA2_Channel2_IRQHandler
                0x08000a38                DMA1_Channel4_IRQHandler
                0x08000a38                SAI2_IRQHandler
                0x08000a38                DFSDM1_FLT3_IRQHandler
                0x08000a38                USART3_IRQHandler
                0x08000a38                DMA1_Channel7_IRQHandler
                0x08000a38                CAN1_RX1_IRQHandler
                0x08000a38                LCD_IRQHandler
                0x08000a38                UART5_IRQHandler
                0x08000a38                ADC3_IRQHandler
                0x08000a38                TIM4_IRQHandler
                0x08000a38                DMA2_Channel1_IRQHandler
                0x08000a38                QUADSPI_IRQHandler
                0x08000a38                I2C1_EV_IRQHandler
                0x08000a38                DMA1_Channel6_IRQHandler
                0x08000a38                UART4_IRQHandler
                0x08000a38                DMA2_Channel4_IRQHandler
                0x08000a38                TIM3_IRQHandler
                0x08000a38                RCC_IRQHandler
                0x08000a38                DMA1_Channel1_IRQHandler
                0x08000a38                Default_Handler
                0x08000a38                DMA2_Channel7_IRQHandler
                0x08000a38                EXTI15_10_IRQHandler
                0x08000a38                TIM7_IRQHandler
                0x08000a38                SDMMC1_IRQHandler
                0x08000a38                TIM5_IRQHandler
                0x08000a38                I2C3_EV_IRQHandler
                0x08000a38                EXTI9_5_IRQHandler
                0x08000a38                RTC_WKUP_IRQHandler
                0x08000a38                PVD_PVM_IRQHandler
                0x08000a38                SPI2_IRQHandler
                0x08000a38                CAN1_TX_IRQHandler
                0x08000a38                DMA2_Channel5_IRQHandler
                0x08000a38                DMA1_Channel5_IRQHandler
                0x08000a38                EXTI4_IRQHandler
                0x08000a38                RNG_IRQHandler
                0x08000a38                TIM1_TRG_COM_TIM17_IRQHandler
                0x08000a38                DMA1_Channel3_IRQHandler
                0x08000a38                COMP_IRQHandler
                0x08000a38                WWDG_IRQHandler
                0x08000a38                LPUART1_IRQHandler
                0x08000a38                DMA2_Channel6_IRQHandler
                0x08000a38                TIM2_IRQHandler
                0x08000a38                EXTI1_IRQHandler
                0x08000a38                USART2_IRQHandler
                0x08000a38                DFSDM1_FLT0_IRQHandler
                0x08000a38                I2C2_ER_IRQHandler
                0x08000a38                DMA1_Channel2_IRQHandler
                0x08000a38                TIM8_BRK_IRQHandler
                0x08000a38                CAN1_SCE_IRQHandler
                0x08000a38                FLASH_IRQHandler
                0x08000a38                USART1_IRQHandler
                0x08000a38                OTG_FS_IRQHandler
                0x08000a38                SPI3_IRQHandler
                0x08000a38                I2C1_ER_IRQHandler
                0x08000a38                FMC_IRQHandler
                0x08000a38                SWPMI1_IRQHandler
                0x08000a38                LPTIM1_IRQHandler
                0x08000a38                SAI1_IRQHandler
                0x08000a38                DMA2_Channel3_IRQHandler
                0x08000a38                TIM1_BRK_TIM15_IRQHandler
 .text.LCD_Write8BitData
                0x08000a3a        0x8 CMakeFiles/demo_SPI_SD_Card.elf.dir/Drivers/LCD_240_280/Src/lcd.c.obj
                0x08000a3a                LCD_Write8BitData
 .text.LCD_Write16BitData
                0x08000a42        0x8 CMakeFiles/demo_SPI_SD_Card.elf.dir/Drivers/LCD_240_280/Src/lcd.c.obj
                0x08000a42                LCD_Write16BitData
 .text.LCD_WriteCommand
                0x08000a4a       0x14 CMakeFiles/demo_SPI_SD_Card.elf.dir/Drivers/LCD_240_280/Src/lcd.c.obj
                0x08000a4a                LCD_WriteCommand
 .text.LCD_Delayms
                0x08000a5e        0x8 CMakeFiles/demo_SPI_SD_Card.elf.dir/Drivers/LCD_240_280/Src/lcd.c.obj
                0x08000a5e                LCD_Delayms
 .text.LCD_Address_Set
                0x08000a66       0x3e CMakeFiles/demo_SPI_SD_Card.elf.dir/Drivers/LCD_240_280/Src/lcd.c.obj
                0x08000a66                LCD_Address_Set
 .text.LCD_Fill
                0x08000aa4       0x3c CMakeFiles/demo_SPI_SD_Card.elf.dir/Drivers/LCD_240_280/Src/lcd.c.obj
                0x08000aa4                LCD_Fill
 .text.LCD_DrawPoint
                0x08000ae0       0x14 CMakeFiles/demo_SPI_SD_Card.elf.dir/Drivers/LCD_240_280/Src/lcd.c.obj
                0x08000ae0                LCD_DrawPoint
 .text.LCD_ShowChar
                0x08000af4      0x140 CMakeFiles/demo_SPI_SD_Card.elf.dir/Drivers/LCD_240_280/Src/lcd.c.obj
                0x08000af4                LCD_ShowChar
 .text.LCD_ShowString
                0x08000c34       0x44 CMakeFiles/demo_SPI_SD_Card.elf.dir/Drivers/LCD_240_280/Src/lcd.c.obj
                0x08000c34                LCD_ShowString
 .text.mypow    0x08000c78       0x16 CMakeFiles/demo_SPI_SD_Card.elf.dir/Drivers/LCD_240_280/Src/lcd.c.obj
                0x08000c78                mypow
 *fill*         0x08000c8e        0x2 
 .text.LCD_ShowHexNum
                0x08000c90       0xac CMakeFiles/demo_SPI_SD_Card.elf.dir/Drivers/LCD_240_280/Src/lcd.c.obj
                0x08000c90                LCD_ShowHexNum
 .text.LCD_ShowIntNum
                0x08000d3c       0xac CMakeFiles/demo_SPI_SD_Card.elf.dir/Drivers/LCD_240_280/Src/lcd.c.obj
                0x08000d3c                LCD_ShowIntNum
 .text.LCD_Init
                0x08000de8      0x19e CMakeFiles/demo_SPI_SD_Card.elf.dir/Drivers/LCD_240_280/Src/lcd.c.obj
                0x08000de8                LCD_Init
 *fill*         0x08000f86        0x2 
 .text.lcd_interface_gpio_init
                0x08000f88       0xc8 CMakeFiles/demo_SPI_SD_Card.elf.dir/Drivers/LCD_240_280/Src/lcd_interface.c.obj
                0x08000f88                lcd_interface_gpio_init
 .text.lcd_interface_delayms
                0x08001050        0x8 CMakeFiles/demo_SPI_SD_Card.elf.dir/Drivers/LCD_240_280/Src/lcd_interface.c.obj
                0x08001050                lcd_interface_delayms
 .text.lcd_interface_res_clr
                0x08001058       0x12 CMakeFiles/demo_SPI_SD_Card.elf.dir/Drivers/LCD_240_280/Src/lcd_interface.c.obj
                0x08001058                lcd_interface_res_clr
 .text.lcd_interface_res_set
                0x0800106a       0x12 CMakeFiles/demo_SPI_SD_Card.elf.dir/Drivers/LCD_240_280/Src/lcd_interface.c.obj
                0x0800106a                lcd_interface_res_set
 .text.lcd_interface_dc_lcr
                0x0800107c       0x14 CMakeFiles/demo_SPI_SD_Card.elf.dir/Drivers/LCD_240_280/Src/lcd_interface.c.obj
                0x0800107c                lcd_interface_dc_lcr
 .text.lcd_interface_dc_set
                0x08001090       0x14 CMakeFiles/demo_SPI_SD_Card.elf.dir/Drivers/LCD_240_280/Src/lcd_interface.c.obj
                0x08001090                lcd_interface_dc_set
 .text.lcd_interface_cs_clr
                0x080010a4       0x14 CMakeFiles/demo_SPI_SD_Card.elf.dir/Drivers/LCD_240_280/Src/lcd_interface.c.obj
                0x080010a4                lcd_interface_cs_clr
 .text.lcd_interface_cs_set
                0x080010b8       0x14 CMakeFiles/demo_SPI_SD_Card.elf.dir/Drivers/LCD_240_280/Src/lcd_interface.c.obj
                0x080010b8                lcd_interface_cs_set
 .text.lcd_interface_write_8bit_data
                0x080010cc       0x28 CMakeFiles/demo_SPI_SD_Card.elf.dir/Drivers/LCD_240_280/Src/lcd_interface.c.obj
                0x080010cc                lcd_interface_write_8bit_data
 .text.lcd_interface_write_16bit_data
                0x080010f4       0x2c CMakeFiles/demo_SPI_SD_Card.elf.dir/Drivers/LCD_240_280/Src/lcd_interface.c.obj
                0x080010f4                lcd_interface_write_16bit_data
 .text.lcd_interface_blk_set
                0x08001120       0x14 CMakeFiles/demo_SPI_SD_Card.elf.dir/Drivers/LCD_240_280/Src/lcd_interface.c.obj
                0x08001120                lcd_interface_blk_set
 .text.SD_GetResponse
                0x08001134       0x26 CMakeFiles/demo_SPI_SD_Card.elf.dir/Drivers/SD_Driver/Src/sd.c.obj
                0x08001134                SD_GetResponse
 .text.SD_WriteCommand
                0x0800115a       0x6a CMakeFiles/demo_SPI_SD_Card.elf.dir/Drivers/SD_Driver/Src/sd.c.obj
                0x0800115a                SD_WriteCommand
 .text.SD_ReadBlock
                0x080011c4       0x6c CMakeFiles/demo_SPI_SD_Card.elf.dir/Drivers/SD_Driver/Src/sd.c.obj
                0x080011c4                SD_ReadBlock
 .text.SD_GetLogic0
                0x08001230       0x36 CMakeFiles/demo_SPI_SD_Card.elf.dir/Drivers/SD_Driver/Src/sd.c.obj
                0x08001230                SD_GetLogic0
 *fill*         0x08001266        0x2 
 .text.SD_Init  0x08001268      0x1bc CMakeFiles/demo_SPI_SD_Card.elf.dir/Drivers/SD_Driver/Src/sd.c.obj
                0x08001268                SD_Init
 .text.SDCardReadWriteOneByte
                0x08001424        0x8 CMakeFiles/demo_SPI_SD_Card.elf.dir/Drivers/SD_Driver/Src/sd.c.obj
                0x08001424                SDCardReadWriteOneByte
 .text.SDCardRecvData
                0x0800142c       0x36 CMakeFiles/demo_SPI_SD_Card.elf.dir/Drivers/SD_Driver/Src/sd.c.obj
                0x0800142c                SDCardRecvData
 .text.SDCardSendData
                0x08001462       0x44 CMakeFiles/demo_SPI_SD_Card.elf.dir/Drivers/SD_Driver/Src/sd.c.obj
                0x08001462                SDCardSendData
 .text.SendSDCardCmd
                0x080014a6       0x64 CMakeFiles/demo_SPI_SD_Card.elf.dir/Drivers/SD_Driver/Src/sd.c.obj
                0x080014a6                SendSDCardCmd
 .text.GetSDCardSectorCount
                0x0800150a       0x4a CMakeFiles/demo_SPI_SD_Card.elf.dir/Drivers/SD_Driver/Src/sd.c.obj
                0x0800150a                GetSDCardSectorCount
 .text.SDCardReadData
                0x08001554       0x54 CMakeFiles/demo_SPI_SD_Card.elf.dir/Drivers/SD_Driver/Src/sd.c.obj
                0x08001554                SDCardReadData
 .text.SDCardWriteData
                0x080015a8       0x66 CMakeFiles/demo_SPI_SD_Card.elf.dir/Drivers/SD_Driver/Src/sd.c.obj
                0x080015a8                SDCardWriteData
 *fill*         0x0800160e        0x2 
 .text.sd_interface_transmit_receive_data
                0x08001610       0x2c CMakeFiles/demo_SPI_SD_Card.elf.dir/Drivers/SD_Driver/Src/sd_interface.c.obj
                0x08001610                sd_interface_transmit_receive_data
 .text.sd_interface_gpio_init
                0x0800163c       0x54 CMakeFiles/demo_SPI_SD_Card.elf.dir/Drivers/SD_Driver/Src/sd_interface.c.obj
                0x0800163c                sd_interface_gpio_init
 .text.sd_interface_cs_set
                0x08001690       0x14 CMakeFiles/demo_SPI_SD_Card.elf.dir/Drivers/SD_Driver/Src/sd_interface.c.obj
                0x08001690                sd_interface_cs_set
 .text.sd_interface_cs_clr
                0x080016a4       0x14 CMakeFiles/demo_SPI_SD_Card.elf.dir/Drivers/SD_Driver/Src/sd_interface.c.obj
                0x080016a4                sd_interface_cs_clr
 .text.sd_interface_delayms
                0x080016b8        0x8 CMakeFiles/demo_SPI_SD_Card.elf.dir/Drivers/SD_Driver/Src/sd_interface.c.obj
                0x080016b8                sd_interface_delayms
 .text.HAL_InitTick
                0x080016c0       0x50 CMakeFiles/demo_SPI_SD_Card.elf.dir/Drivers/STM32L4xx_HAL_Driver/Src/stm32l4xx_hal.c.obj
                0x080016c0                HAL_InitTick
 .text.HAL_Init
                0x08001710       0x2c CMakeFiles/demo_SPI_SD_Card.elf.dir/Drivers/STM32L4xx_HAL_Driver/Src/stm32l4xx_hal.c.obj
                0x08001710                HAL_Init
 .text.HAL_IncTick
                0x0800173c       0x18 CMakeFiles/demo_SPI_SD_Card.elf.dir/Drivers/STM32L4xx_HAL_Driver/Src/stm32l4xx_hal.c.obj
                0x0800173c                HAL_IncTick
 .text.HAL_GetTick
                0x08001754        0xc CMakeFiles/demo_SPI_SD_Card.elf.dir/Drivers/STM32L4xx_HAL_Driver/Src/stm32l4xx_hal.c.obj
                0x08001754                HAL_GetTick
 .text.HAL_Delay
                0x08001760       0x28 CMakeFiles/demo_SPI_SD_Card.elf.dir/Drivers/STM32L4xx_HAL_Driver/Src/stm32l4xx_hal.c.obj
                0x08001760                HAL_Delay
 .text.HAL_NVIC_SetPriorityGrouping
                0x08001788       0x24 CMakeFiles/demo_SPI_SD_Card.elf.dir/Drivers/STM32L4xx_HAL_Driver/Src/stm32l4xx_hal_cortex.c.obj
                0x08001788                HAL_NVIC_SetPriorityGrouping
 .text.HAL_NVIC_SetPriority
                0x080017ac       0x70 CMakeFiles/demo_SPI_SD_Card.elf.dir/Drivers/STM32L4xx_HAL_Driver/Src/stm32l4xx_hal_cortex.c.obj
                0x080017ac                HAL_NVIC_SetPriority
 .text.HAL_SYSTICK_Config
                0x0800181c       0x28 CMakeFiles/demo_SPI_SD_Card.elf.dir/Drivers/STM32L4xx_HAL_Driver/Src/stm32l4xx_hal_cortex.c.obj
                0x0800181c                HAL_SYSTICK_Config
 .text.HAL_GPIO_Init
                0x08001844      0x20c CMakeFiles/demo_SPI_SD_Card.elf.dir/Drivers/STM32L4xx_HAL_Driver/Src/stm32l4xx_hal_gpio.c.obj
                0x08001844                HAL_GPIO_Init
 .text.HAL_GPIO_WritePin
                0x08001a50        0xa CMakeFiles/demo_SPI_SD_Card.elf.dir/Drivers/STM32L4xx_HAL_Driver/Src/stm32l4xx_hal_gpio.c.obj
                0x08001a50                HAL_GPIO_WritePin
 *fill*         0x08001a5a        0x2 
 .text.HAL_PWREx_GetVoltageRange
                0x08001a5c       0x10 CMakeFiles/demo_SPI_SD_Card.elf.dir/Drivers/STM32L4xx_HAL_Driver/Src/stm32l4xx_hal_pwr_ex.c.obj
                0x08001a5c                HAL_PWREx_GetVoltageRange
 .text.HAL_PWREx_ControlVoltageScaling
                0x08001a6c       0x90 CMakeFiles/demo_SPI_SD_Card.elf.dir/Drivers/STM32L4xx_HAL_Driver/Src/stm32l4xx_hal_pwr_ex.c.obj
                0x08001a6c                HAL_PWREx_ControlVoltageScaling
 .text.RCC_SetFlashLatencyFromMSIRange
                0x08001afc       0x90 CMakeFiles/demo_SPI_SD_Card.elf.dir/Drivers/STM32L4xx_HAL_Driver/Src/stm32l4xx_hal_rcc.c.obj
 .text.HAL_RCC_GetSysClockFreq
                0x08001b8c       0xb4 CMakeFiles/demo_SPI_SD_Card.elf.dir/Drivers/STM32L4xx_HAL_Driver/Src/stm32l4xx_hal_rcc.c.obj
                0x08001b8c                HAL_RCC_GetSysClockFreq
 .text.HAL_RCC_OscConfig
                0x08001c40      0x61c CMakeFiles/demo_SPI_SD_Card.elf.dir/Drivers/STM32L4xx_HAL_Driver/Src/stm32l4xx_hal_rcc.c.obj
                0x08001c40                HAL_RCC_OscConfig
 .text.HAL_RCC_ClockConfig
                0x0800225c      0x188 CMakeFiles/demo_SPI_SD_Card.elf.dir/Drivers/STM32L4xx_HAL_Driver/Src/stm32l4xx_hal_rcc.c.obj
                0x0800225c                HAL_RCC_ClockConfig
 .text.HAL_RCC_GetHCLKFreq
                0x080023e4        0xc CMakeFiles/demo_SPI_SD_Card.elf.dir/Drivers/STM32L4xx_HAL_Driver/Src/stm32l4xx_hal_rcc.c.obj
                0x080023e4                HAL_RCC_GetHCLKFreq
 .text.HAL_RCC_GetPCLK1Freq
                0x080023f0       0x24 CMakeFiles/demo_SPI_SD_Card.elf.dir/Drivers/STM32L4xx_HAL_Driver/Src/stm32l4xx_hal_rcc.c.obj
                0x080023f0                HAL_RCC_GetPCLK1Freq
 .text.HAL_RCC_GetPCLK2Freq
                0x08002414       0x24 CMakeFiles/demo_SPI_SD_Card.elf.dir/Drivers/STM32L4xx_HAL_Driver/Src/stm32l4xx_hal_rcc.c.obj
                0x08002414                HAL_RCC_GetPCLK2Freq
 .text.RCCEx_PLLSAI1_Config
                0x08002438      0x170 CMakeFiles/demo_SPI_SD_Card.elf.dir/Drivers/STM32L4xx_HAL_Driver/Src/stm32l4xx_hal_rcc_ex.c.obj
 .text.RCCEx_PLLSAI2_Config
                0x080025a8      0x14c CMakeFiles/demo_SPI_SD_Card.elf.dir/Drivers/STM32L4xx_HAL_Driver/Src/stm32l4xx_hal_rcc_ex.c.obj
 .text.HAL_RCCEx_PeriphCLKConfig
                0x080026f4      0x454 CMakeFiles/demo_SPI_SD_Card.elf.dir/Drivers/STM32L4xx_HAL_Driver/Src/stm32l4xx_hal_rcc_ex.c.obj
                0x080026f4                HAL_RCCEx_PeriphCLKConfig
 .text.SPI_WaitFlagStateUntilTimeout
                0x08002b48       0xd4 CMakeFiles/demo_SPI_SD_Card.elf.dir/Drivers/STM32L4xx_HAL_Driver/Src/stm32l4xx_hal_spi.c.obj
 .text.SPI_WaitFifoStateUntilTimeout
                0x08002c1c       0xf4 CMakeFiles/demo_SPI_SD_Card.elf.dir/Drivers/STM32L4xx_HAL_Driver/Src/stm32l4xx_hal_spi.c.obj
 .text.SPI_EndRxTxTransaction
                0x08002d10       0x62 CMakeFiles/demo_SPI_SD_Card.elf.dir/Drivers/STM32L4xx_HAL_Driver/Src/stm32l4xx_hal_spi.c.obj
 .text.HAL_SPI_Init
                0x08002d72       0xde CMakeFiles/demo_SPI_SD_Card.elf.dir/Drivers/STM32L4xx_HAL_Driver/Src/stm32l4xx_hal_spi.c.obj
                0x08002d72                HAL_SPI_Init
 .text.HAL_SPI_Transmit
                0x08002e50      0x1fe CMakeFiles/demo_SPI_SD_Card.elf.dir/Drivers/STM32L4xx_HAL_Driver/Src/stm32l4xx_hal_spi.c.obj
                0x08002e50                HAL_SPI_Transmit
 .text.HAL_SPI_TransmitReceive
                0x0800304e      0x2ec CMakeFiles/demo_SPI_SD_Card.elf.dir/Drivers/STM32L4xx_HAL_Driver/Src/stm32l4xx_hal_spi.c.obj
                0x0800304e                HAL_SPI_TransmitReceive
 .text.UART_EndRxTransfer
                0x0800333a       0x52 CMakeFiles/demo_SPI_SD_Card.elf.dir/Drivers/STM32L4xx_HAL_Driver/Src/stm32l4xx_hal_uart.c.obj
 .text.UART_SetConfig
                0x0800338c      0x328 CMakeFiles/demo_SPI_SD_Card.elf.dir/Drivers/STM32L4xx_HAL_Driver/Src/stm32l4xx_hal_uart.c.obj
                0x0800338c                UART_SetConfig
 .text.UART_AdvFeatureConfig
                0x080036b4       0xca CMakeFiles/demo_SPI_SD_Card.elf.dir/Drivers/STM32L4xx_HAL_Driver/Src/stm32l4xx_hal_uart.c.obj
                0x080036b4                UART_AdvFeatureConfig
 .text.UART_WaitOnFlagUntilTimeout
                0x0800377e       0x9a CMakeFiles/demo_SPI_SD_Card.elf.dir/Drivers/STM32L4xx_HAL_Driver/Src/stm32l4xx_hal_uart.c.obj
                0x0800377e                UART_WaitOnFlagUntilTimeout
 .text.UART_CheckIdleState
                0x08003818       0xc6 CMakeFiles/demo_SPI_SD_Card.elf.dir/Drivers/STM32L4xx_HAL_Driver/Src/stm32l4xx_hal_uart.c.obj
                0x08003818                UART_CheckIdleState
 .text.HAL_UART_Init
                0x080038de       0x62 CMakeFiles/demo_SPI_SD_Card.elf.dir/Drivers/STM32L4xx_HAL_Driver/Src/stm32l4xx_hal_uart.c.obj
                0x080038de                HAL_UART_Init
 .text.MX_FATFS_Init
                0x08003940       0x1c CMakeFiles/demo_SPI_SD_Card.elf.dir/FATFS/App/fatfs.c.obj
                0x08003940                MX_FATFS_Init
 .text.USER_initialize
                0x0800395c       0x10 CMakeFiles/demo_SPI_SD_Card.elf.dir/FATFS/Target/user_diskio.c.obj
                0x0800395c                USER_initialize
 .text.USER_status
                0x0800396c       0x10 CMakeFiles/demo_SPI_SD_Card.elf.dir/FATFS/Target/user_diskio.c.obj
                0x0800396c                USER_status
 .text.USER_read
                0x0800397c        0x4 CMakeFiles/demo_SPI_SD_Card.elf.dir/FATFS/Target/user_diskio.c.obj
                0x0800397c                USER_read
 .text.USER_write
                0x08003980        0x4 CMakeFiles/demo_SPI_SD_Card.elf.dir/FATFS/Target/user_diskio.c.obj
                0x08003980                USER_write
 .text.USER_ioctl
                0x08003984        0x4 CMakeFiles/demo_SPI_SD_Card.elf.dir/FATFS/Target/user_diskio.c.obj
                0x08003984                USER_ioctl
 .text.FATFS_LinkDriverEx
                0x08003988       0x54 CMakeFiles/demo_SPI_SD_Card.elf.dir/Middlewares/Third_Party/FatFs/src/ff_gen_drv.c.obj
                0x08003988                FATFS_LinkDriverEx
 .text.FATFS_LinkDriver
                0x080039dc        0xa CMakeFiles/demo_SPI_SD_Card.elf.dir/Middlewares/Third_Party/FatFs/src/ff_gen_drv.c.obj
                0x080039dc                FATFS_LinkDriver
 *fill*         0x080039e6        0x2 
 .text.__libc_init_array
                0x080039e8       0x48 c:/progra~1/gcc-arm-none-eabi-10.3-2021.10/bin/../lib/gcc/arm-none-eabi/10.3.1/../../../../arm-none-eabi/lib/thumb/v7e-m/nofp\libg.a(lib_a-init.o)
                0x080039e8                __libc_init_array
 .text.memset   0x08003a30       0xa4 c:/progra~1/gcc-arm-none-eabi-10.3-2021.10/bin/../lib/gcc/arm-none-eabi/10.3.1/../../../../arm-none-eabi/lib/thumb/v7e-m/nofp\libg.a(lib_a-memset.o)
                0x08003a30                memset
 .text.startup.register_fini
                0x08003ad4       0x14 c:/progra~1/gcc-arm-none-eabi-10.3-2021.10/bin/../lib/gcc/arm-none-eabi/10.3.1/../../../../arm-none-eabi/lib/thumb/v7e-m/nofp\libg.a(lib_a-__call_atexit.o)
 .text.atexit   0x08003ae8        0xc c:/progra~1/gcc-arm-none-eabi-10.3-2021.10/bin/../lib/gcc/arm-none-eabi/10.3.1/../../../../arm-none-eabi/lib/thumb/v7e-m/nofp\libg.a(lib_a-atexit.o)
                0x08003ae8                atexit
 .text.__libc_fini_array
                0x08003af4       0x2c c:/progra~1/gcc-arm-none-eabi-10.3-2021.10/bin/../lib/gcc/arm-none-eabi/10.3.1/../../../../arm-none-eabi/lib/thumb/v7e-m/nofp\libg.a(lib_a-fini.o)
                0x08003af4                __libc_fini_array
 .text.__retarget_lock_acquire_recursive
                0x08003b20        0x4 c:/progra~1/gcc-arm-none-eabi-10.3-2021.10/bin/../lib/gcc/arm-none-eabi/10.3.1/../../../../arm-none-eabi/lib/thumb/v7e-m/nofp\libg.a(lib_a-lock.o)
                0x08003b20                __retarget_lock_acquire_recursive
 .text.__retarget_lock_release_recursive
                0x08003b24        0x4 c:/progra~1/gcc-arm-none-eabi-10.3-2021.10/bin/../lib/gcc/arm-none-eabi/10.3.1/../../../../arm-none-eabi/lib/thumb/v7e-m/nofp\libg.a(lib_a-lock.o)
                0x08003b24                __retarget_lock_release_recursive
 .text.__register_exitproc
                0x08003b28       0x8c c:/progra~1/gcc-arm-none-eabi-10.3-2021.10/bin/../lib/gcc/arm-none-eabi/10.3.1/../../../../arm-none-eabi/lib/thumb/v7e-m/nofp\libg.a(lib_a-__atexit.o)
                0x08003b28                __register_exitproc
 *(.glue_7)
 .glue_7        0x08003bb4        0x0 linker stubs
 *(.glue_7t)
 .glue_7t       0x08003bb4        0x0 linker stubs
 *(.eh_frame)
 .eh_frame      0x08003bb4        0x0 c:/progra~1/gcc-arm-none-eabi-10.3-2021.10/bin/../lib/gcc/arm-none-eabi/10.3.1/thumb/v7e-m/nofp/crtbegin.o
 *(.init)
 .init          0x08003bb4        0x4 c:/progra~1/gcc-arm-none-eabi-10.3-2021.10/bin/../lib/gcc/arm-none-eabi/10.3.1/thumb/v7e-m/nofp/crti.o
                0x08003bb4                _init
 .init          0x08003bb8        0x8 c:/progra~1/gcc-arm-none-eabi-10.3-2021.10/bin/../lib/gcc/arm-none-eabi/10.3.1/thumb/v7e-m/nofp/crtn.o
 *(.fini)
 .fini          0x08003bc0        0x4 c:/progra~1/gcc-arm-none-eabi-10.3-2021.10/bin/../lib/gcc/arm-none-eabi/10.3.1/thumb/v7e-m/nofp/crti.o
                0x08003bc0                _fini
 .fini          0x08003bc4        0x8 c:/progra~1/gcc-arm-none-eabi-10.3-2021.10/bin/../lib/gcc/arm-none-eabi/10.3.1/thumb/v7e-m/nofp/crtn.o
                0x08003bcc                . = ALIGN (0x4)
                0x08003bcc                _etext = .

.vfp11_veneer   0x08003bcc        0x0
 .vfp11_veneer  0x08003bcc        0x0 linker stubs

.v4_bx          0x08003bcc        0x0
 .v4_bx         0x08003bcc        0x0 linker stubs

.iplt           0x08003bcc        0x0
 .iplt          0x08003bcc        0x0 c:/progra~1/gcc-arm-none-eabi-10.3-2021.10/bin/../lib/gcc/arm-none-eabi/10.3.1/thumb/v7e-m/nofp/crtbegin.o

.rodata         0x08003bcc     0x3480
                0x08003bcc                . = ALIGN (0x4)
 *(.rodata)
 *(.rodata*)
 .rodata.main.str1.4
                0x08003bcc       0x3c CMakeFiles/demo_SPI_SD_Card.elf.dir/Core/Src/main.c.obj
 .rodata.AHBPrescTable
                0x08003c08       0x10 CMakeFiles/demo_SPI_SD_Card.elf.dir/Core/Src/system_stm32l4xx.c.obj
                0x08003c08                AHBPrescTable
 .rodata.APBPrescTable
                0x08003c18        0x8 CMakeFiles/demo_SPI_SD_Card.elf.dir/Core/Src/system_stm32l4xx.c.obj
                0x08003c18                APBPrescTable
 .rodata.MSIRangeTable
                0x08003c20       0x30 CMakeFiles/demo_SPI_SD_Card.elf.dir/Core/Src/system_stm32l4xx.c.obj
                0x08003c20                MSIRangeTable
 .rodata.LCD_ShowHexNum.str1.4
                0x08003c50        0x3 CMakeFiles/demo_SPI_SD_Card.elf.dir/Drivers/LCD_240_280/Src/lcd.c.obj
 *fill*         0x08003c53        0x1 
 .rodata.ascii_1206
                0x08003c54      0x474 CMakeFiles/demo_SPI_SD_Card.elf.dir/Drivers/LCD_240_280/Src/lcd.c.obj
                0x08003c54                ascii_1206
 .rodata.ascii_1608
                0x080040c8      0x5f0 CMakeFiles/demo_SPI_SD_Card.elf.dir/Drivers/LCD_240_280/Src/lcd.c.obj
                0x080040c8                ascii_1608
 .rodata.ascii_2412
                0x080046b8     0x11d0 CMakeFiles/demo_SPI_SD_Card.elf.dir/Drivers/LCD_240_280/Src/lcd.c.obj
                0x080046b8                ascii_2412
 .rodata.ascii_3216
                0x08005888     0x17c0 CMakeFiles/demo_SPI_SD_Card.elf.dir/Drivers/LCD_240_280/Src/lcd.c.obj
                0x08005888                ascii_3216
 .rodata._global_impure_ptr
                0x08007048        0x4 c:/progra~1/gcc-arm-none-eabi-10.3-2021.10/bin/../lib/gcc/arm-none-eabi/10.3.1/../../../../arm-none-eabi/lib/thumb/v7e-m/nofp\libg.a(lib_a-impure.o)
                0x08007048                _global_impure_ptr
                0x0800704c                . = ALIGN (0x4)

.ARM.extab      0x0800704c        0x0
                0x0800704c                . = ALIGN (0x4)
 *(.ARM.extab* .gnu.linkonce.armextab.*)
                0x0800704c                . = ALIGN (0x4)

.ARM            0x0800704c        0x8
                0x0800704c                . = ALIGN (0x4)
                0x0800704c                __exidx_start = .
 *(.ARM.exidx*)
 .ARM.exidx     0x0800704c        0x8 c:/progra~1/gcc-arm-none-eabi-10.3-2021.10/bin/../lib/gcc/arm-none-eabi/10.3.1/thumb/v7e-m/nofp\libgcc.a(_udivmoddi4.o)
                0x08007054                __exidx_end = .
                0x08007054                . = ALIGN (0x4)

.rel.dyn        0x08007054        0x0
 .rel.iplt      0x08007054        0x0 c:/progra~1/gcc-arm-none-eabi-10.3-2021.10/bin/../lib/gcc/arm-none-eabi/10.3.1/thumb/v7e-m/nofp/crtbegin.o

.preinit_array  0x08007054        0x0
                0x08007054                . = ALIGN (0x4)
                0x08007054                PROVIDE (__preinit_array_start = .)
 *(.preinit_array*)
                0x08007054                PROVIDE (__preinit_array_end = .)
                0x08007054                . = ALIGN (0x4)

.init_array     0x08007054        0x8
                0x08007054                . = ALIGN (0x4)
                0x08007054                PROVIDE (__init_array_start = .)
 *(SORT_BY_NAME(.init_array.*))
 .init_array.00000
                0x08007054        0x4 c:/progra~1/gcc-arm-none-eabi-10.3-2021.10/bin/../lib/gcc/arm-none-eabi/10.3.1/../../../../arm-none-eabi/lib/thumb/v7e-m/nofp\libg.a(lib_a-__call_atexit.o)
 *(.init_array*)
 .init_array    0x08007058        0x4 c:/progra~1/gcc-arm-none-eabi-10.3-2021.10/bin/../lib/gcc/arm-none-eabi/10.3.1/thumb/v7e-m/nofp/crtbegin.o
                0x0800705c                PROVIDE (__init_array_end = .)
                0x0800705c                . = ALIGN (0x4)

.fini_array     0x0800705c        0x4
                0x0800705c                . = ALIGN (0x4)
                0x0800705c                PROVIDE (__fini_array_start = .)
 *(SORT_BY_NAME(.fini_array.*))
 *(.fini_array*)
 .fini_array    0x0800705c        0x4 c:/progra~1/gcc-arm-none-eabi-10.3-2021.10/bin/../lib/gcc/arm-none-eabi/10.3.1/thumb/v7e-m/nofp/crtbegin.o
                0x08007060                PROVIDE (__fini_array_end = .)
                0x08007060                . = ALIGN (0x4)
                0x08007060                _sidata = LOADADDR (.data)

.data           0x20000000      0x454 load address 0x08007060
                0x20000000                . = ALIGN (0x4)
                0x20000000                _sdata = .
 *(.data)
 *(.data*)
 .data.SystemCoreClock
                0x20000000        0x4 CMakeFiles/demo_SPI_SD_Card.elf.dir/Core/Src/system_stm32l4xx.c.obj
                0x20000000                SystemCoreClock
 .data.uwTickFreq
                0x20000004        0x1 CMakeFiles/demo_SPI_SD_Card.elf.dir/Drivers/STM32L4xx_HAL_Driver/Src/stm32l4xx_hal.c.obj
                0x20000004                uwTickFreq
 *fill*         0x20000005        0x3 
 .data.uwTickPrio
                0x20000008        0x4 CMakeFiles/demo_SPI_SD_Card.elf.dir/Drivers/STM32L4xx_HAL_Driver/Src/stm32l4xx_hal.c.obj
                0x20000008                uwTickPrio
 .data.Stat     0x2000000c        0x1 CMakeFiles/demo_SPI_SD_Card.elf.dir/FATFS/Target/user_diskio.c.obj
 *fill*         0x2000000d        0x3 
 .data.USER_Driver
                0x20000010       0x14 CMakeFiles/demo_SPI_SD_Card.elf.dir/FATFS/Target/user_diskio.c.obj
                0x20000010                USER_Driver
 *fill*         0x20000024        0x4 
 .data.impure_data
                0x20000028      0x428 c:/progra~1/gcc-arm-none-eabi-10.3-2021.10/bin/../lib/gcc/arm-none-eabi/10.3.1/../../../../arm-none-eabi/lib/thumb/v7e-m/nofp\libg.a(lib_a-impure.o)
 .data.__atexit_recursive_mutex
                0x20000450        0x4 c:/progra~1/gcc-arm-none-eabi-10.3-2021.10/bin/../lib/gcc/arm-none-eabi/10.3.1/../../../../arm-none-eabi/lib/thumb/v7e-m/nofp\libg.a(lib_a-__call_atexit.o)
                0x20000450                __atexit_recursive_mutex
 *(.RamFunc)
 *(.RamFunc*)
                0x20000454                . = ALIGN (0x4)
                0x20000454                _edata = .

.igot.plt       0x20000454        0x0 load address 0x080074b4
 .igot.plt      0x20000454        0x0 c:/progra~1/gcc-arm-none-eabi-10.3-2021.10/bin/../lib/gcc/arm-none-eabi/10.3.1/thumb/v7e-m/nofp/crtbegin.o
                0x20000454                . = ALIGN (0x4)

.bss            0x20000454      0x190 load address 0x080074b4
                0x20000454                _sbss = .
                0x20000454                __bss_start__ = _sbss
 *(.bss)
 .bss           0x20000454       0x1c c:/progra~1/gcc-arm-none-eabi-10.3-2021.10/bin/../lib/gcc/arm-none-eabi/10.3.1/thumb/v7e-m/nofp/crtbegin.o
 *(.bss*)
 .bss.hspi1     0x20000470       0x64 CMakeFiles/demo_SPI_SD_Card.elf.dir/Core/Src/spi.c.obj
                0x20000470                hspi1
 .bss.hspi3     0x200004d4       0x64 CMakeFiles/demo_SPI_SD_Card.elf.dir/Core/Src/spi.c.obj
                0x200004d4                hspi3
 .bss.huart2    0x20000538       0x88 CMakeFiles/demo_SPI_SD_Card.elf.dir/Core/Src/usart.c.obj
                0x20000538                huart2
 .bss.SD_Type   0x200005c0        0x1 CMakeFiles/demo_SPI_SD_Card.elf.dir/Drivers/SD_Driver/Src/sd.c.obj
                0x200005c0                SD_Type
 *fill*         0x200005c1        0x3 
 .bss.uwTick    0x200005c4        0x4 CMakeFiles/demo_SPI_SD_Card.elf.dir/Drivers/STM32L4xx_HAL_Driver/Src/stm32l4xx_hal.c.obj
                0x200005c4                uwTick
 .bss.USERPath  0x200005c8        0x4 CMakeFiles/demo_SPI_SD_Card.elf.dir/FATFS/App/fatfs.c.obj
                0x200005c8                USERPath
 .bss.retUSER   0x200005cc        0x1 CMakeFiles/demo_SPI_SD_Card.elf.dir/FATFS/App/fatfs.c.obj
                0x200005cc                retUSER
 *fill*         0x200005cd        0x3 
 .bss.disk      0x200005d0       0x10 CMakeFiles/demo_SPI_SD_Card.elf.dir/Middlewares/Third_Party/FatFs/src/ff_gen_drv.c.obj
                0x200005d0                disk
 .bss.__lock___atexit_recursive_mutex
                0x200005e0        0x1 c:/progra~1/gcc-arm-none-eabi-10.3-2021.10/bin/../lib/gcc/arm-none-eabi/10.3.1/../../../../arm-none-eabi/lib/thumb/v7e-m/nofp\libg.a(lib_a-lock.o)
                0x200005e0                __lock___atexit_recursive_mutex
 *(COMMON)
                0x200005e4                . = ALIGN (0x4)
 *fill*         0x200005e1        0x3 
                0x200005e4                _ebss = .
                0x200005e4                __bss_end__ = _ebss

._user_heap_stack
                0x200005e4     0x1204 load address 0x080074b4
                0x200005e8                . = ALIGN (0x8)
 *fill*         0x200005e4        0x4 
                [!provide]                PROVIDE (end = .)
                0x200005e8                PROVIDE (_end = .)
                0x200007e8                . = (. + _Min_Heap_Size)
 *fill*         0x200005e8      0x200 
                0x200017e8                . = (. + _Min_Stack_Size)
 *fill*         0x200007e8     0x1000 
                0x200017e8                . = ALIGN (0x8)

/DISCARD/
 libc.a(*)
 libm.a(*)
 libgcc.a(*)

.ARM.attributes
                0x00000000       0x2a
 *(.ARM.attributes)
 .ARM.attributes
                0x00000000       0x1e c:/progra~1/gcc-arm-none-eabi-10.3-2021.10/bin/../lib/gcc/arm-none-eabi/10.3.1/thumb/v7e-m/nofp/crti.o
 .ARM.attributes
                0x0000001e       0x2e c:/progra~1/gcc-arm-none-eabi-10.3-2021.10/bin/../lib/gcc/arm-none-eabi/10.3.1/thumb/v7e-m/nofp/crtbegin.o
 .ARM.attributes
                0x0000004c       0x2e CMakeFiles/demo_SPI_SD_Card.elf.dir/Core/Src/gpio.c.obj
 .ARM.attributes
                0x0000007a       0x2e CMakeFiles/demo_SPI_SD_Card.elf.dir/Core/Src/main.c.obj
 .ARM.attributes
                0x000000a8       0x2e CMakeFiles/demo_SPI_SD_Card.elf.dir/Core/Src/spi.c.obj
 .ARM.attributes
                0x000000d6       0x2e CMakeFiles/demo_SPI_SD_Card.elf.dir/Core/Src/stm32l4xx_hal_msp.c.obj
 .ARM.attributes
                0x00000104       0x2e CMakeFiles/demo_SPI_SD_Card.elf.dir/Core/Src/stm32l4xx_it.c.obj
 .ARM.attributes
                0x00000132       0x2e CMakeFiles/demo_SPI_SD_Card.elf.dir/Core/Src/system_stm32l4xx.c.obj
 .ARM.attributes
                0x00000160       0x2e CMakeFiles/demo_SPI_SD_Card.elf.dir/Core/Src/usart.c.obj
 .ARM.attributes
                0x0000018e       0x21 CMakeFiles/demo_SPI_SD_Card.elf.dir/Core/Startup/startup_stm32l476rgtx.s.obj
 .ARM.attributes
                0x000001af       0x2e CMakeFiles/demo_SPI_SD_Card.elf.dir/Drivers/LCD_240_280/Src/lcd.c.obj
 .ARM.attributes
                0x000001dd       0x2e CMakeFiles/demo_SPI_SD_Card.elf.dir/Drivers/LCD_240_280/Src/lcd_interface.c.obj
 .ARM.attributes
                0x0000020b       0x2e CMakeFiles/demo_SPI_SD_Card.elf.dir/Drivers/SD_Driver/Src/sd.c.obj
 .ARM.attributes
                0x00000239       0x2e CMakeFiles/demo_SPI_SD_Card.elf.dir/Drivers/SD_Driver/Src/sd_interface.c.obj
 .ARM.attributes
                0x00000267       0x2e CMakeFiles/demo_SPI_SD_Card.elf.dir/Drivers/STM32L4xx_HAL_Driver/Src/stm32l4xx_hal.c.obj
 .ARM.attributes
                0x00000295       0x2e CMakeFiles/demo_SPI_SD_Card.elf.dir/Drivers/STM32L4xx_HAL_Driver/Src/stm32l4xx_hal_cortex.c.obj
 .ARM.attributes
                0x000002c3       0x2e CMakeFiles/demo_SPI_SD_Card.elf.dir/Drivers/STM32L4xx_HAL_Driver/Src/stm32l4xx_hal_gpio.c.obj
 .ARM.attributes
                0x000002f1       0x2e CMakeFiles/demo_SPI_SD_Card.elf.dir/Drivers/STM32L4xx_HAL_Driver/Src/stm32l4xx_hal_pwr_ex.c.obj
 .ARM.attributes
                0x0000031f       0x2e CMakeFiles/demo_SPI_SD_Card.elf.dir/Drivers/STM32L4xx_HAL_Driver/Src/stm32l4xx_hal_rcc.c.obj
 .ARM.attributes
                0x0000034d       0x2e CMakeFiles/demo_SPI_SD_Card.elf.dir/Drivers/STM32L4xx_HAL_Driver/Src/stm32l4xx_hal_rcc_ex.c.obj
 .ARM.attributes
                0x0000037b       0x2e CMakeFiles/demo_SPI_SD_Card.elf.dir/Drivers/STM32L4xx_HAL_Driver/Src/stm32l4xx_hal_spi.c.obj
 .ARM.attributes
                0x000003a9       0x2e CMakeFiles/demo_SPI_SD_Card.elf.dir/Drivers/STM32L4xx_HAL_Driver/Src/stm32l4xx_hal_uart.c.obj
 .ARM.attributes
                0x000003d7       0x2e CMakeFiles/demo_SPI_SD_Card.elf.dir/FATFS/App/fatfs.c.obj
 .ARM.attributes
                0x00000405       0x2e CMakeFiles/demo_SPI_SD_Card.elf.dir/FATFS/Target/user_diskio.c.obj
 .ARM.attributes
                0x00000433       0x2e CMakeFiles/demo_SPI_SD_Card.elf.dir/Middlewares/Third_Party/FatFs/src/ff_gen_drv.c.obj
 .ARM.attributes
                0x00000461       0x1e c:/progra~1/gcc-arm-none-eabi-10.3-2021.10/bin/../lib/gcc/arm-none-eabi/10.3.1/thumb/v7e-m/nofp\libgcc.a(_aeabi_uldivmod.o)
 .ARM.attributes
                0x0000047f       0x2e c:/progra~1/gcc-arm-none-eabi-10.3-2021.10/bin/../lib/gcc/arm-none-eabi/10.3.1/thumb/v7e-m/nofp\libgcc.a(_udivmoddi4.o)
 .ARM.attributes
                0x000004ad       0x1e c:/progra~1/gcc-arm-none-eabi-10.3-2021.10/bin/../lib/gcc/arm-none-eabi/10.3.1/thumb/v7e-m/nofp\libgcc.a(_dvmd_tls.o)
 .ARM.attributes
                0x000004cb       0x2e c:/progra~1/gcc-arm-none-eabi-10.3-2021.10/bin/../lib/gcc/arm-none-eabi/10.3.1/../../../../arm-none-eabi/lib/thumb/v7e-m/nofp\libg.a(lib_a-impure.o)
 .ARM.attributes
                0x000004f9       0x2e c:/progra~1/gcc-arm-none-eabi-10.3-2021.10/bin/../lib/gcc/arm-none-eabi/10.3.1/../../../../arm-none-eabi/lib/thumb/v7e-m/nofp\libg.a(lib_a-init.o)
 .ARM.attributes
                0x00000527       0x2e c:/progra~1/gcc-arm-none-eabi-10.3-2021.10/bin/../lib/gcc/arm-none-eabi/10.3.1/../../../../arm-none-eabi/lib/thumb/v7e-m/nofp\libg.a(lib_a-memset.o)
 .ARM.attributes
                0x00000555       0x2e c:/progra~1/gcc-arm-none-eabi-10.3-2021.10/bin/../lib/gcc/arm-none-eabi/10.3.1/../../../../arm-none-eabi/lib/thumb/v7e-m/nofp\libg.a(lib_a-__call_atexit.o)
 .ARM.attributes
                0x00000583       0x2e c:/progra~1/gcc-arm-none-eabi-10.3-2021.10/bin/../lib/gcc/arm-none-eabi/10.3.1/../../../../arm-none-eabi/lib/thumb/v7e-m/nofp\libg.a(lib_a-atexit.o)
 .ARM.attributes
                0x000005b1       0x2e c:/progra~1/gcc-arm-none-eabi-10.3-2021.10/bin/../lib/gcc/arm-none-eabi/10.3.1/../../../../arm-none-eabi/lib/thumb/v7e-m/nofp\libg.a(lib_a-fini.o)
 .ARM.attributes
                0x000005df       0x2e c:/progra~1/gcc-arm-none-eabi-10.3-2021.10/bin/../lib/gcc/arm-none-eabi/10.3.1/../../../../arm-none-eabi/lib/thumb/v7e-m/nofp\libg.a(lib_a-lock.o)
 .ARM.attributes
                0x0000060d       0x2e c:/progra~1/gcc-arm-none-eabi-10.3-2021.10/bin/../lib/gcc/arm-none-eabi/10.3.1/../../../../arm-none-eabi/lib/thumb/v7e-m/nofp\libg.a(lib_a-__atexit.o)
 .ARM.attributes
                0x0000063b       0x1e c:/progra~1/gcc-arm-none-eabi-10.3-2021.10/bin/../lib/gcc/arm-none-eabi/10.3.1/thumb/v7e-m/nofp/crtn.o
OUTPUT(demo_SPI_SD_Card.elf elf32-littlearm)
LOAD linker stubs
LOAD c:/progra~1/gcc-arm-none-eabi-10.3-2021.10/bin/../lib/gcc/arm-none-eabi/10.3.1/../../../../arm-none-eabi/lib/thumb/v7e-m/nofp\libc.a
LOAD c:/progra~1/gcc-arm-none-eabi-10.3-2021.10/bin/../lib/gcc/arm-none-eabi/10.3.1/../../../../arm-none-eabi/lib/thumb/v7e-m/nofp\libm.a
LOAD c:/progra~1/gcc-arm-none-eabi-10.3-2021.10/bin/../lib/gcc/arm-none-eabi/10.3.1/thumb/v7e-m/nofp\libgcc.a

.debug_info     0x00000000    0x14d52
 .debug_info    0x00000000      0x4b1 CMakeFiles/demo_SPI_SD_Card.elf.dir/Core/Src/gpio.c.obj
 .debug_info    0x000004b1      0x7ba CMakeFiles/demo_SPI_SD_Card.elf.dir/Core/Src/main.c.obj
 .debug_info    0x00000c6b      0xb5f CMakeFiles/demo_SPI_SD_Card.elf.dir/Core/Src/spi.c.obj
 .debug_info    0x000017ca      0x304 CMakeFiles/demo_SPI_SD_Card.elf.dir/Core/Src/stm32l4xx_hal_msp.c.obj
 .debug_info    0x00001ace      0x130 CMakeFiles/demo_SPI_SD_Card.elf.dir/Core/Src/stm32l4xx_it.c.obj
 .debug_info    0x00001bfe      0x425 CMakeFiles/demo_SPI_SD_Card.elf.dir/Core/Src/system_stm32l4xx.c.obj
 .debug_info    0x00002023      0xdda CMakeFiles/demo_SPI_SD_Card.elf.dir/Core/Src/usart.c.obj
 .debug_info    0x00002dfd       0x22 CMakeFiles/demo_SPI_SD_Card.elf.dir/Core/Startup/startup_stm32l476rgtx.s.obj
 .debug_info    0x00002e1f     0x24d0 CMakeFiles/demo_SPI_SD_Card.elf.dir/Drivers/LCD_240_280/Src/lcd.c.obj
 .debug_info    0x000052ef      0xee7 CMakeFiles/demo_SPI_SD_Card.elf.dir/Drivers/LCD_240_280/Src/lcd_interface.c.obj
 .debug_info    0x000061d6      0xe13 CMakeFiles/demo_SPI_SD_Card.elf.dir/Drivers/SD_Driver/Src/sd.c.obj
 .debug_info    0x00006fe9      0xaba CMakeFiles/demo_SPI_SD_Card.elf.dir/Drivers/SD_Driver/Src/sd_interface.c.obj
 .debug_info    0x00007aa3      0xce8 CMakeFiles/demo_SPI_SD_Card.elf.dir/Drivers/STM32L4xx_HAL_Driver/Src/stm32l4xx_hal.c.obj
 .debug_info    0x0000878b     0x109e CMakeFiles/demo_SPI_SD_Card.elf.dir/Drivers/STM32L4xx_HAL_Driver/Src/stm32l4xx_hal_cortex.c.obj
 .debug_info    0x00009829      0x857 CMakeFiles/demo_SPI_SD_Card.elf.dir/Drivers/STM32L4xx_HAL_Driver/Src/stm32l4xx_hal_gpio.c.obj
 .debug_info    0x0000a080      0xaa2 CMakeFiles/demo_SPI_SD_Card.elf.dir/Drivers/STM32L4xx_HAL_Driver/Src/stm32l4xx_hal_pwr_ex.c.obj
 .debug_info    0x0000ab22      0xf3f CMakeFiles/demo_SPI_SD_Card.elf.dir/Drivers/STM32L4xx_HAL_Driver/Src/stm32l4xx_hal_rcc.c.obj
 .debug_info    0x0000ba61     0x125c CMakeFiles/demo_SPI_SD_Card.elf.dir/Drivers/STM32L4xx_HAL_Driver/Src/stm32l4xx_hal_rcc_ex.c.obj
 .debug_info    0x0000ccbd     0x2189 CMakeFiles/demo_SPI_SD_Card.elf.dir/Drivers/STM32L4xx_HAL_Driver/Src/stm32l4xx_hal_spi.c.obj
 .debug_info    0x0000ee46     0x529b CMakeFiles/demo_SPI_SD_Card.elf.dir/Drivers/STM32L4xx_HAL_Driver/Src/stm32l4xx_hal_uart.c.obj
 .debug_info    0x000140e1      0x50d CMakeFiles/demo_SPI_SD_Card.elf.dir/FATFS/App/fatfs.c.obj
 .debug_info    0x000145ee      0x356 CMakeFiles/demo_SPI_SD_Card.elf.dir/FATFS/Target/user_diskio.c.obj
 .debug_info    0x00014944      0x40e CMakeFiles/demo_SPI_SD_Card.elf.dir/Middlewares/Third_Party/FatFs/src/ff_gen_drv.c.obj

.debug_abbrev   0x00000000     0x2910
 .debug_abbrev  0x00000000      0x125 CMakeFiles/demo_SPI_SD_Card.elf.dir/Core/Src/gpio.c.obj
 .debug_abbrev  0x00000125      0x1ac CMakeFiles/demo_SPI_SD_Card.elf.dir/Core/Src/main.c.obj
 .debug_abbrev  0x000002d1      0x1d3 CMakeFiles/demo_SPI_SD_Card.elf.dir/Core/Src/spi.c.obj
 .debug_abbrev  0x000004a4       0xbf CMakeFiles/demo_SPI_SD_Card.elf.dir/Core/Src/stm32l4xx_hal_msp.c.obj
 .debug_abbrev  0x00000563       0x7e CMakeFiles/demo_SPI_SD_Card.elf.dir/Core/Src/stm32l4xx_it.c.obj
 .debug_abbrev  0x000005e1      0x119 CMakeFiles/demo_SPI_SD_Card.elf.dir/Core/Src/system_stm32l4xx.c.obj
 .debug_abbrev  0x000006fa      0x1eb CMakeFiles/demo_SPI_SD_Card.elf.dir/Core/Src/usart.c.obj
 .debug_abbrev  0x000008e5       0x12 CMakeFiles/demo_SPI_SD_Card.elf.dir/Core/Startup/startup_stm32l476rgtx.s.obj
 .debug_abbrev  0x000008f7      0x280 CMakeFiles/demo_SPI_SD_Card.elf.dir/Drivers/LCD_240_280/Src/lcd.c.obj
 .debug_abbrev  0x00000b77      0x220 CMakeFiles/demo_SPI_SD_Card.elf.dir/Drivers/LCD_240_280/Src/lcd_interface.c.obj
 .debug_abbrev  0x00000d97      0x1cc CMakeFiles/demo_SPI_SD_Card.elf.dir/Drivers/SD_Driver/Src/sd.c.obj
 .debug_abbrev  0x00000f63      0x1d8 CMakeFiles/demo_SPI_SD_Card.elf.dir/Drivers/SD_Driver/Src/sd_interface.c.obj
 .debug_abbrev  0x0000113b      0x22a CMakeFiles/demo_SPI_SD_Card.elf.dir/Drivers/STM32L4xx_HAL_Driver/Src/stm32l4xx_hal.c.obj
 .debug_abbrev  0x00001365      0x36a CMakeFiles/demo_SPI_SD_Card.elf.dir/Drivers/STM32L4xx_HAL_Driver/Src/stm32l4xx_hal_cortex.c.obj
 .debug_abbrev  0x000016cf      0x1e6 CMakeFiles/demo_SPI_SD_Card.elf.dir/Drivers/STM32L4xx_HAL_Driver/Src/stm32l4xx_hal_gpio.c.obj
 .debug_abbrev  0x000018b5      0x215 CMakeFiles/demo_SPI_SD_Card.elf.dir/Drivers/STM32L4xx_HAL_Driver/Src/stm32l4xx_hal_pwr_ex.c.obj
 .debug_abbrev  0x00001aca      0x251 CMakeFiles/demo_SPI_SD_Card.elf.dir/Drivers/STM32L4xx_HAL_Driver/Src/stm32l4xx_hal_rcc.c.obj
 .debug_abbrev  0x00001d1b      0x275 CMakeFiles/demo_SPI_SD_Card.elf.dir/Drivers/STM32L4xx_HAL_Driver/Src/stm32l4xx_hal_rcc_ex.c.obj
 .debug_abbrev  0x00001f90      0x248 CMakeFiles/demo_SPI_SD_Card.elf.dir/Drivers/STM32L4xx_HAL_Driver/Src/stm32l4xx_hal_spi.c.obj
 .debug_abbrev  0x000021d8      0x2d9 CMakeFiles/demo_SPI_SD_Card.elf.dir/Drivers/STM32L4xx_HAL_Driver/Src/stm32l4xx_hal_uart.c.obj
 .debug_abbrev  0x000024b1      0x16c CMakeFiles/demo_SPI_SD_Card.elf.dir/FATFS/App/fatfs.c.obj
 .debug_abbrev  0x0000261d      0x14a CMakeFiles/demo_SPI_SD_Card.elf.dir/FATFS/Target/user_diskio.c.obj
 .debug_abbrev  0x00002767      0x1a9 CMakeFiles/demo_SPI_SD_Card.elf.dir/Middlewares/Third_Party/FatFs/src/ff_gen_drv.c.obj

.debug_aranges  0x00000000      0xd50
 .debug_aranges
                0x00000000       0x20 CMakeFiles/demo_SPI_SD_Card.elf.dir/Core/Src/gpio.c.obj
 .debug_aranges
                0x00000020       0x30 CMakeFiles/demo_SPI_SD_Card.elf.dir/Core/Src/main.c.obj
 .debug_aranges
                0x00000050       0x40 CMakeFiles/demo_SPI_SD_Card.elf.dir/Core/Src/spi.c.obj
 .debug_aranges
                0x00000090       0x20 CMakeFiles/demo_SPI_SD_Card.elf.dir/Core/Src/stm32l4xx_hal_msp.c.obj
 .debug_aranges
                0x000000b0       0x60 CMakeFiles/demo_SPI_SD_Card.elf.dir/Core/Src/stm32l4xx_it.c.obj
 .debug_aranges
                0x00000110       0x28 CMakeFiles/demo_SPI_SD_Card.elf.dir/Core/Src/system_stm32l4xx.c.obj
 .debug_aranges
                0x00000138       0x30 CMakeFiles/demo_SPI_SD_Card.elf.dir/Core/Src/usart.c.obj
 .debug_aranges
                0x00000168       0x28 CMakeFiles/demo_SPI_SD_Card.elf.dir/Core/Startup/startup_stm32l476rgtx.s.obj
 .debug_aranges
                0x00000190       0xf0 CMakeFiles/demo_SPI_SD_Card.elf.dir/Drivers/LCD_240_280/Src/lcd.c.obj
 .debug_aranges
                0x00000280       0x88 CMakeFiles/demo_SPI_SD_Card.elf.dir/Drivers/LCD_240_280/Src/lcd_interface.c.obj
 .debug_aranges
                0x00000308       0x80 CMakeFiles/demo_SPI_SD_Card.elf.dir/Drivers/SD_Driver/Src/sd.c.obj
 .debug_aranges
                0x00000388       0x40 CMakeFiles/demo_SPI_SD_Card.elf.dir/Drivers/SD_Driver/Src/sd_interface.c.obj
 .debug_aranges
                0x000003c8      0x130 CMakeFiles/demo_SPI_SD_Card.elf.dir/Drivers/STM32L4xx_HAL_Driver/Src/stm32l4xx_hal.c.obj
 .debug_aranges
                0x000004f8       0xa8 CMakeFiles/demo_SPI_SD_Card.elf.dir/Drivers/STM32L4xx_HAL_Driver/Src/stm32l4xx_hal_cortex.c.obj
 .debug_aranges
                0x000005a0       0x58 CMakeFiles/demo_SPI_SD_Card.elf.dir/Drivers/STM32L4xx_HAL_Driver/Src/stm32l4xx_hal_gpio.c.obj
 .debug_aranges
                0x000005f8      0x160 CMakeFiles/demo_SPI_SD_Card.elf.dir/Drivers/STM32L4xx_HAL_Driver/Src/stm32l4xx_hal_pwr_ex.c.obj
 .debug_aranges
                0x00000758       0x90 CMakeFiles/demo_SPI_SD_Card.elf.dir/Drivers/STM32L4xx_HAL_Driver/Src/stm32l4xx_hal_rcc.c.obj
 .debug_aranges
                0x000007e8       0xc0 CMakeFiles/demo_SPI_SD_Card.elf.dir/Drivers/STM32L4xx_HAL_Driver/Src/stm32l4xx_hal_rcc_ex.c.obj
 .debug_aranges
                0x000008a8      0x1d8 CMakeFiles/demo_SPI_SD_Card.elf.dir/Drivers/STM32L4xx_HAL_Driver/Src/stm32l4xx_hal_spi.c.obj
 .debug_aranges
                0x00000a80      0x228 CMakeFiles/demo_SPI_SD_Card.elf.dir/Drivers/STM32L4xx_HAL_Driver/Src/stm32l4xx_hal_uart.c.obj
 .debug_aranges
                0x00000ca8       0x28 CMakeFiles/demo_SPI_SD_Card.elf.dir/FATFS/App/fatfs.c.obj
 .debug_aranges
                0x00000cd0       0x40 CMakeFiles/demo_SPI_SD_Card.elf.dir/FATFS/Target/user_diskio.c.obj
 .debug_aranges
                0x00000d10       0x40 CMakeFiles/demo_SPI_SD_Card.elf.dir/Middlewares/Third_Party/FatFs/src/ff_gen_drv.c.obj

.debug_ranges   0x00000000      0xca8
 .debug_ranges  0x00000000       0x10 CMakeFiles/demo_SPI_SD_Card.elf.dir/Core/Src/gpio.c.obj
 .debug_ranges  0x00000010       0x38 CMakeFiles/demo_SPI_SD_Card.elf.dir/Core/Src/main.c.obj
 .debug_ranges  0x00000048       0x30 CMakeFiles/demo_SPI_SD_Card.elf.dir/Core/Src/spi.c.obj
 .debug_ranges  0x00000078       0x10 CMakeFiles/demo_SPI_SD_Card.elf.dir/Core/Src/stm32l4xx_hal_msp.c.obj
 .debug_ranges  0x00000088       0x50 CMakeFiles/demo_SPI_SD_Card.elf.dir/Core/Src/stm32l4xx_it.c.obj
 .debug_ranges  0x000000d8       0x18 CMakeFiles/demo_SPI_SD_Card.elf.dir/Core/Src/system_stm32l4xx.c.obj
 .debug_ranges  0x000000f0       0x20 CMakeFiles/demo_SPI_SD_Card.elf.dir/Core/Src/usart.c.obj
 .debug_ranges  0x00000110       0x20 CMakeFiles/demo_SPI_SD_Card.elf.dir/Core/Startup/startup_stm32l476rgtx.s.obj
 .debug_ranges  0x00000130       0xe0 CMakeFiles/demo_SPI_SD_Card.elf.dir/Drivers/LCD_240_280/Src/lcd.c.obj
 .debug_ranges  0x00000210       0x78 CMakeFiles/demo_SPI_SD_Card.elf.dir/Drivers/LCD_240_280/Src/lcd_interface.c.obj
 .debug_ranges  0x00000288       0x70 CMakeFiles/demo_SPI_SD_Card.elf.dir/Drivers/SD_Driver/Src/sd.c.obj
 .debug_ranges  0x000002f8       0x30 CMakeFiles/demo_SPI_SD_Card.elf.dir/Drivers/SD_Driver/Src/sd_interface.c.obj
 .debug_ranges  0x00000328      0x120 CMakeFiles/demo_SPI_SD_Card.elf.dir/Drivers/STM32L4xx_HAL_Driver/Src/stm32l4xx_hal.c.obj
 .debug_ranges  0x00000448       0xf8 CMakeFiles/demo_SPI_SD_Card.elf.dir/Drivers/STM32L4xx_HAL_Driver/Src/stm32l4xx_hal_cortex.c.obj
 .debug_ranges  0x00000540       0x48 CMakeFiles/demo_SPI_SD_Card.elf.dir/Drivers/STM32L4xx_HAL_Driver/Src/stm32l4xx_hal_gpio.c.obj
 .debug_ranges  0x00000588      0x150 CMakeFiles/demo_SPI_SD_Card.elf.dir/Drivers/STM32L4xx_HAL_Driver/Src/stm32l4xx_hal_pwr_ex.c.obj
 .debug_ranges  0x000006d8       0x98 CMakeFiles/demo_SPI_SD_Card.elf.dir/Drivers/STM32L4xx_HAL_Driver/Src/stm32l4xx_hal_rcc.c.obj
 .debug_ranges  0x00000770       0xc8 CMakeFiles/demo_SPI_SD_Card.elf.dir/Drivers/STM32L4xx_HAL_Driver/Src/stm32l4xx_hal_rcc_ex.c.obj
 .debug_ranges  0x00000838      0x1c8 CMakeFiles/demo_SPI_SD_Card.elf.dir/Drivers/STM32L4xx_HAL_Driver/Src/stm32l4xx_hal_spi.c.obj
 .debug_ranges  0x00000a00      0x230 CMakeFiles/demo_SPI_SD_Card.elf.dir/Drivers/STM32L4xx_HAL_Driver/Src/stm32l4xx_hal_uart.c.obj
 .debug_ranges  0x00000c30       0x18 CMakeFiles/demo_SPI_SD_Card.elf.dir/FATFS/App/fatfs.c.obj
 .debug_ranges  0x00000c48       0x30 CMakeFiles/demo_SPI_SD_Card.elf.dir/FATFS/Target/user_diskio.c.obj
 .debug_ranges  0x00000c78       0x30 CMakeFiles/demo_SPI_SD_Card.elf.dir/Middlewares/Third_Party/FatFs/src/ff_gen_drv.c.obj

.debug_line     0x00000000    0x107e8
 .debug_line    0x00000000      0x253 CMakeFiles/demo_SPI_SD_Card.elf.dir/Core/Src/gpio.c.obj
 .debug_line    0x00000253      0x5a8 CMakeFiles/demo_SPI_SD_Card.elf.dir/Core/Src/main.c.obj
 .debug_line    0x000007fb      0x555 CMakeFiles/demo_SPI_SD_Card.elf.dir/Core/Src/spi.c.obj
 .debug_line    0x00000d50      0x1c5 CMakeFiles/demo_SPI_SD_Card.elf.dir/Core/Src/stm32l4xx_hal_msp.c.obj
 .debug_line    0x00000f15      0x1f1 CMakeFiles/demo_SPI_SD_Card.elf.dir/Core/Src/stm32l4xx_it.c.obj
 .debug_line    0x00001106      0x2d1 CMakeFiles/demo_SPI_SD_Card.elf.dir/Core/Src/system_stm32l4xx.c.obj
 .debug_line    0x000013d7      0x40a CMakeFiles/demo_SPI_SD_Card.elf.dir/Core/Src/usart.c.obj
 .debug_line    0x000017e1       0xc2 CMakeFiles/demo_SPI_SD_Card.elf.dir/Core/Startup/startup_stm32l476rgtx.s.obj
 .debug_line    0x000018a3     0x1085 CMakeFiles/demo_SPI_SD_Card.elf.dir/Drivers/LCD_240_280/Src/lcd.c.obj
 .debug_line    0x00002928      0x5e0 CMakeFiles/demo_SPI_SD_Card.elf.dir/Drivers/LCD_240_280/Src/lcd_interface.c.obj
 .debug_line    0x00002f08      0x988 CMakeFiles/demo_SPI_SD_Card.elf.dir/Drivers/SD_Driver/Src/sd.c.obj
 .debug_line    0x00003890      0x376 CMakeFiles/demo_SPI_SD_Card.elf.dir/Drivers/SD_Driver/Src/sd_interface.c.obj
 .debug_line    0x00003c06      0x777 CMakeFiles/demo_SPI_SD_Card.elf.dir/Drivers/STM32L4xx_HAL_Driver/Src/stm32l4xx_hal.c.obj
 .debug_line    0x0000437d      0x851 CMakeFiles/demo_SPI_SD_Card.elf.dir/Drivers/STM32L4xx_HAL_Driver/Src/stm32l4xx_hal_cortex.c.obj
 .debug_line    0x00004bce      0x76d CMakeFiles/demo_SPI_SD_Card.elf.dir/Drivers/STM32L4xx_HAL_Driver/Src/stm32l4xx_hal_gpio.c.obj
 .debug_line    0x0000533b      0xbba CMakeFiles/demo_SPI_SD_Card.elf.dir/Drivers/STM32L4xx_HAL_Driver/Src/stm32l4xx_hal_pwr_ex.c.obj
 .debug_line    0x00005ef5      0xf97 CMakeFiles/demo_SPI_SD_Card.elf.dir/Drivers/STM32L4xx_HAL_Driver/Src/stm32l4xx_hal_rcc.c.obj
 .debug_line    0x00006e8c     0x15ca CMakeFiles/demo_SPI_SD_Card.elf.dir/Drivers/STM32L4xx_HAL_Driver/Src/stm32l4xx_hal_rcc_ex.c.obj
 .debug_line    0x00008456     0x2a6a CMakeFiles/demo_SPI_SD_Card.elf.dir/Drivers/STM32L4xx_HAL_Driver/Src/stm32l4xx_hal_spi.c.obj
 .debug_line    0x0000aec0     0x529c CMakeFiles/demo_SPI_SD_Card.elf.dir/Drivers/STM32L4xx_HAL_Driver/Src/stm32l4xx_hal_uart.c.obj
 .debug_line    0x0001015c      0x24a CMakeFiles/demo_SPI_SD_Card.elf.dir/FATFS/App/fatfs.c.obj
 .debug_line    0x000103a6      0x197 CMakeFiles/demo_SPI_SD_Card.elf.dir/FATFS/Target/user_diskio.c.obj
 .debug_line    0x0001053d      0x2ab CMakeFiles/demo_SPI_SD_Card.elf.dir/Middlewares/Third_Party/FatFs/src/ff_gen_drv.c.obj

.debug_str      0x00000000     0x4656
 .debug_str     0x00000000      0x3a6 CMakeFiles/demo_SPI_SD_Card.elf.dir/Core/Src/gpio.c.obj
                                0x3f6 (size before relaxing)
 .debug_str     0x000003a6      0x33b CMakeFiles/demo_SPI_SD_Card.elf.dir/Core/Src/main.c.obj
                                0x52d (size before relaxing)
 .debug_str     0x000006e1      0x421 CMakeFiles/demo_SPI_SD_Card.elf.dir/Core/Src/spi.c.obj
                                0x86d (size before relaxing)
 .debug_str     0x00000b02       0x66 CMakeFiles/demo_SPI_SD_Card.elf.dir/Core/Src/stm32l4xx_hal_msp.c.obj
                                0x36e (size before relaxing)
 .debug_str     0x00000b68       0xf1 CMakeFiles/demo_SPI_SD_Card.elf.dir/Core/Src/stm32l4xx_it.c.obj
                                0x295 (size before relaxing)
 .debug_str     0x00000c59       0xd8 CMakeFiles/demo_SPI_SD_Card.elf.dir/Core/Src/system_stm32l4xx.c.obj
                                0x3eb (size before relaxing)
 .debug_str     0x00000d31      0x4e3 CMakeFiles/demo_SPI_SD_Card.elf.dir/Core/Src/usart.c.obj
                                0xb61 (size before relaxing)
 .debug_str     0x00001214       0x70 CMakeFiles/demo_SPI_SD_Card.elf.dir/Core/Startup/startup_stm32l476rgtx.s.obj
                                 0xbf (size before relaxing)
 .debug_str     0x00001284      0x437 CMakeFiles/demo_SPI_SD_Card.elf.dir/Drivers/LCD_240_280/Src/lcd.c.obj
                                0x66b (size before relaxing)
 .debug_str     0x000016bb       0xfc CMakeFiles/demo_SPI_SD_Card.elf.dir/Drivers/LCD_240_280/Src/lcd_interface.c.obj
                                0x9c0 (size before relaxing)
 .debug_str     0x000017b7      0x1a7 CMakeFiles/demo_SPI_SD_Card.elf.dir/Drivers/SD_Driver/Src/sd.c.obj
                                0x3f2 (size before relaxing)
 .debug_str     0x0000195e       0x81 CMakeFiles/demo_SPI_SD_Card.elf.dir/Drivers/SD_Driver/Src/sd_interface.c.obj
                                0x8ae (size before relaxing)
 .debug_str     0x000019df      0xa1f CMakeFiles/demo_SPI_SD_Card.elf.dir/Drivers/STM32L4xx_HAL_Driver/Src/stm32l4xx_hal.c.obj
                                0xdc0 (size before relaxing)
 .debug_str     0x000023fe      0x4dc CMakeFiles/demo_SPI_SD_Card.elf.dir/Drivers/STM32L4xx_HAL_Driver/Src/stm32l4xx_hal_cortex.c.obj
                                0xc86 (size before relaxing)
 .debug_str     0x000028da      0x159 CMakeFiles/demo_SPI_SD_Card.elf.dir/Drivers/STM32L4xx_HAL_Driver/Src/stm32l4xx_hal_gpio.c.obj
                                0x5a6 (size before relaxing)
 .debug_str     0x00002a33      0x5af CMakeFiles/demo_SPI_SD_Card.elf.dir/Drivers/STM32L4xx_HAL_Driver/Src/stm32l4xx_hal_pwr_ex.c.obj
                                0x8b5 (size before relaxing)
 .debug_str     0x00002fe2      0x20a CMakeFiles/demo_SPI_SD_Card.elf.dir/Drivers/STM32L4xx_HAL_Driver/Src/stm32l4xx_hal_rcc.c.obj
                                0x902 (size before relaxing)
 .debug_str     0x000031ec      0x331 CMakeFiles/demo_SPI_SD_Card.elf.dir/Drivers/STM32L4xx_HAL_Driver/Src/stm32l4xx_hal_rcc_ex.c.obj
                                0xb21 (size before relaxing)
 .debug_str     0x0000351d      0x5bf CMakeFiles/demo_SPI_SD_Card.elf.dir/Drivers/STM32L4xx_HAL_Driver/Src/stm32l4xx_hal_spi.c.obj
                                0xc47 (size before relaxing)
 .debug_str     0x00003adc      0x7dc CMakeFiles/demo_SPI_SD_Card.elf.dir/Drivers/STM32L4xx_HAL_Driver/Src/stm32l4xx_hal_uart.c.obj
                               0x107a (size before relaxing)
 .debug_str     0x000042b8      0x20c CMakeFiles/demo_SPI_SD_Card.elf.dir/FATFS/App/fatfs.c.obj
                                0x3f0 (size before relaxing)
 .debug_str     0x000044c4       0x9e CMakeFiles/demo_SPI_SD_Card.elf.dir/FATFS/Target/user_diskio.c.obj
                                0x304 (size before relaxing)
 .debug_str     0x00004562       0xf4 CMakeFiles/demo_SPI_SD_Card.elf.dir/Middlewares/Third_Party/FatFs/src/ff_gen_drv.c.obj
                                0x35f (size before relaxing)

.comment        0x00000000       0x49
 .comment       0x00000000       0x49 CMakeFiles/demo_SPI_SD_Card.elf.dir/Core/Src/gpio.c.obj
                                 0x4a (size before relaxing)
 .comment       0x00000049       0x4a CMakeFiles/demo_SPI_SD_Card.elf.dir/Core/Src/main.c.obj
 .comment       0x00000049       0x4a CMakeFiles/demo_SPI_SD_Card.elf.dir/Core/Src/spi.c.obj
 .comment       0x00000049       0x4a CMakeFiles/demo_SPI_SD_Card.elf.dir/Core/Src/stm32l4xx_hal_msp.c.obj
 .comment       0x00000049       0x4a CMakeFiles/demo_SPI_SD_Card.elf.dir/Core/Src/stm32l4xx_it.c.obj
 .comment       0x00000049       0x4a CMakeFiles/demo_SPI_SD_Card.elf.dir/Core/Src/system_stm32l4xx.c.obj
 .comment       0x00000049       0x4a CMakeFiles/demo_SPI_SD_Card.elf.dir/Core/Src/usart.c.obj
 .comment       0x00000049       0x4a CMakeFiles/demo_SPI_SD_Card.elf.dir/Drivers/LCD_240_280/Src/lcd.c.obj
 .comment       0x00000049       0x4a CMakeFiles/demo_SPI_SD_Card.elf.dir/Drivers/LCD_240_280/Src/lcd_interface.c.obj
 .comment       0x00000049       0x4a CMakeFiles/demo_SPI_SD_Card.elf.dir/Drivers/SD_Driver/Src/sd.c.obj
 .comment       0x00000049       0x4a CMakeFiles/demo_SPI_SD_Card.elf.dir/Drivers/SD_Driver/Src/sd_interface.c.obj
 .comment       0x00000049       0x4a CMakeFiles/demo_SPI_SD_Card.elf.dir/Drivers/STM32L4xx_HAL_Driver/Src/stm32l4xx_hal.c.obj
 .comment       0x00000049       0x4a CMakeFiles/demo_SPI_SD_Card.elf.dir/Drivers/STM32L4xx_HAL_Driver/Src/stm32l4xx_hal_cortex.c.obj
 .comment       0x00000049       0x4a CMakeFiles/demo_SPI_SD_Card.elf.dir/Drivers/STM32L4xx_HAL_Driver/Src/stm32l4xx_hal_gpio.c.obj
 .comment       0x00000049       0x4a CMakeFiles/demo_SPI_SD_Card.elf.dir/Drivers/STM32L4xx_HAL_Driver/Src/stm32l4xx_hal_pwr_ex.c.obj
 .comment       0x00000049       0x4a CMakeFiles/demo_SPI_SD_Card.elf.dir/Drivers/STM32L4xx_HAL_Driver/Src/stm32l4xx_hal_rcc.c.obj
 .comment       0x00000049       0x4a CMakeFiles/demo_SPI_SD_Card.elf.dir/Drivers/STM32L4xx_HAL_Driver/Src/stm32l4xx_hal_rcc_ex.c.obj
 .comment       0x00000049       0x4a CMakeFiles/demo_SPI_SD_Card.elf.dir/Drivers/STM32L4xx_HAL_Driver/Src/stm32l4xx_hal_spi.c.obj
 .comment       0x00000049       0x4a CMakeFiles/demo_SPI_SD_Card.elf.dir/Drivers/STM32L4xx_HAL_Driver/Src/stm32l4xx_hal_uart.c.obj
 .comment       0x00000049       0x4a CMakeFiles/demo_SPI_SD_Card.elf.dir/FATFS/App/fatfs.c.obj
 .comment       0x00000049       0x4a CMakeFiles/demo_SPI_SD_Card.elf.dir/FATFS/Target/user_diskio.c.obj
 .comment       0x00000049       0x4a CMakeFiles/demo_SPI_SD_Card.elf.dir/Middlewares/Third_Party/FatFs/src/ff_gen_drv.c.obj

.debug_frame    0x00000000     0x243c
 .debug_frame   0x00000000       0x2c CMakeFiles/demo_SPI_SD_Card.elf.dir/Core/Src/gpio.c.obj
 .debug_frame   0x0000002c       0x64 CMakeFiles/demo_SPI_SD_Card.elf.dir/Core/Src/main.c.obj
 .debug_frame   0x00000090       0x90 CMakeFiles/demo_SPI_SD_Card.elf.dir/Core/Src/spi.c.obj
 .debug_frame   0x00000120       0x28 CMakeFiles/demo_SPI_SD_Card.elf.dir/Core/Src/stm32l4xx_hal_msp.c.obj
 .debug_frame   0x00000148       0xa8 CMakeFiles/demo_SPI_SD_Card.elf.dir/Core/Src/stm32l4xx_it.c.obj
 .debug_frame   0x000001f0       0x30 CMakeFiles/demo_SPI_SD_Card.elf.dir/Core/Src/system_stm32l4xx.c.obj
 .debug_frame   0x00000220       0x64 CMakeFiles/demo_SPI_SD_Card.elf.dir/Core/Src/usart.c.obj
 .debug_frame   0x00000284      0x3e4 CMakeFiles/demo_SPI_SD_Card.elf.dir/Drivers/LCD_240_280/Src/lcd.c.obj
 .debug_frame   0x00000668      0x178 CMakeFiles/demo_SPI_SD_Card.elf.dir/Drivers/LCD_240_280/Src/lcd_interface.c.obj
 .debug_frame   0x000007e0      0x18c CMakeFiles/demo_SPI_SD_Card.elf.dir/Drivers/SD_Driver/Src/sd.c.obj
 .debug_frame   0x0000096c       0x94 CMakeFiles/demo_SPI_SD_Card.elf.dir/Drivers/SD_Driver/Src/sd_interface.c.obj
 .debug_frame   0x00000a00      0x274 CMakeFiles/demo_SPI_SD_Card.elf.dir/Drivers/STM32L4xx_HAL_Driver/Src/stm32l4xx_hal.c.obj
 .debug_frame   0x00000c74      0x148 CMakeFiles/demo_SPI_SD_Card.elf.dir/Drivers/STM32L4xx_HAL_Driver/Src/stm32l4xx_hal_cortex.c.obj
 .debug_frame   0x00000dbc       0xd0 CMakeFiles/demo_SPI_SD_Card.elf.dir/Drivers/STM32L4xx_HAL_Driver/Src/stm32l4xx_hal_gpio.c.obj
 .debug_frame   0x00000e8c      0x2b8 CMakeFiles/demo_SPI_SD_Card.elf.dir/Drivers/STM32L4xx_HAL_Driver/Src/stm32l4xx_hal_pwr_ex.c.obj
 .debug_frame   0x00001144      0x19c CMakeFiles/demo_SPI_SD_Card.elf.dir/Drivers/STM32L4xx_HAL_Driver/Src/stm32l4xx_hal_rcc.c.obj
 .debug_frame   0x000012e0      0x204 CMakeFiles/demo_SPI_SD_Card.elf.dir/Drivers/STM32L4xx_HAL_Driver/Src/stm32l4xx_hal_rcc_ex.c.obj
 .debug_frame   0x000014e4      0x5f8 CMakeFiles/demo_SPI_SD_Card.elf.dir/Drivers/STM32L4xx_HAL_Driver/Src/stm32l4xx_hal_spi.c.obj
 .debug_frame   0x00001adc      0x600 CMakeFiles/demo_SPI_SD_Card.elf.dir/Drivers/STM32L4xx_HAL_Driver/Src/stm32l4xx_hal_uart.c.obj
 .debug_frame   0x000020dc       0x38 CMakeFiles/demo_SPI_SD_Card.elf.dir/FATFS/App/fatfs.c.obj
 .debug_frame   0x00002114       0x60 CMakeFiles/demo_SPI_SD_Card.elf.dir/FATFS/Target/user_diskio.c.obj
 .debug_frame   0x00002174       0x7c CMakeFiles/demo_SPI_SD_Card.elf.dir/Middlewares/Third_Party/FatFs/src/ff_gen_drv.c.obj
 .debug_frame   0x000021f0       0x2c c:/progra~1/gcc-arm-none-eabi-10.3-2021.10/bin/../lib/gcc/arm-none-eabi/10.3.1/thumb/v7e-m/nofp\libgcc.a(_aeabi_uldivmod.o)
 .debug_frame   0x0000221c       0x34 c:/progra~1/gcc-arm-none-eabi-10.3-2021.10/bin/../lib/gcc/arm-none-eabi/10.3.1/thumb/v7e-m/nofp\libgcc.a(_udivmoddi4.o)
 .debug_frame   0x00002250       0x2c c:/progra~1/gcc-arm-none-eabi-10.3-2021.10/bin/../lib/gcc/arm-none-eabi/10.3.1/../../../../arm-none-eabi/lib/thumb/v7e-m/nofp\libg.a(lib_a-init.o)
 .debug_frame   0x0000227c       0x2c c:/progra~1/gcc-arm-none-eabi-10.3-2021.10/bin/../lib/gcc/arm-none-eabi/10.3.1/../../../../arm-none-eabi/lib/thumb/v7e-m/nofp\libg.a(lib_a-memset.o)
 .debug_frame   0x000022a8       0x5c c:/progra~1/gcc-arm-none-eabi-10.3-2021.10/bin/../lib/gcc/arm-none-eabi/10.3.1/../../../../arm-none-eabi/lib/thumb/v7e-m/nofp\libg.a(lib_a-__call_atexit.o)
 .debug_frame   0x00002304       0x20 c:/progra~1/gcc-arm-none-eabi-10.3-2021.10/bin/../lib/gcc/arm-none-eabi/10.3.1/../../../../arm-none-eabi/lib/thumb/v7e-m/nofp\libg.a(lib_a-atexit.o)
 .debug_frame   0x00002324       0x34 c:/progra~1/gcc-arm-none-eabi-10.3-2021.10/bin/../lib/gcc/arm-none-eabi/10.3.1/../../../../arm-none-eabi/lib/thumb/v7e-m/nofp\libg.a(lib_a-fini.o)
 .debug_frame   0x00002358       0xb0 c:/progra~1/gcc-arm-none-eabi-10.3-2021.10/bin/../lib/gcc/arm-none-eabi/10.3.1/../../../../arm-none-eabi/lib/thumb/v7e-m/nofp\libg.a(lib_a-lock.o)
 .debug_frame   0x00002408       0x34 c:/progra~1/gcc-arm-none-eabi-10.3-2021.10/bin/../lib/gcc/arm-none-eabi/10.3.1/../../../../arm-none-eabi/lib/thumb/v7e-m/nofp\libg.a(lib_a-__atexit.o)

.debug_loc      0x00000000     0xd5d0
 .debug_loc     0x00000000       0xd6 CMakeFiles/demo_SPI_SD_Card.elf.dir/Core/Src/main.c.obj
 .debug_loc     0x000000d6       0xbe CMakeFiles/demo_SPI_SD_Card.elf.dir/Core/Src/spi.c.obj
 .debug_loc     0x00000194      0x127 CMakeFiles/demo_SPI_SD_Card.elf.dir/Core/Src/system_stm32l4xx.c.obj
 .debug_loc     0x000002bb       0x64 CMakeFiles/demo_SPI_SD_Card.elf.dir/Core/Src/usart.c.obj
 .debug_loc     0x0000031f     0x1ca3 CMakeFiles/demo_SPI_SD_Card.elf.dir/Drivers/LCD_240_280/Src/lcd.c.obj
 .debug_loc     0x00001fc2      0x12f CMakeFiles/demo_SPI_SD_Card.elf.dir/Drivers/LCD_240_280/Src/lcd_interface.c.obj
 .debug_loc     0x000020f1      0x870 CMakeFiles/demo_SPI_SD_Card.elf.dir/Drivers/SD_Driver/Src/sd.c.obj
 .debug_loc     0x00002961       0x48 CMakeFiles/demo_SPI_SD_Card.elf.dir/Drivers/SD_Driver/Src/sd_interface.c.obj
 .debug_loc     0x000029a9      0x1ef CMakeFiles/demo_SPI_SD_Card.elf.dir/Drivers/STM32L4xx_HAL_Driver/Src/stm32l4xx_hal.c.obj
 .debug_loc     0x00002b98      0x744 CMakeFiles/demo_SPI_SD_Card.elf.dir/Drivers/STM32L4xx_HAL_Driver/Src/stm32l4xx_hal_cortex.c.obj
 .debug_loc     0x000032dc      0x3da CMakeFiles/demo_SPI_SD_Card.elf.dir/Drivers/STM32L4xx_HAL_Driver/Src/stm32l4xx_hal_gpio.c.obj
 .debug_loc     0x000036b6      0xb06 CMakeFiles/demo_SPI_SD_Card.elf.dir/Drivers/STM32L4xx_HAL_Driver/Src/stm32l4xx_hal_pwr_ex.c.obj
 .debug_loc     0x000041bc      0x81c CMakeFiles/demo_SPI_SD_Card.elf.dir/Drivers/STM32L4xx_HAL_Driver/Src/stm32l4xx_hal_rcc.c.obj
 .debug_loc     0x000049d8     0x1af9 CMakeFiles/demo_SPI_SD_Card.elf.dir/Drivers/STM32L4xx_HAL_Driver/Src/stm32l4xx_hal_rcc_ex.c.obj
 .debug_loc     0x000064d1     0x21e4 CMakeFiles/demo_SPI_SD_Card.elf.dir/Drivers/STM32L4xx_HAL_Driver/Src/stm32l4xx_hal_spi.c.obj
 .debug_loc     0x000086b5     0x4bd8 CMakeFiles/demo_SPI_SD_Card.elf.dir/Drivers/STM32L4xx_HAL_Driver/Src/stm32l4xx_hal_uart.c.obj
 .debug_loc     0x0000d28d       0xb9 CMakeFiles/demo_SPI_SD_Card.elf.dir/FATFS/Target/user_diskio.c.obj
 .debug_loc     0x0000d346      0x28a CMakeFiles/demo_SPI_SD_Card.elf.dir/Middlewares/Third_Party/FatFs/src/ff_gen_drv.c.obj
