Archive member included to satisfy reference by file (symbol)

c:/progra~1/gcc-arm-none-eabi-10.3-2021.10/bin/../lib/gcc/arm-none-eabi/10.3.1/thumb/v7e-m+fp/hard\libgcc.a(_aeabi_uldivmod.o)
                              CMakeFiles/demo_SPI_SD_Card.elf.dir/Drivers/STM32L4xx_HAL_Driver/Src/stm32l4xx_hal_uart.c.obj (__aeabi_uldivmod)
c:/progra~1/gcc-arm-none-eabi-10.3-2021.10/bin/../lib/gcc/arm-none-eabi/10.3.1/thumb/v7e-m+fp/hard\libgcc.a(_udivmoddi4.o)
                              c:/progra~1/gcc-arm-none-eabi-10.3-2021.10/bin/../lib/gcc/arm-none-eabi/10.3.1/thumb/v7e-m+fp/hard\libgcc.a(_aeabi_uldivmod.o) (__udivmoddi4)
c:/progra~1/gcc-arm-none-eabi-10.3-2021.10/bin/../lib/gcc/arm-none-eabi/10.3.1/thumb/v7e-m+fp/hard\libgcc.a(_dvmd_tls.o)
                              c:/progra~1/gcc-arm-none-eabi-10.3-2021.10/bin/../lib/gcc/arm-none-eabi/10.3.1/thumb/v7e-m+fp/hard\libgcc.a(_aeabi_uldivmod.o) (__aeabi_ldiv0)
c:/progra~1/gcc-arm-none-eabi-10.3-2021.10/bin/../lib/gcc/arm-none-eabi/10.3.1/../../../../arm-none-eabi/lib/thumb/v7e-m+fp/hard\libc.a(lib_a-errno.o)
                              CMakeFiles/demo_SPI_SD_Card.elf.dir/Core/Src/syscalls.c.obj (__errno)
c:/progra~1/gcc-arm-none-eabi-10.3-2021.10/bin/../lib/gcc/arm-none-eabi/10.3.1/../../../../arm-none-eabi/lib/thumb/v7e-m+fp/hard\libc.a(lib_a-exit.o)
                              c:/progra~1/gcc-arm-none-eabi-10.3-2021.10/bin/../lib/gcc/arm-none-eabi/10.3.1/../../../../arm-none-eabi/lib/thumb/v7e-m+fp/hard/crt0.o (exit)
c:/progra~1/gcc-arm-none-eabi-10.3-2021.10/bin/../lib/gcc/arm-none-eabi/10.3.1/../../../../arm-none-eabi/lib/thumb/v7e-m+fp/hard\libc.a(lib_a-impure.o)
                              c:/progra~1/gcc-arm-none-eabi-10.3-2021.10/bin/../lib/gcc/arm-none-eabi/10.3.1/../../../../arm-none-eabi/lib/thumb/v7e-m+fp/hard\libc.a(lib_a-exit.o) (_global_impure_ptr)
c:/progra~1/gcc-arm-none-eabi-10.3-2021.10/bin/../lib/gcc/arm-none-eabi/10.3.1/../../../../arm-none-eabi/lib/thumb/v7e-m+fp/hard\libc.a(lib_a-init.o)
                              c:/progra~1/gcc-arm-none-eabi-10.3-2021.10/bin/../lib/gcc/arm-none-eabi/10.3.1/../../../../arm-none-eabi/lib/thumb/v7e-m+fp/hard/crt0.o (__libc_init_array)
c:/progra~1/gcc-arm-none-eabi-10.3-2021.10/bin/../lib/gcc/arm-none-eabi/10.3.1/../../../../arm-none-eabi/lib/thumb/v7e-m+fp/hard\libc.a(lib_a-memset.o)
                              c:/progra~1/gcc-arm-none-eabi-10.3-2021.10/bin/../lib/gcc/arm-none-eabi/10.3.1/../../../../arm-none-eabi/lib/thumb/v7e-m+fp/hard/crt0.o (memset)
c:/progra~1/gcc-arm-none-eabi-10.3-2021.10/bin/../lib/gcc/arm-none-eabi/10.3.1/../../../../arm-none-eabi/lib/thumb/v7e-m+fp/hard\libc.a(lib_a-__call_atexit.o)
                              c:/progra~1/gcc-arm-none-eabi-10.3-2021.10/bin/../lib/gcc/arm-none-eabi/10.3.1/../../../../arm-none-eabi/lib/thumb/v7e-m+fp/hard\libc.a(lib_a-exit.o) (__call_exitprocs)
c:/progra~1/gcc-arm-none-eabi-10.3-2021.10/bin/../lib/gcc/arm-none-eabi/10.3.1/../../../../arm-none-eabi/lib/thumb/v7e-m+fp/hard\libc.a(lib_a-atexit.o)
                              c:/progra~1/gcc-arm-none-eabi-10.3-2021.10/bin/../lib/gcc/arm-none-eabi/10.3.1/../../../../arm-none-eabi/lib/thumb/v7e-m+fp/hard\libc.a(lib_a-__call_atexit.o) (atexit)
c:/progra~1/gcc-arm-none-eabi-10.3-2021.10/bin/../lib/gcc/arm-none-eabi/10.3.1/../../../../arm-none-eabi/lib/thumb/v7e-m+fp/hard\libc.a(lib_a-fini.o)
                              c:/progra~1/gcc-arm-none-eabi-10.3-2021.10/bin/../lib/gcc/arm-none-eabi/10.3.1/../../../../arm-none-eabi/lib/thumb/v7e-m+fp/hard\libc.a(lib_a-__call_atexit.o) (__libc_fini_array)
c:/progra~1/gcc-arm-none-eabi-10.3-2021.10/bin/../lib/gcc/arm-none-eabi/10.3.1/../../../../arm-none-eabi/lib/thumb/v7e-m+fp/hard\libc.a(lib_a-lock.o)
                              c:/progra~1/gcc-arm-none-eabi-10.3-2021.10/bin/../lib/gcc/arm-none-eabi/10.3.1/../../../../arm-none-eabi/lib/thumb/v7e-m+fp/hard\libc.a(lib_a-__call_atexit.o) (__retarget_lock_acquire_recursive)
c:/progra~1/gcc-arm-none-eabi-10.3-2021.10/bin/../lib/gcc/arm-none-eabi/10.3.1/../../../../arm-none-eabi/lib/thumb/v7e-m+fp/hard\libc.a(lib_a-__atexit.o)
                              c:/progra~1/gcc-arm-none-eabi-10.3-2021.10/bin/../lib/gcc/arm-none-eabi/10.3.1/../../../../arm-none-eabi/lib/thumb/v7e-m+fp/hard\libc.a(lib_a-atexit.o) (__register_exitproc)

Discarded input sections

 .text          0x00000000        0x0 c:/progra~1/gcc-arm-none-eabi-10.3-2021.10/bin/../lib/gcc/arm-none-eabi/10.3.1/thumb/v7e-m+fp/hard/crti.o
 .data          0x00000000        0x0 c:/progra~1/gcc-arm-none-eabi-10.3-2021.10/bin/../lib/gcc/arm-none-eabi/10.3.1/thumb/v7e-m+fp/hard/crti.o
 .bss           0x00000000        0x0 c:/progra~1/gcc-arm-none-eabi-10.3-2021.10/bin/../lib/gcc/arm-none-eabi/10.3.1/thumb/v7e-m+fp/hard/crti.o
 .data          0x00000000        0x4 c:/progra~1/gcc-arm-none-eabi-10.3-2021.10/bin/../lib/gcc/arm-none-eabi/10.3.1/thumb/v7e-m+fp/hard/crtbegin.o
[...]
Memory Configuration

Name             Origin             Length             Attributes
RAM              0x20000000         0x00018000         xrw
RAM2             0x10000000         0x00008000         xrw
FLASH            0x08000000         0x00100000         xr
*default*        0x00000000         0xffffffff

Linker script and memory map

LOAD c:/progra~1/gcc-arm-none-eabi-10.3-2021.10/bin/../lib/gcc/arm-none-eabi/10.3.1/thumb/v7e-m+fp/hard/crti.o
LOAD c:/progra~1/gcc-arm-none-eabi-10.3-2021.10/bin/../lib/gcc/arm-none-eabi/10.3.1/thumb/v7e-m+fp/hard/crtbegin.o
LOAD c:/progra~1/gcc-arm-none-eabi-10.3-2021.10/bin/../lib/gcc/arm-none-eabi/10.3.1/../../../../arm-none-eabi/lib/thumb/v7e-m+fp/hard/crt0.o
LOAD CMakeFiles/demo_SPI_SD_Card.elf.dir/Core/Src/gpio.c.obj
LOAD CMakeFiles/demo_SPI_SD_Card.elf.dir/Core/Src/main.c.obj
LOAD CMakeFiles/demo_SPI_SD_Card.elf.dir/Core/Src/spi.c.obj
LOAD CMakeFiles/demo_SPI_SD_Card.elf.dir/Core/Src/stm32l4xx_hal_msp.c.obj
LOAD CMakeFiles/demo_SPI_SD_Card.elf.dir/Core/Src/stm32l4xx_it.c.obj
LOAD CMakeFiles/demo_SPI_SD_Card.elf.dir/Core/Src/syscalls.c.obj
LOAD CMakeFiles/demo_SPI_SD_Card.elf.dir/Core/Src/sysmem.c.obj
LOAD CMakeFiles/demo_SPI_SD_Card.elf.dir/Core/Src/system_stm32l4xx.c.obj
LOAD CMakeFiles/demo_SPI_SD_Card.elf.dir/Core/Src/usart.c.obj
LOAD CMakeFiles/demo_SPI_SD_Card.elf.dir/Core/Startup/startup_stm32l476rgtx.s.obj
LOAD CMakeFiles/demo_SPI_SD_Card.elf.dir/Drivers/LCD_240_280/Src/lcd.c.obj
LOAD CMakeFiles/demo_SPI_SD_Card.elf.dir/Drivers/LCD_240_280/Src/lcd_interface.c.obj
LOAD CMakeFiles/demo_SPI_SD_Card.elf.dir/Drivers/STM32L4xx_HAL_Driver/Src/stm32l4xx_hal.c.obj
LOAD CMakeFiles/demo_SPI_SD_Card.elf.dir/Drivers/STM32L4xx_HAL_Driver/Src/stm32l4xx_hal_cortex.c.obj
LOAD CMakeFiles/demo_SPI_SD_Card.elf.dir/Drivers/STM32L4xx_HAL_Driver/Src/stm32l4xx_hal_dma.c.obj
LOAD CMakeFiles/demo_SPI_SD_Card.elf.dir/Drivers/STM32L4xx_HAL_Driver/Src/stm32l4xx_hal_dma_ex.c.obj
LOAD CMakeFiles/demo_SPI_SD_Card.elf.dir/Drivers/STM32L4xx_HAL_Driver/Src/stm32l4xx_hal_exti.c.obj
LOAD CMakeFiles/demo_SPI_SD_Card.elf.dir/Drivers/STM32L4xx_HAL_Driver/Src/stm32l4xx_hal_flash.c.obj
LOAD CMakeFiles/demo_SPI_SD_Card.elf.dir/Drivers/STM32L4xx_HAL_Driver/Src/stm32l4xx_hal_flash_ex.c.obj
LOAD CMakeFiles/demo_SPI_SD_Card.elf.dir/Drivers/STM32L4xx_HAL_Driver/Src/stm32l4xx_hal_flash_ramfunc.c.obj
LOAD CMakeFiles/demo_SPI_SD_Card.elf.dir/Drivers/STM32L4xx_HAL_Driver/Src/stm32l4xx_hal_gpio.c.obj
LOAD CMakeFiles/demo_SPI_SD_Card.elf.dir/Drivers/STM32L4xx_HAL_Driver/Src/stm32l4xx_hal_pwr.c.obj
LOAD CMakeFiles/demo_SPI_SD_Card.elf.dir/Drivers/STM32L4xx_HAL_Driver/Src/stm32l4xx_hal_pwr_ex.c.obj
LOAD CMakeFiles/demo_SPI_SD_Card.elf.dir/Drivers/STM32L4xx_HAL_Driver/Src/stm32l4xx_hal_rcc.c.obj
LOAD CMakeFiles/demo_SPI_SD_Card.elf.dir/Drivers/STM32L4xx_HAL_Driver/Src/stm32l4xx_hal_rcc_ex.c.obj
LOAD CMakeFiles/demo_SPI_SD_Card.elf.dir/Drivers/STM32L4xx_HAL_Driver/Src/stm32l4xx_hal_spi.c.obj
LOAD CMakeFiles/demo_SPI_SD_Card.elf.dir/Drivers/STM32L4xx_HAL_Driver/Src/stm32l4xx_hal_spi_ex.c.obj
LOAD CMakeFiles/demo_SPI_SD_Card.elf.dir/Drivers/STM32L4xx_HAL_Driver/Src/stm32l4xx_hal_tim.c.obj
LOAD CMakeFiles/demo_SPI_SD_Card.elf.dir/Drivers/STM32L4xx_HAL_Driver/Src/stm32l4xx_hal_tim_ex.c.obj
LOAD CMakeFiles/demo_SPI_SD_Card.elf.dir/Drivers/STM32L4xx_HAL_Driver/Src/stm32l4xx_hal_uart.c.obj
LOAD CMakeFiles/demo_SPI_SD_Card.elf.dir/Drivers/STM32L4xx_HAL_Driver/Src/stm32l4xx_hal_uart_ex.c.obj
START GROUP
LOAD c:/progra~1/gcc-arm-none-eabi-10.3-2021.10/bin/../lib/gcc/arm-none-eabi/10.3.1/thumb/v7e-m+fp/hard\libgcc.a
LOAD c:/progra~1/gcc-arm-none-eabi-10.3-2021.10/bin/../lib/gcc/arm-none-eabi/10.3.1/../../../../arm-none-eabi/lib/thumb/v7e-m+fp/hard\libc.a
END GROUP
LOAD c:/progra~1/gcc-arm-none-eabi-10.3-2021.10/bin/../lib/gcc/arm-none-eabi/10.3.1/thumb/v7e-m+fp/hard/crtend.o
LOAD c:/progra~1/gcc-arm-none-eabi-10.3-2021.10/bin/../lib/gcc/arm-none-eabi/10.3.1/thumb/v7e-m+fp/hard/crtn.o
                0x20018000                _estack = (ORIGIN (RAM) + LENGTH (RAM))
                0x00000200                _Min_Heap_Size = 0x200
                0x00000400                _Min_Stack_Size = 0x400

.isr_vector     0x08000000      0x188
                0x08000000                . = ALIGN (0x4)
 *(.isr_vector)
 .isr_vector    0x08000000      0x188 CMakeFiles/demo_SPI_SD_Card.elf.dir/Core/Startup/startup_stm32l476rgtx.s.obj
                0x08000000                g_pfnVectors
                0x08000188                . = ALIGN (0x4)

.text           0x08000188     0x2e34
                0x08000188                . = ALIGN (0x4)
 *(.text)
 .text          0x08000188       0x40 c:/progra~1/gcc-arm-none-eabi-10.3-2021.10/bin/../lib/gcc/arm-none-eabi/10.3.1/thumb/v7e-m+fp/hard/crtbegin.o
 .text          0x080001c8       0x30 c:/progra~1/gcc-arm-none-eabi-10.3-2021.10/bin/../lib/gcc/arm-none-eabi/10.3.1/thumb/v7e-m+fp/hard\libgcc.a(_aeabi_uldivmod.o)
                0x080001c8                __aeabi_uldivmod
 .text          0x080001f8      0x2d0 c:/progra~1/gcc-arm-none-eabi-10.3-2021.10/bin/../lib/gcc/arm-none-eabi/10.3.1/thumb/v7e-m+fp/hard\libgcc.a(_udivmoddi4.o)
                0x080001f8                __udivmoddi4
 .text          0x080004c8        0x4 c:/progra~1/gcc-arm-none-eabi-10.3-2021.10/bin/../lib/gcc/arm-none-eabi/10.3.1/thumb/v7e-m+fp/hard\libgcc.a(_dvmd_tls.o)
                0x080004c8                __aeabi_idiv0
                0x080004c8                __aeabi_ldiv0
 *(.text*)
 .text.MX_GPIO_Init
                0x080004cc       0x80 CMakeFiles/demo_SPI_SD_Card.elf.dir/Core/Src/gpio.c.obj
                0x080004cc                MX_GPIO_Init
 .text.Error_Handler
                0x0800054c        0x4 CMakeFiles/demo_SPI_SD_Card.elf.dir/Core/Src/main.c.obj
                0x0800054c                Error_Handler
 .text.SystemClock_Config
                0x08000550       0x7a CMakeFiles/demo_SPI_SD_Card.elf.dir/Core/Src/main.c.obj
                0x08000550                SystemClock_Config
 *fill*         0x080005ca        0x2 
 .text.main     0x080005cc       0x40 CMakeFiles/demo_SPI_SD_Card.elf.dir/Core/Src/main.c.obj
                0x080005cc                main
 .text.MX_SPI1_Init
                0x0800060c       0x4c CMakeFiles/demo_SPI_SD_Card.elf.dir/Core/Src/spi.c.obj
                0x0800060c                MX_SPI1_Init
 .text.MX_SPI3_Init
                0x08000658       0x4c CMakeFiles/demo_SPI_SD_Card.elf.dir/Core/Src/spi.c.obj
                0x08000658                MX_SPI3_Init
 .text.HAL_SPI_MspInit
                0x080006a4       0xb8 CMakeFiles/demo_SPI_SD_Card.elf.dir/Core/Src/spi.c.obj
                0x080006a4                HAL_SPI_MspInit
 .text.HAL_MspInit
                0x0800075c       0x30 CMakeFiles/demo_SPI_SD_Card.elf.dir/Core/Src/stm32l4xx_hal_msp.c.obj
                0x0800075c                HAL_MspInit
 .text.NMI_Handler
                0x0800078c        0x2 CMakeFiles/demo_SPI_SD_Card.elf.dir/Core/Src/stm32l4xx_it.c.obj
                0x0800078c                NMI_Handler
 .text.HardFault_Handler
                0x0800078e        0x2 CMakeFiles/demo_SPI_SD_Card.elf.dir/Core/Src/stm32l4xx_it.c.obj
                0x0800078e                HardFault_Handler
 .text.MemManage_Handler
                0x08000790        0x2 CMakeFiles/demo_SPI_SD_Card.elf.dir/Core/Src/stm32l4xx_it.c.obj
                0x08000790                MemManage_Handler
 .text.BusFault_Handler
                0x08000792        0x2 CMakeFiles/demo_SPI_SD_Card.elf.dir/Core/Src/stm32l4xx_it.c.obj
                0x08000792                BusFault_Handler
 .text.UsageFault_Handler
                0x08000794        0x2 CMakeFiles/demo_SPI_SD_Card.elf.dir/Core/Src/stm32l4xx_it.c.obj
                0x08000794                UsageFault_Handler
 .text.SVC_Handler
                0x08000796        0x2 CMakeFiles/demo_SPI_SD_Card.elf.dir/Core/Src/stm32l4xx_it.c.obj
                0x08000796                SVC_Handler
 .text.DebugMon_Handler
                0x08000798        0x2 CMakeFiles/demo_SPI_SD_Card.elf.dir/Core/Src/stm32l4xx_it.c.obj
                0x08000798                DebugMon_Handler
 .text.PendSV_Handler
                0x0800079a        0x2 CMakeFiles/demo_SPI_SD_Card.elf.dir/Core/Src/stm32l4xx_it.c.obj
                0x0800079a                PendSV_Handler
 .text.SysTick_Handler
                0x0800079c        0x8 CMakeFiles/demo_SPI_SD_Card.elf.dir/Core/Src/stm32l4xx_it.c.obj
                0x0800079c                SysTick_Handler
 .text.SystemInit
                0x080007a4       0x14 CMakeFiles/demo_SPI_SD_Card.elf.dir/Core/Src/system_stm32l4xx.c.obj
                0x080007a4                SystemInit
 .text.MX_USART2_UART_Init
                0x080007b8       0x38 CMakeFiles/demo_SPI_SD_Card.elf.dir/Core/Src/usart.c.obj
                0x080007b8                MX_USART2_UART_Init
 .text.HAL_UART_MspInit
                0x080007f0       0x88 CMakeFiles/demo_SPI_SD_Card.elf.dir/Core/Src/usart.c.obj
                0x080007f0                HAL_UART_MspInit
 .text.Reset_Handler
                0x08000878       0x50 CMakeFiles/demo_SPI_SD_Card.elf.dir/Core/Startup/startup_stm32l476rgtx.s.obj
                0x08000878                Reset_Handler
 .text.Default_Handler
                0x080008c8        0x2 CMakeFiles/demo_SPI_SD_Card.elf.dir/Core/Startup/startup_stm32l476rgtx.s.obj
                0x080008c8                RTC_Alarm_IRQHandler
                0x080008c8                EXTI2_IRQHandler
                0x080008c8                TIM8_TRG_COM_IRQHandler
                0x080008c8                TIM8_CC_IRQHandler
                0x080008c8                TIM1_CC_IRQHandler
                0x080008c8                TSC_IRQHandler
                0x080008c8                TAMP_STAMP_IRQHandler
                0x080008c8                EXTI3_IRQHandler
                0x080008c8                LPTIM2_IRQHandler
                0x080008c8                DFSDM1_FLT1_IRQHandler
                0x080008c8                I2C3_ER_IRQHandler
                0x080008c8                DFSDM1_FLT2_IRQHandler
                0x080008c8                EXTI0_IRQHandler
                0x080008c8                I2C2_EV_IRQHandler
                0x080008c8                CAN1_RX0_IRQHandler
                0x080008c8                FPU_IRQHandler
                0x080008c8                TIM1_UP_TIM16_IRQHandler
                0x080008c8                ADC1_2_IRQHandler
                0x080008c8                SPI1_IRQHandler
                0x080008c8                TIM6_DAC_IRQHandler
                0x080008c8                TIM8_UP_IRQHandler
                0x080008c8                DMA2_Channel2_IRQHandler
                0x080008c8                DMA1_Channel4_IRQHandler
                0x080008c8                SAI2_IRQHandler
                0x080008c8                DFSDM1_FLT3_IRQHandler
                0x080008c8                USART3_IRQHandler
                0x080008c8                DMA1_Channel7_IRQHandler
                0x080008c8                CAN1_RX1_IRQHandler
                0x080008c8                LCD_IRQHandler
                0x080008c8                UART5_IRQHandler
                0x080008c8                ADC3_IRQHandler
                0x080008c8                TIM4_IRQHandler
                0x080008c8                DMA2_Channel1_IRQHandler
                0x080008c8                QUADSPI_IRQHandler
                0x080008c8                I2C1_EV_IRQHandler
                0x080008c8                DMA1_Channel6_IRQHandler
                0x080008c8                UART4_IRQHandler
                0x080008c8                DMA2_Channel4_IRQHandler
                0x080008c8                TIM3_IRQHandler
                0x080008c8                RCC_IRQHandler
                0x080008c8                DMA1_Channel1_IRQHandler
                0x080008c8                Default_Handler
                0x080008c8                DMA2_Channel7_IRQHandler
                0x080008c8                EXTI15_10_IRQHandler
                0x080008c8                TIM7_IRQHandler
                0x080008c8                SDMMC1_IRQHandler
                0x080008c8                TIM5_IRQHandler
                0x080008c8                I2C3_EV_IRQHandler
                0x080008c8                EXTI9_5_IRQHandler
                0x080008c8                RTC_WKUP_IRQHandler
                0x080008c8                PVD_PVM_IRQHandler
                0x080008c8                SPI2_IRQHandler
                0x080008c8                CAN1_TX_IRQHandler
                0x080008c8                DMA2_Channel5_IRQHandler
                0x080008c8                DMA1_Channel5_IRQHandler
                0x080008c8                EXTI4_IRQHandler
                0x080008c8                RNG_IRQHandler
                0x080008c8                TIM1_TRG_COM_TIM17_IRQHandler
                0x080008c8                DMA1_Channel3_IRQHandler
                0x080008c8                COMP_IRQHandler
                0x080008c8                WWDG_IRQHandler
                0x080008c8                LPUART1_IRQHandler
                0x080008c8                DMA2_Channel6_IRQHandler
                0x080008c8                TIM2_IRQHandler
                0x080008c8                EXTI1_IRQHandler
                0x080008c8                USART2_IRQHandler
                0x080008c8                DFSDM1_FLT0_IRQHandler
                0x080008c8                I2C2_ER_IRQHandler
                0x080008c8                DMA1_Channel2_IRQHandler
                0x080008c8                TIM8_BRK_IRQHandler
                0x080008c8                CAN1_SCE_IRQHandler
                0x080008c8                FLASH_IRQHandler
                0x080008c8                USART1_IRQHandler
                0x080008c8                OTG_FS_IRQHandler
                0x080008c8                SPI3_IRQHandler
                0x080008c8                I2C1_ER_IRQHandler
                0x080008c8                FMC_IRQHandler
                0x080008c8                SWPMI1_IRQHandler
                0x080008c8                LPTIM1_IRQHandler
                0x080008c8                SAI1_IRQHandler
                0x080008c8                DMA2_Channel3_IRQHandler
                0x080008c8                TIM1_BRK_TIM15_IRQHandler
 .text.LCD_Write8BitData
                0x080008ca        0x8 CMakeFiles/demo_SPI_SD_Card.elf.dir/Drivers/LCD_240_280/Src/lcd.c.obj
                0x080008ca                LCD_Write8BitData
 .text.LCD_Write16BitData
                0x080008d2        0x8 CMakeFiles/demo_SPI_SD_Card.elf.dir/Drivers/LCD_240_280/Src/lcd.c.obj
                0x080008d2                LCD_Write16BitData
 .text.LCD_WriteCommand
                0x080008da       0x14 CMakeFiles/demo_SPI_SD_Card.elf.dir/Drivers/LCD_240_280/Src/lcd.c.obj
                0x080008da                LCD_WriteCommand
 .text.LCD_Delayms
                0x080008ee        0x8 CMakeFiles/demo_SPI_SD_Card.elf.dir/Drivers/LCD_240_280/Src/lcd.c.obj
                0x080008ee                LCD_Delayms
 .text.LCD_Address_Set
                0x080008f6       0x3e CMakeFiles/demo_SPI_SD_Card.elf.dir/Drivers/LCD_240_280/Src/lcd.c.obj
                0x080008f6                LCD_Address_Set
 .text.LCD_Fill
                0x08000934       0x3c CMakeFiles/demo_SPI_SD_Card.elf.dir/Drivers/LCD_240_280/Src/lcd.c.obj
                0x08000934                LCD_Fill
 .text.LCD_DrawPoint
                0x08000970       0x14 CMakeFiles/demo_SPI_SD_Card.elf.dir/Drivers/LCD_240_280/Src/lcd.c.obj
                0x08000970                LCD_DrawPoint
 .text.LCD_ShowChar
                0x08000984      0x13c CMakeFiles/demo_SPI_SD_Card.elf.dir/Drivers/LCD_240_280/Src/lcd.c.obj
                0x08000984                LCD_ShowChar
 .text.LCD_ShowString
                0x08000ac0       0x44 CMakeFiles/demo_SPI_SD_Card.elf.dir/Drivers/LCD_240_280/Src/lcd.c.obj
                0x08000ac0                LCD_ShowString
 .text.LCD_Init
                0x08000b04      0x19e CMakeFiles/demo_SPI_SD_Card.elf.dir/Drivers/LCD_240_280/Src/lcd.c.obj
                0x08000b04                LCD_Init
 *fill*         0x08000ca2        0x2 
 .text.lcd_interface_gpio_init
                0x08000ca4       0xc8 CMakeFiles/demo_SPI_SD_Card.elf.dir/Drivers/LCD_240_280/Src/lcd_interface.c.obj
                0x08000ca4                lcd_interface_gpio_init
 .text.lcd_interface_delayms
                0x08000d6c        0x8 CMakeFiles/demo_SPI_SD_Card.elf.dir/Drivers/LCD_240_280/Src/lcd_interface.c.obj
                0x08000d6c                lcd_interface_delayms
 .text.lcd_interface_res_clr
                0x08000d74       0x12 CMakeFiles/demo_SPI_SD_Card.elf.dir/Drivers/LCD_240_280/Src/lcd_interface.c.obj
                0x08000d74                lcd_interface_res_clr
 .text.lcd_interface_res_set
                0x08000d86       0x12 CMakeFiles/demo_SPI_SD_Card.elf.dir/Drivers/LCD_240_280/Src/lcd_interface.c.obj
                0x08000d86                lcd_interface_res_set
 .text.lcd_interface_dc_lcr
                0x08000d98       0x14 CMakeFiles/demo_SPI_SD_Card.elf.dir/Drivers/LCD_240_280/Src/lcd_interface.c.obj
                0x08000d98                lcd_interface_dc_lcr
 .text.lcd_interface_dc_set
                0x08000dac       0x14 CMakeFiles/demo_SPI_SD_Card.elf.dir/Drivers/LCD_240_280/Src/lcd_interface.c.obj
                0x08000dac                lcd_interface_dc_set
 .text.lcd_interface_cs_clr
                0x08000dc0       0x14 CMakeFiles/demo_SPI_SD_Card.elf.dir/Drivers/LCD_240_280/Src/lcd_interface.c.obj
                0x08000dc0                lcd_interface_cs_clr
 .text.lcd_interface_cs_set
                0x08000dd4       0x14 CMakeFiles/demo_SPI_SD_Card.elf.dir/Drivers/LCD_240_280/Src/lcd_interface.c.obj
                0x08000dd4                lcd_interface_cs_set
 .text.lcd_interface_write_8bit_data
                0x08000de8       0x28 CMakeFiles/demo_SPI_SD_Card.elf.dir/Drivers/LCD_240_280/Src/lcd_interface.c.obj
                0x08000de8                lcd_interface_write_8bit_data
 .text.lcd_interface_write_16bit_data
                0x08000e10       0x2c CMakeFiles/demo_SPI_SD_Card.elf.dir/Drivers/LCD_240_280/Src/lcd_interface.c.obj
                0x08000e10                lcd_interface_write_16bit_data
 .text.lcd_interface_blk_set
                0x08000e3c       0x14 CMakeFiles/demo_SPI_SD_Card.elf.dir/Drivers/LCD_240_280/Src/lcd_interface.c.obj
                0x08000e3c                lcd_interface_blk_set
 .text.HAL_InitTick
                0x08000e50       0x50 CMakeFiles/demo_SPI_SD_Card.elf.dir/Drivers/STM32L4xx_HAL_Driver/Src/stm32l4xx_hal.c.obj
                0x08000e50                HAL_InitTick
 .text.HAL_Init
                0x08000ea0       0x2c CMakeFiles/demo_SPI_SD_Card.elf.dir/Drivers/STM32L4xx_HAL_Driver/Src/stm32l4xx_hal.c.obj
                0x08000ea0                HAL_Init
 .text.HAL_IncTick
                0x08000ecc       0x18 CMakeFiles/demo_SPI_SD_Card.elf.dir/Drivers/STM32L4xx_HAL_Driver/Src/stm32l4xx_hal.c.obj
                0x08000ecc                HAL_IncTick
 .text.HAL_GetTick
                0x08000ee4        0xc CMakeFiles/demo_SPI_SD_Card.elf.dir/Drivers/STM32L4xx_HAL_Driver/Src/stm32l4xx_hal.c.obj
                0x08000ee4                HAL_GetTick
 .text.HAL_Delay
                0x08000ef0       0x28 CMakeFiles/demo_SPI_SD_Card.elf.dir/Drivers/STM32L4xx_HAL_Driver/Src/stm32l4xx_hal.c.obj
                0x08000ef0                HAL_Delay
 .text.HAL_NVIC_SetPriorityGrouping
                0x08000f18       0x24 CMakeFiles/demo_SPI_SD_Card.elf.dir/Drivers/STM32L4xx_HAL_Driver/Src/stm32l4xx_hal_cortex.c.obj
                0x08000f18                HAL_NVIC_SetPriorityGrouping
 .text.HAL_NVIC_SetPriority
                0x08000f3c       0x70 CMakeFiles/demo_SPI_SD_Card.elf.dir/Drivers/STM32L4xx_HAL_Driver/Src/stm32l4xx_hal_cortex.c.obj
                0x08000f3c                HAL_NVIC_SetPriority
 .text.HAL_SYSTICK_Config
                0x08000fac       0x28 CMakeFiles/demo_SPI_SD_Card.elf.dir/Drivers/STM32L4xx_HAL_Driver/Src/stm32l4xx_hal_cortex.c.obj
                0x08000fac                HAL_SYSTICK_Config
 .text.HAL_GPIO_Init
                0x08000fd4      0x200 CMakeFiles/demo_SPI_SD_Card.elf.dir/Drivers/STM32L4xx_HAL_Driver/Src/stm32l4xx_hal_gpio.c.obj
                0x08000fd4                HAL_GPIO_Init
 .text.HAL_GPIO_WritePin
                0x080011d4        0xa CMakeFiles/demo_SPI_SD_Card.elf.dir/Drivers/STM32L4xx_HAL_Driver/Src/stm32l4xx_hal_gpio.c.obj
                0x080011d4                HAL_GPIO_WritePin
 *fill*         0x080011de        0x2 
 .text.HAL_PWREx_GetVoltageRange
                0x080011e0       0x10 CMakeFiles/demo_SPI_SD_Card.elf.dir/Drivers/STM32L4xx_HAL_Driver/Src/stm32l4xx_hal_pwr_ex.c.obj
                0x080011e0                HAL_PWREx_GetVoltageRange
 .text.HAL_PWREx_ControlVoltageScaling
                0x080011f0       0x90 CMakeFiles/demo_SPI_SD_Card.elf.dir/Drivers/STM32L4xx_HAL_Driver/Src/stm32l4xx_hal_pwr_ex.c.obj
                0x080011f0                HAL_PWREx_ControlVoltageScaling
 .text.RCC_SetFlashLatencyFromMSIRange
                0x08001280       0x90 CMakeFiles/demo_SPI_SD_Card.elf.dir/Drivers/STM32L4xx_HAL_Driver/Src/stm32l4xx_hal_rcc.c.obj
 .text.HAL_RCC_GetSysClockFreq
                0x08001310       0xb4 CMakeFiles/demo_SPI_SD_Card.elf.dir/Drivers/STM32L4xx_HAL_Driver/Src/stm32l4xx_hal_rcc.c.obj
                0x08001310                HAL_RCC_GetSysClockFreq
 .text.HAL_RCC_OscConfig
                0x080013c4      0x61c CMakeFiles/demo_SPI_SD_Card.elf.dir/Drivers/STM32L4xx_HAL_Driver/Src/stm32l4xx_hal_rcc.c.obj
                0x080013c4                HAL_RCC_OscConfig
 .text.HAL_RCC_ClockConfig
                0x080019e0      0x188 CMakeFiles/demo_SPI_SD_Card.elf.dir/Drivers/STM32L4xx_HAL_Driver/Src/stm32l4xx_hal_rcc.c.obj
                0x080019e0                HAL_RCC_ClockConfig
 .text.HAL_RCC_GetHCLKFreq
                0x08001b68        0xc CMakeFiles/demo_SPI_SD_Card.elf.dir/Drivers/STM32L4xx_HAL_Driver/Src/stm32l4xx_hal_rcc.c.obj
                0x08001b68                HAL_RCC_GetHCLKFreq
 .text.HAL_RCC_GetPCLK1Freq
                0x08001b74       0x24 CMakeFiles/demo_SPI_SD_Card.elf.dir/Drivers/STM32L4xx_HAL_Driver/Src/stm32l4xx_hal_rcc.c.obj
                0x08001b74                HAL_RCC_GetPCLK1Freq
 .text.HAL_RCC_GetPCLK2Freq
                0x08001b98       0x24 CMakeFiles/demo_SPI_SD_Card.elf.dir/Drivers/STM32L4xx_HAL_Driver/Src/stm32l4xx_hal_rcc.c.obj
                0x08001b98                HAL_RCC_GetPCLK2Freq
 .text.RCCEx_PLLSAI1_Config
                0x08001bbc      0x170 CMakeFiles/demo_SPI_SD_Card.elf.dir/Drivers/STM32L4xx_HAL_Driver/Src/stm32l4xx_hal_rcc_ex.c.obj
 .text.RCCEx_PLLSAI2_Config
                0x08001d2c      0x14c CMakeFiles/demo_SPI_SD_Card.elf.dir/Drivers/STM32L4xx_HAL_Driver/Src/stm32l4xx_hal_rcc_ex.c.obj
 .text.HAL_RCCEx_PeriphCLKConfig
                0x08001e78      0x454 CMakeFiles/demo_SPI_SD_Card.elf.dir/Drivers/STM32L4xx_HAL_Driver/Src/stm32l4xx_hal_rcc_ex.c.obj
                0x08001e78                HAL_RCCEx_PeriphCLKConfig
 .text.SPI_WaitFlagStateUntilTimeout
                0x080022cc       0xd4 CMakeFiles/demo_SPI_SD_Card.elf.dir/Drivers/STM32L4xx_HAL_Driver/Src/stm32l4xx_hal_spi.c.obj
 .text.SPI_WaitFifoStateUntilTimeout
                0x080023a0       0xf4 CMakeFiles/demo_SPI_SD_Card.elf.dir/Drivers/STM32L4xx_HAL_Driver/Src/stm32l4xx_hal_spi.c.obj
 .text.SPI_EndRxTxTransaction
                0x08002494       0x62 CMakeFiles/demo_SPI_SD_Card.elf.dir/Drivers/STM32L4xx_HAL_Driver/Src/stm32l4xx_hal_spi.c.obj
 .text.HAL_SPI_Init
                0x080024f6       0xde CMakeFiles/demo_SPI_SD_Card.elf.dir/Drivers/STM32L4xx_HAL_Driver/Src/stm32l4xx_hal_spi.c.obj
                0x080024f6                HAL_SPI_Init
 .text.HAL_SPI_Transmit
                0x080025d4      0x1fe CMakeFiles/demo_SPI_SD_Card.elf.dir/Drivers/STM32L4xx_HAL_Driver/Src/stm32l4xx_hal_spi.c.obj
                0x080025d4                HAL_SPI_Transmit
 .text.UART_EndRxTransfer
                0x080027d2       0x52 CMakeFiles/demo_SPI_SD_Card.elf.dir/Drivers/STM32L4xx_HAL_Driver/Src/stm32l4xx_hal_uart.c.obj
 .text.UART_SetConfig
                0x08002824      0x328 CMakeFiles/demo_SPI_SD_Card.elf.dir/Drivers/STM32L4xx_HAL_Driver/Src/stm32l4xx_hal_uart.c.obj
                0x08002824                UART_SetConfig
 .text.UART_AdvFeatureConfig
                0x08002b4c       0xca CMakeFiles/demo_SPI_SD_Card.elf.dir/Drivers/STM32L4xx_HAL_Driver/Src/stm32l4xx_hal_uart.c.obj
                0x08002b4c                UART_AdvFeatureConfig
 .text.UART_WaitOnFlagUntilTimeout
                0x08002c16       0x9a CMakeFiles/demo_SPI_SD_Card.elf.dir/Drivers/STM32L4xx_HAL_Driver/Src/stm32l4xx_hal_uart.c.obj
                0x08002c16                UART_WaitOnFlagUntilTimeout
 .text.UART_CheckIdleState
                0x08002cb0       0xc6 CMakeFiles/demo_SPI_SD_Card.elf.dir/Drivers/STM32L4xx_HAL_Driver/Src/stm32l4xx_hal_uart.c.obj
                0x08002cb0                UART_CheckIdleState
 .text.HAL_UART_Init
                0x08002d76       0x62 CMakeFiles/demo_SPI_SD_Card.elf.dir/Drivers/STM32L4xx_HAL_Driver/Src/stm32l4xx_hal_uart.c.obj
                0x08002d76                HAL_UART_Init
 .text.__libc_init_array
                0x08002dd8       0x48 c:/progra~1/gcc-arm-none-eabi-10.3-2021.10/bin/../lib/gcc/arm-none-eabi/10.3.1/../../../../arm-none-eabi/lib/thumb/v7e-m+fp/hard\libc.a(lib_a-init.o)
                0x08002dd8                __libc_init_array
 .text.memset   0x08002e20       0xa4 c:/progra~1/gcc-arm-none-eabi-10.3-2021.10/bin/../lib/gcc/arm-none-eabi/10.3.1/../../../../arm-none-eabi/lib/thumb/v7e-m+fp/hard\libc.a(lib_a-memset.o)
                0x08002e20                memset
 .text.startup.register_fini
                0x08002ec4       0x14 c:/progra~1/gcc-arm-none-eabi-10.3-2021.10/bin/../lib/gcc/arm-none-eabi/10.3.1/../../../../arm-none-eabi/lib/thumb/v7e-m+fp/hard\libc.a(lib_a-__call_atexit.o)
 .text.atexit   0x08002ed8        0xc c:/progra~1/gcc-arm-none-eabi-10.3-2021.10/bin/../lib/gcc/arm-none-eabi/10.3.1/../../../../arm-none-eabi/lib/thumb/v7e-m+fp/hard\libc.a(lib_a-atexit.o)
                0x08002ed8                atexit
 .text.__libc_fini_array
                0x08002ee4       0x2c c:/progra~1/gcc-arm-none-eabi-10.3-2021.10/bin/../lib/gcc/arm-none-eabi/10.3.1/../../../../arm-none-eabi/lib/thumb/v7e-m+fp/hard\libc.a(lib_a-fini.o)
                0x08002ee4                __libc_fini_array
 .text.__retarget_lock_acquire_recursive
                0x08002f10        0x4 c:/progra~1/gcc-arm-none-eabi-10.3-2021.10/bin/../lib/gcc/arm-none-eabi/10.3.1/../../../../arm-none-eabi/lib/thumb/v7e-m+fp/hard\libc.a(lib_a-lock.o)
                0x08002f10                __retarget_lock_acquire_recursive
 .text.__retarget_lock_release_recursive
                0x08002f14        0x4 c:/progra~1/gcc-arm-none-eabi-10.3-2021.10/bin/../lib/gcc/arm-none-eabi/10.3.1/../../../../arm-none-eabi/lib/thumb/v7e-m+fp/hard\libc.a(lib_a-lock.o)
                0x08002f14                __retarget_lock_release_recursive
 .text.__register_exitproc
                0x08002f18       0x8c c:/progra~1/gcc-arm-none-eabi-10.3-2021.10/bin/../lib/gcc/arm-none-eabi/10.3.1/../../../../arm-none-eabi/lib/thumb/v7e-m+fp/hard\libc.a(lib_a-__atexit.o)
                0x08002f18                __register_exitproc
 *(.glue_7)
 .glue_7        0x08002fa4        0x0 linker stubs
 *(.glue_7t)
 .glue_7t       0x08002fa4        0x0 linker stubs
 *(.eh_frame)
 .eh_frame      0x08002fa4        0x0 c:/progra~1/gcc-arm-none-eabi-10.3-2021.10/bin/../lib/gcc/arm-none-eabi/10.3.1/thumb/v7e-m+fp/hard/crtbegin.o
 *(.init)
 .init          0x08002fa4        0x4 c:/progra~1/gcc-arm-none-eabi-10.3-2021.10/bin/../lib/gcc/arm-none-eabi/10.3.1/thumb/v7e-m+fp/hard/crti.o
                0x08002fa4                _init
 .init          0x08002fa8        0x8 c:/progra~1/gcc-arm-none-eabi-10.3-2021.10/bin/../lib/gcc/arm-none-eabi/10.3.1/thumb/v7e-m+fp/hard/crtn.o
 *(.fini)
 .fini          0x08002fb0        0x4 c:/progra~1/gcc-arm-none-eabi-10.3-2021.10/bin/../lib/gcc/arm-none-eabi/10.3.1/thumb/v7e-m+fp/hard/crti.o
                0x08002fb0                _fini
 .fini          0x08002fb4        0x8 c:/progra~1/gcc-arm-none-eabi-10.3-2021.10/bin/../lib/gcc/arm-none-eabi/10.3.1/thumb/v7e-m+fp/hard/crtn.o
                0x08002fbc                . = ALIGN (0x4)
                0x08002fbc                _etext = .

.vfp11_veneer   0x08002fbc        0x0
 .vfp11_veneer  0x08002fbc        0x0 linker stubs

.v4_bx          0x08002fbc        0x0
 .v4_bx         0x08002fbc        0x0 linker stubs

.iplt           0x08002fbc        0x0
 .iplt          0x08002fbc        0x0 c:/progra~1/gcc-arm-none-eabi-10.3-2021.10/bin/../lib/gcc/arm-none-eabi/10.3.1/thumb/v7e-m+fp/hard/crtbegin.o

.rodata         0x08002fbc     0x3458
                0x08002fbc                . = ALIGN (0x4)
 *(.rodata)
 *(.rodata*)
 .rodata.main.str1.4
                0x08002fbc       0x16 CMakeFiles/demo_SPI_SD_Card.elf.dir/Core/Src/main.c.obj
 *fill*         0x08002fd2        0x2 
 .rodata.AHBPrescTable
                0x08002fd4       0x10 CMakeFiles/demo_SPI_SD_Card.elf.dir/Core/Src/system_stm32l4xx.c.obj
                0x08002fd4                AHBPrescTable
 .rodata.APBPrescTable
                0x08002fe4        0x8 CMakeFiles/demo_SPI_SD_Card.elf.dir/Core/Src/system_stm32l4xx.c.obj
                0x08002fe4                APBPrescTable
 .rodata.MSIRangeTable
                0x08002fec       0x30 CMakeFiles/demo_SPI_SD_Card.elf.dir/Core/Src/system_stm32l4xx.c.obj
                0x08002fec                MSIRangeTable
 .rodata.ascii_1206
                0x0800301c      0x474 CMakeFiles/demo_SPI_SD_Card.elf.dir/Drivers/LCD_240_280/Src/lcd.c.obj
                0x0800301c                ascii_1206
 .rodata.ascii_1608
                0x08003490      0x5f0 CMakeFiles/demo_SPI_SD_Card.elf.dir/Drivers/LCD_240_280/Src/lcd.c.obj
                0x08003490                ascii_1608
 .rodata.ascii_2412
                0x08003a80     0x11d0 CMakeFiles/demo_SPI_SD_Card.elf.dir/Drivers/LCD_240_280/Src/lcd.c.obj
                0x08003a80                ascii_2412
 .rodata.ascii_3216
                0x08004c50     0x17c0 CMakeFiles/demo_SPI_SD_Card.elf.dir/Drivers/LCD_240_280/Src/lcd.c.obj
                0x08004c50                ascii_3216
 .rodata._global_impure_ptr
                0x08006410        0x4 c:/progra~1/gcc-arm-none-eabi-10.3-2021.10/bin/../lib/gcc/arm-none-eabi/10.3.1/../../../../arm-none-eabi/lib/thumb/v7e-m+fp/hard\libc.a(lib_a-impure.o)
                0x08006410                _global_impure_ptr
                0x08006414                . = ALIGN (0x4)

.ARM.extab      0x08006414        0x0
                0x08006414                . = ALIGN (0x4)
 *(.ARM.extab* .gnu.linkonce.armextab.*)
                0x08006414                . = ALIGN (0x4)

.ARM            0x08006414        0x8
                0x08006414                . = ALIGN (0x4)
                0x08006414                __exidx_start = .
 *(.ARM.exidx*)
 .ARM.exidx     0x08006414        0x8 c:/progra~1/gcc-arm-none-eabi-10.3-2021.10/bin/../lib/gcc/arm-none-eabi/10.3.1/thumb/v7e-m+fp/hard\libgcc.a(_udivmoddi4.o)
                0x0800641c                __exidx_end = .
                0x0800641c                . = ALIGN (0x4)

.rel.dyn        0x0800641c        0x0
 .rel.iplt      0x0800641c        0x0 c:/progra~1/gcc-arm-none-eabi-10.3-2021.10/bin/../lib/gcc/arm-none-eabi/10.3.1/thumb/v7e-m+fp/hard/crtbegin.o

.preinit_array  0x0800641c        0x0
                0x0800641c                . = ALIGN (0x4)
                0x0800641c                PROVIDE (__preinit_array_start = .)
 *(.preinit_array*)
                0x0800641c                PROVIDE (__preinit_array_end = .)
                0x0800641c                . = ALIGN (0x4)

.init_array     0x0800641c        0x8
                0x0800641c                . = ALIGN (0x4)
                0x0800641c                PROVIDE (__init_array_start = .)
 *(SORT_BY_NAME(.init_array.*))
 .init_array.00000
                0x0800641c        0x4 c:/progra~1/gcc-arm-none-eabi-10.3-2021.10/bin/../lib/gcc/arm-none-eabi/10.3.1/../../../../arm-none-eabi/lib/thumb/v7e-m+fp/hard\libc.a(lib_a-__call_atexit.o)
 *(.init_array*)
 .init_array    0x08006420        0x4 c:/progra~1/gcc-arm-none-eabi-10.3-2021.10/bin/../lib/gcc/arm-none-eabi/10.3.1/thumb/v7e-m+fp/hard/crtbegin.o
                0x08006424                PROVIDE (__init_array_end = .)
                0x08006424                . = ALIGN (0x4)

.fini_array     0x08006424        0x4
                0x08006424                . = ALIGN (0x4)
                0x08006424                PROVIDE (__fini_array_start = .)
 *(SORT_BY_NAME(.fini_array.*))
 *(.fini_array*)
 .fini_array    0x08006424        0x4 c:/progra~1/gcc-arm-none-eabi-10.3-2021.10/bin/../lib/gcc/arm-none-eabi/10.3.1/thumb/v7e-m+fp/hard/crtbegin.o
                0x08006428                PROVIDE (__fini_array_end = .)
                0x08006428                . = ALIGN (0x4)
                0x08006428                _sidata = LOADADDR (.data)

.data           0x20000000      0x43c load address 0x08006428
                0x20000000                . = ALIGN (0x4)
                0x20000000                _sdata = .
 *(.data)
 *(.data*)
 .data.SystemCoreClock
                0x20000000        0x4 CMakeFiles/demo_SPI_SD_Card.elf.dir/Core/Src/system_stm32l4xx.c.obj
                0x20000000                SystemCoreClock
 .data.uwTickFreq
                0x20000004        0x1 CMakeFiles/demo_SPI_SD_Card.elf.dir/Drivers/STM32L4xx_HAL_Driver/Src/stm32l4xx_hal.c.obj
                0x20000004                uwTickFreq
 *fill*         0x20000005        0x3 
 .data.uwTickPrio
                0x20000008        0x4 CMakeFiles/demo_SPI_SD_Card.elf.dir/Drivers/STM32L4xx_HAL_Driver/Src/stm32l4xx_hal.c.obj
                0x20000008                uwTickPrio
 *fill*         0x2000000c        0x4 
 .data.impure_data
                0x20000010      0x428 c:/progra~1/gcc-arm-none-eabi-10.3-2021.10/bin/../lib/gcc/arm-none-eabi/10.3.1/../../../../arm-none-eabi/lib/thumb/v7e-m+fp/hard\libc.a(lib_a-impure.o)
 .data.__atexit_recursive_mutex
                0x20000438        0x4 c:/progra~1/gcc-arm-none-eabi-10.3-2021.10/bin/../lib/gcc/arm-none-eabi/10.3.1/../../../../arm-none-eabi/lib/thumb/v7e-m+fp/hard\libc.a(lib_a-__call_atexit.o)
                0x20000438                __atexit_recursive_mutex
 *(.RamFunc)
 *(.RamFunc*)
                0x2000043c                . = ALIGN (0x4)
                0x2000043c                _edata = .

.igot.plt       0x2000043c        0x0 load address 0x08006864
 .igot.plt      0x2000043c        0x0 c:/progra~1/gcc-arm-none-eabi-10.3-2021.10/bin/../lib/gcc/arm-none-eabi/10.3.1/thumb/v7e-m+fp/hard/crtbegin.o
                0x2000043c                . = ALIGN (0x4)

.bss            0x2000043c      0x174 load address 0x08006864
                0x2000043c                _sbss = .
                0x2000043c                __bss_start__ = _sbss
 *(.bss)
 .bss           0x2000043c       0x1c c:/progra~1/gcc-arm-none-eabi-10.3-2021.10/bin/../lib/gcc/arm-none-eabi/10.3.1/thumb/v7e-m+fp/hard/crtbegin.o
 *(.bss*)
 .bss.hspi1     0x20000458       0x64 CMakeFiles/demo_SPI_SD_Card.elf.dir/Core/Src/spi.c.obj
                0x20000458                hspi1
 .bss.hspi3     0x200004bc       0x64 CMakeFiles/demo_SPI_SD_Card.elf.dir/Core/Src/spi.c.obj
                0x200004bc                hspi3
 .bss.huart2    0x20000520       0x88 CMakeFiles/demo_SPI_SD_Card.elf.dir/Core/Src/usart.c.obj
                0x20000520                huart2
 .bss.uwTick    0x200005a8        0x4 CMakeFiles/demo_SPI_SD_Card.elf.dir/Drivers/STM32L4xx_HAL_Driver/Src/stm32l4xx_hal.c.obj
                0x200005a8                uwTick
 .bss.__lock___atexit_recursive_mutex
                0x200005ac        0x1 c:/progra~1/gcc-arm-none-eabi-10.3-2021.10/bin/../lib/gcc/arm-none-eabi/10.3.1/../../../../arm-none-eabi/lib/thumb/v7e-m+fp/hard\libc.a(lib_a-lock.o)
                0x200005ac                __lock___atexit_recursive_mutex
 *(COMMON)
                0x200005b0                . = ALIGN (0x4)
 *fill*         0x200005ad        0x3 
                0x200005b0                _ebss = .
                0x200005b0                __bss_end__ = _ebss

._user_heap_stack
                0x200005b0      0x600 load address 0x08006864
                0x200005b0                . = ALIGN (0x8)
                [!provide]                PROVIDE (end = .)
                0x200005b0                PROVIDE (_end = .)
                0x200007b0                . = (. + _Min_Heap_Size)
 *fill*         0x200005b0      0x200 
                0x20000bb0                . = (. + _Min_Stack_Size)
 *fill*         0x200007b0      0x400 
                0x20000bb0                . = ALIGN (0x8)

/DISCARD/
 libc.a(*)
 libm.a(*)
 libgcc.a(*)

.ARM.attributes
                0x00000000       0x30
 *(.ARM.attributes)
 .ARM.attributes
                0x00000000       0x1e c:/progra~1/gcc-arm-none-eabi-10.3-2021.10/bin/../lib/gcc/arm-none-eabi/10.3.1/thumb/v7e-m+fp/hard/crti.o
 .ARM.attributes
                0x0000001e       0x34 c:/progra~1/gcc-arm-none-eabi-10.3-2021.10/bin/../lib/gcc/arm-none-eabi/10.3.1/thumb/v7e-m+fp/hard/crtbegin.o
 .ARM.attributes
                0x00000052       0x34 CMakeFiles/demo_SPI_SD_Card.elf.dir/Core/Src/gpio.c.obj
 .ARM.attributes
                0x00000086       0x34 CMakeFiles/demo_SPI_SD_Card.elf.dir/Core/Src/main.c.obj
 .ARM.attributes
                0x000000ba       0x34 CMakeFiles/demo_SPI_SD_Card.elf.dir/Core/Src/spi.c.obj
 .ARM.attributes
                0x000000ee       0x34 CMakeFiles/demo_SPI_SD_Card.elf.dir/Core/Src/stm32l4xx_hal_msp.c.obj
 .ARM.attributes
                0x00000122       0x34 CMakeFiles/demo_SPI_SD_Card.elf.dir/Core/Src/stm32l4xx_it.c.obj
 .ARM.attributes
                0x00000156       0x34 CMakeFiles/demo_SPI_SD_Card.elf.dir/Core/Src/system_stm32l4xx.c.obj
 .ARM.attributes
                0x0000018a       0x34 CMakeFiles/demo_SPI_SD_Card.elf.dir/Core/Src/usart.c.obj
 .ARM.attributes
                0x000001be       0x21 CMakeFiles/demo_SPI_SD_Card.elf.dir/Core/Startup/startup_stm32l476rgtx.s.obj
 .ARM.attributes
                0x000001df       0x34 CMakeFiles/demo_SPI_SD_Card.elf.dir/Drivers/LCD_240_280/Src/lcd.c.obj
 .ARM.attributes
                0x00000213       0x34 CMakeFiles/demo_SPI_SD_Card.elf.dir/Drivers/LCD_240_280/Src/lcd_interface.c.obj
 .ARM.attributes
                0x00000247       0x34 CMakeFiles/demo_SPI_SD_Card.elf.dir/Drivers/STM32L4xx_HAL_Driver/Src/stm32l4xx_hal.c.obj
 .ARM.attributes
                0x0000027b       0x34 CMakeFiles/demo_SPI_SD_Card.elf.dir/Drivers/STM32L4xx_HAL_Driver/Src/stm32l4xx_hal_cortex.c.obj
 .ARM.attributes
                0x000002af       0x34 CMakeFiles/demo_SPI_SD_Card.elf.dir/Drivers/STM32L4xx_HAL_Driver/Src/stm32l4xx_hal_gpio.c.obj
 .ARM.attributes
                0x000002e3       0x34 CMakeFiles/demo_SPI_SD_Card.elf.dir/Drivers/STM32L4xx_HAL_Driver/Src/stm32l4xx_hal_pwr_ex.c.obj
 .ARM.attributes
                0x00000317       0x34 CMakeFiles/demo_SPI_SD_Card.elf.dir/Drivers/STM32L4xx_HAL_Driver/Src/stm32l4xx_hal_rcc.c.obj
 .ARM.attributes
                0x0000034b       0x34 CMakeFiles/demo_SPI_SD_Card.elf.dir/Drivers/STM32L4xx_HAL_Driver/Src/stm32l4xx_hal_rcc_ex.c.obj
 .ARM.attributes
                0x0000037f       0x34 CMakeFiles/demo_SPI_SD_Card.elf.dir/Drivers/STM32L4xx_HAL_Driver/Src/stm32l4xx_hal_spi.c.obj
 .ARM.attributes
                0x000003b3       0x34 CMakeFiles/demo_SPI_SD_Card.elf.dir/Drivers/STM32L4xx_HAL_Driver/Src/stm32l4xx_hal_uart.c.obj
 .ARM.attributes
                0x000003e7       0x1e c:/progra~1/gcc-arm-none-eabi-10.3-2021.10/bin/../lib/gcc/arm-none-eabi/10.3.1/thumb/v7e-m+fp/hard\libgcc.a(_aeabi_uldivmod.o)
 .ARM.attributes
                0x00000405       0x34 c:/progra~1/gcc-arm-none-eabi-10.3-2021.10/bin/../lib/gcc/arm-none-eabi/10.3.1/thumb/v7e-m+fp/hard\libgcc.a(_udivmoddi4.o)
 .ARM.attributes
                0x00000439       0x1e c:/progra~1/gcc-arm-none-eabi-10.3-2021.10/bin/../lib/gcc/arm-none-eabi/10.3.1/thumb/v7e-m+fp/hard\libgcc.a(_dvmd_tls.o)
 .ARM.attributes
                0x00000457       0x34 c:/progra~1/gcc-arm-none-eabi-10.3-2021.10/bin/../lib/gcc/arm-none-eabi/10.3.1/../../../../arm-none-eabi/lib/thumb/v7e-m+fp/hard\libc.a(lib_a-impure.o)
 .ARM.attributes
                0x0000048b       0x34 c:/progra~1/gcc-arm-none-eabi-10.3-2021.10/bin/../lib/gcc/arm-none-eabi/10.3.1/../../../../arm-none-eabi/lib/thumb/v7e-m+fp/hard\libc.a(lib_a-init.o)
 .ARM.attributes
                0x000004bf       0x34 c:/progra~1/gcc-arm-none-eabi-10.3-2021.10/bin/../lib/gcc/arm-none-eabi/10.3.1/../../../../arm-none-eabi/lib/thumb/v7e-m+fp/hard\libc.a(lib_a-memset.o)
 .ARM.attributes
                0x000004f3       0x34 c:/progra~1/gcc-arm-none-eabi-10.3-2021.10/bin/../lib/gcc/arm-none-eabi/10.3.1/../../../../arm-none-eabi/lib/thumb/v7e-m+fp/hard\libc.a(lib_a-__call_atexit.o)
 .ARM.attributes
                0x00000527       0x34 c:/progra~1/gcc-arm-none-eabi-10.3-2021.10/bin/../lib/gcc/arm-none-eabi/10.3.1/../../../../arm-none-eabi/lib/thumb/v7e-m+fp/hard\libc.a(lib_a-atexit.o)
 .ARM.attributes
                0x0000055b       0x34 c:/progra~1/gcc-arm-none-eabi-10.3-2021.10/bin/../lib/gcc/arm-none-eabi/10.3.1/../../../../arm-none-eabi/lib/thumb/v7e-m+fp/hard\libc.a(lib_a-fini.o)
 .ARM.attributes
                0x0000058f       0x34 c:/progra~1/gcc-arm-none-eabi-10.3-2021.10/bin/../lib/gcc/arm-none-eabi/10.3.1/../../../../arm-none-eabi/lib/thumb/v7e-m+fp/hard\libc.a(lib_a-lock.o)
 .ARM.attributes
                0x000005c3       0x34 c:/progra~1/gcc-arm-none-eabi-10.3-2021.10/bin/../lib/gcc/arm-none-eabi/10.3.1/../../../../arm-none-eabi/lib/thumb/v7e-m+fp/hard\libc.a(lib_a-__atexit.o)
 .ARM.attributes
                0x000005f7       0x1e c:/progra~1/gcc-arm-none-eabi-10.3-2021.10/bin/../lib/gcc/arm-none-eabi/10.3.1/thumb/v7e-m+fp/hard/crtn.o
OUTPUT(demo_SPI_SD_Card.elf elf32-littlearm)
LOAD linker stubs
LOAD c:/progra~1/gcc-arm-none-eabi-10.3-2021.10/bin/../lib/gcc/arm-none-eabi/10.3.1/../../../../arm-none-eabi/lib/thumb/v7e-m+fp/hard\libc.a
LOAD c:/progra~1/gcc-arm-none-eabi-10.3-2021.10/bin/../lib/gcc/arm-none-eabi/10.3.1/../../../../arm-none-eabi/lib/thumb/v7e-m+fp/hard\libm.a
LOAD c:/progra~1/gcc-arm-none-eabi-10.3-2021.10/bin/../lib/gcc/arm-none-eabi/10.3.1/thumb/v7e-m+fp/hard\libgcc.a

.debug_info     0x00000000    0x125e0
 .debug_info    0x00000000      0x4b1 CMakeFiles/demo_SPI_SD_Card.elf.dir/Core/Src/gpio.c.obj
 .debug_info    0x000004b1      0x430 CMakeFiles/demo_SPI_SD_Card.elf.dir/Core/Src/main.c.obj
 .debug_info    0x000008e1      0xb28 CMakeFiles/demo_SPI_SD_Card.elf.dir/Core/Src/spi.c.obj
 .debug_info    0x00001409      0x304 CMakeFiles/demo_SPI_SD_Card.elf.dir/Core/Src/stm32l4xx_hal_msp.c.obj
 .debug_info    0x0000170d      0x130 CMakeFiles/demo_SPI_SD_Card.elf.dir/Core/Src/stm32l4xx_it.c.obj
 .debug_info    0x0000183d      0x5e0 CMakeFiles/demo_SPI_SD_Card.elf.dir/Core/Src/system_stm32l4xx.c.obj
 .debug_info    0x00001e1d      0xdda CMakeFiles/demo_SPI_SD_Card.elf.dir/Core/Src/usart.c.obj
 .debug_info    0x00002bf7       0x22 CMakeFiles/demo_SPI_SD_Card.elf.dir/Core/Startup/startup_stm32l476rgtx.s.obj
 .debug_info    0x00002c19     0x24a2 CMakeFiles/demo_SPI_SD_Card.elf.dir/Drivers/LCD_240_280/Src/lcd.c.obj
 .debug_info    0x000050bb      0xee7 CMakeFiles/demo_SPI_SD_Card.elf.dir/Drivers/LCD_240_280/Src/lcd_interface.c.obj
 .debug_info    0x00005fa2      0xce8 CMakeFiles/demo_SPI_SD_Card.elf.dir/Drivers/STM32L4xx_HAL_Driver/Src/stm32l4xx_hal.c.obj
 .debug_info    0x00006c8a     0x109e CMakeFiles/demo_SPI_SD_Card.elf.dir/Drivers/STM32L4xx_HAL_Driver/Src/stm32l4xx_hal_cortex.c.obj
 .debug_info    0x00007d28      0x857 CMakeFiles/demo_SPI_SD_Card.elf.dir/Drivers/STM32L4xx_HAL_Driver/Src/stm32l4xx_hal_gpio.c.obj
 .debug_info    0x0000857f      0xaa2 CMakeFiles/demo_SPI_SD_Card.elf.dir/Drivers/STM32L4xx_HAL_Driver/Src/stm32l4xx_hal_pwr_ex.c.obj
 .debug_info    0x00009021      0xf3f CMakeFiles/demo_SPI_SD_Card.elf.dir/Drivers/STM32L4xx_HAL_Driver/Src/stm32l4xx_hal_rcc.c.obj
 .debug_info    0x00009f60     0x125c CMakeFiles/demo_SPI_SD_Card.elf.dir/Drivers/STM32L4xx_HAL_Driver/Src/stm32l4xx_hal_rcc_ex.c.obj
 .debug_info    0x0000b1bc     0x2189 CMakeFiles/demo_SPI_SD_Card.elf.dir/Drivers/STM32L4xx_HAL_Driver/Src/stm32l4xx_hal_spi.c.obj
 .debug_info    0x0000d345     0x529b CMakeFiles/demo_SPI_SD_Card.elf.dir/Drivers/STM32L4xx_HAL_Driver/Src/stm32l4xx_hal_uart.c.obj

.debug_abbrev   0x00000000     0x20b2
 .debug_abbrev  0x00000000      0x125 CMakeFiles/demo_SPI_SD_Card.elf.dir/Core/Src/gpio.c.obj
 .debug_abbrev  0x00000125      0x15e CMakeFiles/demo_SPI_SD_Card.elf.dir/Core/Src/main.c.obj
 .debug_abbrev  0x00000283      0x1d3 CMakeFiles/demo_SPI_SD_Card.elf.dir/Core/Src/spi.c.obj
 .debug_abbrev  0x00000456       0xbf CMakeFiles/demo_SPI_SD_Card.elf.dir/Core/Src/stm32l4xx_hal_msp.c.obj
 .debug_abbrev  0x00000515       0x7e CMakeFiles/demo_SPI_SD_Card.elf.dir/Core/Src/stm32l4xx_it.c.obj
 .debug_abbrev  0x00000593      0x119 CMakeFiles/demo_SPI_SD_Card.elf.dir/Core/Src/system_stm32l4xx.c.obj
 .debug_abbrev  0x000006ac      0x1eb CMakeFiles/demo_SPI_SD_Card.elf.dir/Core/Src/usart.c.obj
 .debug_abbrev  0x00000897       0x12 CMakeFiles/demo_SPI_SD_Card.elf.dir/Core/Startup/startup_stm32l476rgtx.s.obj
 .debug_abbrev  0x000008a9      0x273 CMakeFiles/demo_SPI_SD_Card.elf.dir/Drivers/LCD_240_280/Src/lcd.c.obj
 .debug_abbrev  0x00000b1c      0x220 CMakeFiles/demo_SPI_SD_Card.elf.dir/Drivers/LCD_240_280/Src/lcd_interface.c.obj
 .debug_abbrev  0x00000d3c      0x22a CMakeFiles/demo_SPI_SD_Card.elf.dir/Drivers/STM32L4xx_HAL_Driver/Src/stm32l4xx_hal.c.obj
 .debug_abbrev  0x00000f66      0x36a CMakeFiles/demo_SPI_SD_Card.elf.dir/Drivers/STM32L4xx_HAL_Driver/Src/stm32l4xx_hal_cortex.c.obj
 .debug_abbrev  0x000012d0      0x1e6 CMakeFiles/demo_SPI_SD_Card.elf.dir/Drivers/STM32L4xx_HAL_Driver/Src/stm32l4xx_hal_gpio.c.obj
 .debug_abbrev  0x000014b6      0x215 CMakeFiles/demo_SPI_SD_Card.elf.dir/Drivers/STM32L4xx_HAL_Driver/Src/stm32l4xx_hal_pwr_ex.c.obj
 .debug_abbrev  0x000016cb      0x251 CMakeFiles/demo_SPI_SD_Card.elf.dir/Drivers/STM32L4xx_HAL_Driver/Src/stm32l4xx_hal_rcc.c.obj
 .debug_abbrev  0x0000191c      0x275 CMakeFiles/demo_SPI_SD_Card.elf.dir/Drivers/STM32L4xx_HAL_Driver/Src/stm32l4xx_hal_rcc_ex.c.obj
 .debug_abbrev  0x00001b91      0x248 CMakeFiles/demo_SPI_SD_Card.elf.dir/Drivers/STM32L4xx_HAL_Driver/Src/stm32l4xx_hal_spi.c.obj
 .debug_abbrev  0x00001dd9      0x2d9 CMakeFiles/demo_SPI_SD_Card.elf.dir/Drivers/STM32L4xx_HAL_Driver/Src/stm32l4xx_hal_uart.c.obj

.debug_aranges  0x00000000      0xbe0
 .debug_aranges
                0x00000000       0x20 CMakeFiles/demo_SPI_SD_Card.elf.dir/Core/Src/gpio.c.obj
 .debug_aranges
                0x00000020       0x30 CMakeFiles/demo_SPI_SD_Card.elf.dir/Core/Src/main.c.obj
 .debug_aranges
                0x00000050       0x38 CMakeFiles/demo_SPI_SD_Card.elf.dir/Core/Src/spi.c.obj
 .debug_aranges
                0x00000088       0x20 CMakeFiles/demo_SPI_SD_Card.elf.dir/Core/Src/stm32l4xx_hal_msp.c.obj
 .debug_aranges
                0x000000a8       0x60 CMakeFiles/demo_SPI_SD_Card.elf.dir/Core/Src/stm32l4xx_it.c.obj
 .debug_aranges
                0x00000108       0x28 CMakeFiles/demo_SPI_SD_Card.elf.dir/Core/Src/system_stm32l4xx.c.obj
 .debug_aranges
                0x00000130       0x30 CMakeFiles/demo_SPI_SD_Card.elf.dir/Core/Src/usart.c.obj
 .debug_aranges
                0x00000160       0x28 CMakeFiles/demo_SPI_SD_Card.elf.dir/Core/Startup/startup_stm32l476rgtx.s.obj
 .debug_aranges
                0x00000188       0xf0 CMakeFiles/demo_SPI_SD_Card.elf.dir/Drivers/LCD_240_280/Src/lcd.c.obj
 .debug_aranges
                0x00000278       0x88 CMakeFiles/demo_SPI_SD_Card.elf.dir/Drivers/LCD_240_280/Src/lcd_interface.c.obj
 .debug_aranges
                0x00000300      0x130 CMakeFiles/demo_SPI_SD_Card.elf.dir/Drivers/STM32L4xx_HAL_Driver/Src/stm32l4xx_hal.c.obj
 .debug_aranges
                0x00000430       0xa8 CMakeFiles/demo_SPI_SD_Card.elf.dir/Drivers/STM32L4xx_HAL_Driver/Src/stm32l4xx_hal_cortex.c.obj
 .debug_aranges
                0x000004d8       0x58 CMakeFiles/demo_SPI_SD_Card.elf.dir/Drivers/STM32L4xx_HAL_Driver/Src/stm32l4xx_hal_gpio.c.obj
 .debug_aranges
                0x00000530      0x160 CMakeFiles/demo_SPI_SD_Card.elf.dir/Drivers/STM32L4xx_HAL_Driver/Src/stm32l4xx_hal_pwr_ex.c.obj
 .debug_aranges
                0x00000690       0x90 CMakeFiles/demo_SPI_SD_Card.elf.dir/Drivers/STM32L4xx_HAL_Driver/Src/stm32l4xx_hal_rcc.c.obj
 .debug_aranges
                0x00000720       0xc0 CMakeFiles/demo_SPI_SD_Card.elf.dir/Drivers/STM32L4xx_HAL_Driver/Src/stm32l4xx_hal_rcc_ex.c.obj
 .debug_aranges
                0x000007e0      0x1d8 CMakeFiles/demo_SPI_SD_Card.elf.dir/Drivers/STM32L4xx_HAL_Driver/Src/stm32l4xx_hal_spi.c.obj
 .debug_aranges
                0x000009b8      0x228 CMakeFiles/demo_SPI_SD_Card.elf.dir/Drivers/STM32L4xx_HAL_Driver/Src/stm32l4xx_hal_uart.c.obj

.debug_ranges   0x00000000      0xb70
 .debug_ranges  0x00000000       0x10 CMakeFiles/demo_SPI_SD_Card.elf.dir/Core/Src/gpio.c.obj
 .debug_ranges  0x00000010       0x20 CMakeFiles/demo_SPI_SD_Card.elf.dir/Core/Src/main.c.obj
 .debug_ranges  0x00000030       0x28 CMakeFiles/demo_SPI_SD_Card.elf.dir/Core/Src/spi.c.obj
 .debug_ranges  0x00000058       0x10 CMakeFiles/demo_SPI_SD_Card.elf.dir/Core/Src/stm32l4xx_hal_msp.c.obj
 .debug_ranges  0x00000068       0x50 CMakeFiles/demo_SPI_SD_Card.elf.dir/Core/Src/stm32l4xx_it.c.obj
 .debug_ranges  0x000000b8       0x18 CMakeFiles/demo_SPI_SD_Card.elf.dir/Core/Src/system_stm32l4xx.c.obj
 .debug_ranges  0x000000d0       0x20 CMakeFiles/demo_SPI_SD_Card.elf.dir/Core/Src/usart.c.obj
 .debug_ranges  0x000000f0       0x20 CMakeFiles/demo_SPI_SD_Card.elf.dir/Core/Startup/startup_stm32l476rgtx.s.obj
 .debug_ranges  0x00000110       0xe0 CMakeFiles/demo_SPI_SD_Card.elf.dir/Drivers/LCD_240_280/Src/lcd.c.obj
 .debug_ranges  0x000001f0       0x78 CMakeFiles/demo_SPI_SD_Card.elf.dir/Drivers/LCD_240_280/Src/lcd_interface.c.obj
 .debug_ranges  0x00000268      0x120 CMakeFiles/demo_SPI_SD_Card.elf.dir/Drivers/STM32L4xx_HAL_Driver/Src/stm32l4xx_hal.c.obj
 .debug_ranges  0x00000388       0xf8 CMakeFiles/demo_SPI_SD_Card.elf.dir/Drivers/STM32L4xx_HAL_Driver/Src/stm32l4xx_hal_cortex.c.obj
 .debug_ranges  0x00000480       0x48 CMakeFiles/demo_SPI_SD_Card.elf.dir/Drivers/STM32L4xx_HAL_Driver/Src/stm32l4xx_hal_gpio.c.obj
 .debug_ranges  0x000004c8      0x150 CMakeFiles/demo_SPI_SD_Card.elf.dir/Drivers/STM32L4xx_HAL_Driver/Src/stm32l4xx_hal_pwr_ex.c.obj
 .debug_ranges  0x00000618       0x98 CMakeFiles/demo_SPI_SD_Card.elf.dir/Drivers/STM32L4xx_HAL_Driver/Src/stm32l4xx_hal_rcc.c.obj
 .debug_ranges  0x000006b0       0xc8 CMakeFiles/demo_SPI_SD_Card.elf.dir/Drivers/STM32L4xx_HAL_Driver/Src/stm32l4xx_hal_rcc_ex.c.obj
 .debug_ranges  0x00000778      0x1c8 CMakeFiles/demo_SPI_SD_Card.elf.dir/Drivers/STM32L4xx_HAL_Driver/Src/stm32l4xx_hal_spi.c.obj
 .debug_ranges  0x00000940      0x230 CMakeFiles/demo_SPI_SD_Card.elf.dir/Drivers/STM32L4xx_HAL_Driver/Src/stm32l4xx_hal_uart.c.obj

.debug_line     0x00000000     0xf2c0
 .debug_line    0x00000000      0x253 CMakeFiles/demo_SPI_SD_Card.elf.dir/Core/Src/gpio.c.obj
 .debug_line    0x00000253      0x435 CMakeFiles/demo_SPI_SD_Card.elf.dir/Core/Src/main.c.obj
 .debug_line    0x00000688      0x4be CMakeFiles/demo_SPI_SD_Card.elf.dir/Core/Src/spi.c.obj
 .debug_line    0x00000b46      0x1c5 CMakeFiles/demo_SPI_SD_Card.elf.dir/Core/Src/stm32l4xx_hal_msp.c.obj
 .debug_line    0x00000d0b      0x1f1 CMakeFiles/demo_SPI_SD_Card.elf.dir/Core/Src/stm32l4xx_it.c.obj
 .debug_line    0x00000efc      0x339 CMakeFiles/demo_SPI_SD_Card.elf.dir/Core/Src/system_stm32l4xx.c.obj
 .debug_line    0x00001235      0x40a CMakeFiles/demo_SPI_SD_Card.elf.dir/Core/Src/usart.c.obj
 .debug_line    0x0000163f       0xc2 CMakeFiles/demo_SPI_SD_Card.elf.dir/Core/Startup/startup_stm32l476rgtx.s.obj
 .debug_line    0x00001701     0x1089 CMakeFiles/demo_SPI_SD_Card.elf.dir/Drivers/LCD_240_280/Src/lcd.c.obj
 .debug_line    0x0000278a      0x5e0 CMakeFiles/demo_SPI_SD_Card.elf.dir/Drivers/LCD_240_280/Src/lcd_interface.c.obj
 .debug_line    0x00002d6a      0x777 CMakeFiles/demo_SPI_SD_Card.elf.dir/Drivers/STM32L4xx_HAL_Driver/Src/stm32l4xx_hal.c.obj
 .debug_line    0x000034e1      0x851 CMakeFiles/demo_SPI_SD_Card.elf.dir/Drivers/STM32L4xx_HAL_Driver/Src/stm32l4xx_hal_cortex.c.obj
 .debug_line    0x00003d32      0x76d CMakeFiles/demo_SPI_SD_Card.elf.dir/Drivers/STM32L4xx_HAL_Driver/Src/stm32l4xx_hal_gpio.c.obj
 .debug_line    0x0000449f      0xbba CMakeFiles/demo_SPI_SD_Card.elf.dir/Drivers/STM32L4xx_HAL_Driver/Src/stm32l4xx_hal_pwr_ex.c.obj
 .debug_line    0x00005059      0xf97 CMakeFiles/demo_SPI_SD_Card.elf.dir/Drivers/STM32L4xx_HAL_Driver/Src/stm32l4xx_hal_rcc.c.obj
 .debug_line    0x00005ff0     0x15ca CMakeFiles/demo_SPI_SD_Card.elf.dir/Drivers/STM32L4xx_HAL_Driver/Src/stm32l4xx_hal_rcc_ex.c.obj
 .debug_line    0x000075ba     0x2a6a CMakeFiles/demo_SPI_SD_Card.elf.dir/Drivers/STM32L4xx_HAL_Driver/Src/stm32l4xx_hal_spi.c.obj
 .debug_line    0x0000a024     0x529c CMakeFiles/demo_SPI_SD_Card.elf.dir/Drivers/STM32L4xx_HAL_Driver/Src/stm32l4xx_hal_uart.c.obj

.debug_str      0x00000000     0x401b
 .debug_str     0x00000000      0x3b8 CMakeFiles/demo_SPI_SD_Card.elf.dir/Core/Src/gpio.c.obj
                                0x408 (size before relaxing)
 .debug_str     0x000003b8      0x296 CMakeFiles/demo_SPI_SD_Card.elf.dir/Core/Src/main.c.obj
                                0x479 (size before relaxing)
 .debug_str     0x0000064e      0x41e CMakeFiles/demo_SPI_SD_Card.elf.dir/Core/Src/spi.c.obj
                                0x872 (size before relaxing)
 .debug_str     0x00000a6c       0x66 CMakeFiles/demo_SPI_SD_Card.elf.dir/Core/Src/stm32l4xx_hal_msp.c.obj
                                0x380 (size before relaxing)
 .debug_str     0x00000ad2       0xf1 CMakeFiles/demo_SPI_SD_Card.elf.dir/Core/Src/stm32l4xx_it.c.obj
                                0x2a7 (size before relaxing)
 .debug_str     0x00000bc3      0x12c CMakeFiles/demo_SPI_SD_Card.elf.dir/Core/Src/system_stm32l4xx.c.obj
                                0x451 (size before relaxing)
 .debug_str     0x00000cef      0x4e3 CMakeFiles/demo_SPI_SD_Card.elf.dir/Core/Src/usart.c.obj
                                0xb73 (size before relaxing)
 .debug_str     0x000011d2       0x70 CMakeFiles/demo_SPI_SD_Card.elf.dir/Core/Startup/startup_stm32l476rgtx.s.obj
                                 0xbf (size before relaxing)
 .debug_str     0x00001242      0x42b CMakeFiles/demo_SPI_SD_Card.elf.dir/Drivers/LCD_240_280/Src/lcd.c.obj
                                0x653 (size before relaxing)
 .debug_str     0x0000166d      0x106 CMakeFiles/demo_SPI_SD_Card.elf.dir/Drivers/LCD_240_280/Src/lcd_interface.c.obj
                                0x9d2 (size before relaxing)
 .debug_str     0x00001773      0xa1f CMakeFiles/demo_SPI_SD_Card.elf.dir/Drivers/STM32L4xx_HAL_Driver/Src/stm32l4xx_hal.c.obj
                                0xdd2 (size before relaxing)
 .debug_str     0x00002192      0x488 CMakeFiles/demo_SPI_SD_Card.elf.dir/Drivers/STM32L4xx_HAL_Driver/Src/stm32l4xx_hal_cortex.c.obj
                                0xc98 (size before relaxing)
 .debug_str     0x0000261a      0x159 CMakeFiles/demo_SPI_SD_Card.elf.dir/Drivers/STM32L4xx_HAL_Driver/Src/stm32l4xx_hal_gpio.c.obj
                                0x5b8 (size before relaxing)
 .debug_str     0x00002773      0x5af CMakeFiles/demo_SPI_SD_Card.elf.dir/Drivers/STM32L4xx_HAL_Driver/Src/stm32l4xx_hal_pwr_ex.c.obj
                                0x8c7 (size before relaxing)
 .debug_str     0x00002d22      0x210 CMakeFiles/demo_SPI_SD_Card.elf.dir/Drivers/STM32L4xx_HAL_Driver/Src/stm32l4xx_hal_rcc.c.obj
                                0x914 (size before relaxing)
 .debug_str     0x00002f32      0x331 CMakeFiles/demo_SPI_SD_Card.elf.dir/Drivers/STM32L4xx_HAL_Driver/Src/stm32l4xx_hal_rcc_ex.c.obj
                                0xb33 (size before relaxing)
 .debug_str     0x00003263      0x5d7 CMakeFiles/demo_SPI_SD_Card.elf.dir/Drivers/STM32L4xx_HAL_Driver/Src/stm32l4xx_hal_spi.c.obj
                                0xc59 (size before relaxing)
 .debug_str     0x0000383a      0x7e1 CMakeFiles/demo_SPI_SD_Card.elf.dir/Drivers/STM32L4xx_HAL_Driver/Src/stm32l4xx_hal_uart.c.obj
                               0x108c (size before relaxing)

.comment        0x00000000       0x49
 .comment       0x00000000       0x49 CMakeFiles/demo_SPI_SD_Card.elf.dir/Core/Src/gpio.c.obj
                                 0x4a (size before relaxing)
 .comment       0x00000049       0x4a CMakeFiles/demo_SPI_SD_Card.elf.dir/Core/Src/main.c.obj
 .comment       0x00000049       0x4a CMakeFiles/demo_SPI_SD_Card.elf.dir/Core/Src/spi.c.obj
 .comment       0x00000049       0x4a CMakeFiles/demo_SPI_SD_Card.elf.dir/Core/Src/stm32l4xx_hal_msp.c.obj
 .comment       0x00000049       0x4a CMakeFiles/demo_SPI_SD_Card.elf.dir/Core/Src/stm32l4xx_it.c.obj
 .comment       0x00000049       0x4a CMakeFiles/demo_SPI_SD_Card.elf.dir/Core/Src/system_stm32l4xx.c.obj
 .comment       0x00000049       0x4a CMakeFiles/demo_SPI_SD_Card.elf.dir/Core/Src/usart.c.obj
 .comment       0x00000049       0x4a CMakeFiles/demo_SPI_SD_Card.elf.dir/Drivers/LCD_240_280/Src/lcd.c.obj
 .comment       0x00000049       0x4a CMakeFiles/demo_SPI_SD_Card.elf.dir/Drivers/LCD_240_280/Src/lcd_interface.c.obj
 .comment       0x00000049       0x4a CMakeFiles/demo_SPI_SD_Card.elf.dir/Drivers/STM32L4xx_HAL_Driver/Src/stm32l4xx_hal.c.obj
 .comment       0x00000049       0x4a CMakeFiles/demo_SPI_SD_Card.elf.dir/Drivers/STM32L4xx_HAL_Driver/Src/stm32l4xx_hal_cortex.c.obj
 .comment       0x00000049       0x4a CMakeFiles/demo_SPI_SD_Card.elf.dir/Drivers/STM32L4xx_HAL_Driver/Src/stm32l4xx_hal_gpio.c.obj
 .comment       0x00000049       0x4a CMakeFiles/demo_SPI_SD_Card.elf.dir/Drivers/STM32L4xx_HAL_Driver/Src/stm32l4xx_hal_pwr_ex.c.obj
 .comment       0x00000049       0x4a CMakeFiles/demo_SPI_SD_Card.elf.dir/Drivers/STM32L4xx_HAL_Driver/Src/stm32l4xx_hal_rcc.c.obj
 .comment       0x00000049       0x4a CMakeFiles/demo_SPI_SD_Card.elf.dir/Drivers/STM32L4xx_HAL_Driver/Src/stm32l4xx_hal_rcc_ex.c.obj
 .comment       0x00000049       0x4a CMakeFiles/demo_SPI_SD_Card.elf.dir/Drivers/STM32L4xx_HAL_Driver/Src/stm32l4xx_hal_spi.c.obj
 .comment       0x00000049       0x4a CMakeFiles/demo_SPI_SD_Card.elf.dir/Drivers/STM32L4xx_HAL_Driver/Src/stm32l4xx_hal_uart.c.obj

.debug_frame    0x00000000     0x20fc
 .debug_frame   0x00000000       0x2c CMakeFiles/demo_SPI_SD_Card.elf.dir/Core/Src/gpio.c.obj
 .debug_frame   0x0000002c       0x58 CMakeFiles/demo_SPI_SD_Card.elf.dir/Core/Src/main.c.obj
 .debug_frame   0x00000084       0x78 CMakeFiles/demo_SPI_SD_Card.elf.dir/Core/Src/spi.c.obj
 .debug_frame   0x000000fc       0x28 CMakeFiles/demo_SPI_SD_Card.elf.dir/Core/Src/stm32l4xx_hal_msp.c.obj
 .debug_frame   0x00000124       0xa8 CMakeFiles/demo_SPI_SD_Card.elf.dir/Core/Src/stm32l4xx_it.c.obj
 .debug_frame   0x000001cc       0x30 CMakeFiles/demo_SPI_SD_Card.elf.dir/Core/Src/system_stm32l4xx.c.obj
 .debug_frame   0x000001fc       0x64 CMakeFiles/demo_SPI_SD_Card.elf.dir/Core/Src/usart.c.obj
 .debug_frame   0x00000260      0x3f0 CMakeFiles/demo_SPI_SD_Card.elf.dir/Drivers/LCD_240_280/Src/lcd.c.obj
 .debug_frame   0x00000650      0x178 CMakeFiles/demo_SPI_SD_Card.elf.dir/Drivers/LCD_240_280/Src/lcd_interface.c.obj
 .debug_frame   0x000007c8      0x274 CMakeFiles/demo_SPI_SD_Card.elf.dir/Drivers/STM32L4xx_HAL_Driver/Src/stm32l4xx_hal.c.obj
 .debug_frame   0x00000a3c      0x148 CMakeFiles/demo_SPI_SD_Card.elf.dir/Drivers/STM32L4xx_HAL_Driver/Src/stm32l4xx_hal_cortex.c.obj
 .debug_frame   0x00000b84       0xd0 CMakeFiles/demo_SPI_SD_Card.elf.dir/Drivers/STM32L4xx_HAL_Driver/Src/stm32l4xx_hal_gpio.c.obj
 .debug_frame   0x00000c54      0x2b8 CMakeFiles/demo_SPI_SD_Card.elf.dir/Drivers/STM32L4xx_HAL_Driver/Src/stm32l4xx_hal_pwr_ex.c.obj
 .debug_frame   0x00000f0c      0x19c CMakeFiles/demo_SPI_SD_Card.elf.dir/Drivers/STM32L4xx_HAL_Driver/Src/stm32l4xx_hal_rcc.c.obj
 .debug_frame   0x000010a8      0x204 CMakeFiles/demo_SPI_SD_Card.elf.dir/Drivers/STM32L4xx_HAL_Driver/Src/stm32l4xx_hal_rcc_ex.c.obj
 .debug_frame   0x000012ac      0x5f8 CMakeFiles/demo_SPI_SD_Card.elf.dir/Drivers/STM32L4xx_HAL_Driver/Src/stm32l4xx_hal_spi.c.obj
 .debug_frame   0x000018a4      0x600 CMakeFiles/demo_SPI_SD_Card.elf.dir/Drivers/STM32L4xx_HAL_Driver/Src/stm32l4xx_hal_uart.c.obj
 .debug_frame   0x00001ea4       0x2c c:/progra~1/gcc-arm-none-eabi-10.3-2021.10/bin/../lib/gcc/arm-none-eabi/10.3.1/thumb/v7e-m+fp/hard\libgcc.a(_aeabi_uldivmod.o)
 .debug_frame   0x00001ed0       0x34 c:/progra~1/gcc-arm-none-eabi-10.3-2021.10/bin/../lib/gcc/arm-none-eabi/10.3.1/thumb/v7e-m+fp/hard\libgcc.a(_udivmoddi4.o)
 .debug_frame   0x00001f04       0x2c c:/progra~1/gcc-arm-none-eabi-10.3-2021.10/bin/../lib/gcc/arm-none-eabi/10.3.1/../../../../arm-none-eabi/lib/thumb/v7e-m+fp/hard\libc.a(lib_a-init.o)
 .debug_frame   0x00001f30       0x2c c:/progra~1/gcc-arm-none-eabi-10.3-2021.10/bin/../lib/gcc/arm-none-eabi/10.3.1/../../../../arm-none-eabi/lib/thumb/v7e-m+fp/hard\libc.a(lib_a-memset.o)
 .debug_frame   0x00001f5c       0x68 c:/progra~1/gcc-arm-none-eabi-10.3-2021.10/bin/../lib/gcc/arm-none-eabi/10.3.1/../../../../arm-none-eabi/lib/thumb/v7e-m+fp/hard\libc.a(lib_a-__call_atexit.o)
 .debug_frame   0x00001fc4       0x20 c:/progra~1/gcc-arm-none-eabi-10.3-2021.10/bin/../lib/gcc/arm-none-eabi/10.3.1/../../../../arm-none-eabi/lib/thumb/v7e-m+fp/hard\libc.a(lib_a-atexit.o)
 .debug_frame   0x00001fe4       0x34 c:/progra~1/gcc-arm-none-eabi-10.3-2021.10/bin/../lib/gcc/arm-none-eabi/10.3.1/../../../../arm-none-eabi/lib/thumb/v7e-m+fp/hard\libc.a(lib_a-fini.o)
 .debug_frame   0x00002018       0xb0 c:/progra~1/gcc-arm-none-eabi-10.3-2021.10/bin/../lib/gcc/arm-none-eabi/10.3.1/../../../../arm-none-eabi/lib/thumb/v7e-m+fp/hard\libc.a(lib_a-lock.o)
 .debug_frame   0x000020c8       0x34 c:/progra~1/gcc-arm-none-eabi-10.3-2021.10/bin/../lib/gcc/arm-none-eabi/10.3.1/../../../../arm-none-eabi/lib/thumb/v7e-m+fp/hard\libc.a(lib_a-__atexit.o)

.debug_loc      0x00000000     0xc9c1
 .debug_loc     0x00000000       0xbe CMakeFiles/demo_SPI_SD_Card.elf.dir/Core/Src/spi.c.obj
 .debug_loc     0x000000be      0x127 CMakeFiles/demo_SPI_SD_Card.elf.dir/Core/Src/system_stm32l4xx.c.obj
 .debug_loc     0x000001e5       0x64 CMakeFiles/demo_SPI_SD_Card.elf.dir/Core/Src/usart.c.obj
 .debug_loc     0x00000249     0x1d65 CMakeFiles/demo_SPI_SD_Card.elf.dir/Drivers/LCD_240_280/Src/lcd.c.obj
 .debug_loc     0x00001fae      0x12f CMakeFiles/demo_SPI_SD_Card.elf.dir/Drivers/LCD_240_280/Src/lcd_interface.c.obj
 .debug_loc     0x000020dd      0x1ef CMakeFiles/demo_SPI_SD_Card.elf.dir/Drivers/STM32L4xx_HAL_Driver/Src/stm32l4xx_hal.c.obj
 .debug_loc     0x000022cc      0x744 CMakeFiles/demo_SPI_SD_Card.elf.dir/Drivers/STM32L4xx_HAL_Driver/Src/stm32l4xx_hal_cortex.c.obj
 .debug_loc     0x00002a10      0x3da CMakeFiles/demo_SPI_SD_Card.elf.dir/Drivers/STM32L4xx_HAL_Driver/Src/stm32l4xx_hal_gpio.c.obj
 .debug_loc     0x00002dea      0xb06 CMakeFiles/demo_SPI_SD_Card.elf.dir/Drivers/STM32L4xx_HAL_Driver/Src/stm32l4xx_hal_pwr_ex.c.obj
 .debug_loc     0x000038f0      0x81c CMakeFiles/demo_SPI_SD_Card.elf.dir/Drivers/STM32L4xx_HAL_Driver/Src/stm32l4xx_hal_rcc.c.obj
 .debug_loc     0x0000410c     0x1af9 CMakeFiles/demo_SPI_SD_Card.elf.dir/Drivers/STM32L4xx_HAL_Driver/Src/stm32l4xx_hal_rcc_ex.c.obj
 .debug_loc     0x00005c05     0x21e4 CMakeFiles/demo_SPI_SD_Card.elf.dir/Drivers/STM32L4xx_HAL_Driver/Src/stm32l4xx_hal_spi.c.obj
 .debug_loc     0x00007de9     0x4bd8 CMakeFiles/demo_SPI_SD_Card.elf.dir/Drivers/STM32L4xx_HAL_Driver/Src/stm32l4xx_hal_uart.c.obj
